BL51 BANKED LINKER/LOCATER V6.22                                                        12/22/2020  20:45:53  PAGE 1


BL51 BANKED LINKER/LOCATER V6.22, INVOKED BY:
F:\KEIL\C51\BIN\BL51.EXE .\Objects\STARTUP.obj, .\Objects\main.obj TO .\Objects\Pro PRINT (.\Listings\Pro.m51) RAMSIZE (
>> 256) CODE (0X0000-0X7FFF) XDATA (0X0000-0X00FF)


MEMORY MODEL: SMALL


INPUT MODULES INCLUDED:
  .\Objects\STARTUP.obj (?C_STARTUP)
  .\Objects\main.obj (MAIN)
  F:\KEIL\C51\LIB\C51S.LIB (?C_INIT)
  F:\KEIL\C51\LIB\C51S.LIB (?C?UIDIV)
  F:\KEIL\C51\LIB\C51S.LIB (?C?SIDIV)
  F:\KEIL\C51\LIB\C51S.LIB (?C?SLCMP)
  F:\KEIL\C51\LIB\C51S.LIB (?C?ULCMP)
  F:\KEIL\C51\LIB\C51S.LIB (?C?CCASE)


LINK MAP OF MODULE:  .\Objects\Pro (?C_STARTUP)


            TYPE    BASE      LENGTH    RELOCATION   SEGMENT NAME
            -----------------------------------------------------

            * * * * * * *   D A T A   M E M O R Y   * * * * * * *
            REG     0000H     0008H     ABSOLUTE     "REG BANK 0"
            DATA    0008H     0038H     UNIT         ?DT?MAIN
            DATA    0040H     0006H     UNIT         _DATA_GROUP_
            IDATA   0046H     0001H     UNIT         ?STACK

            * * * * * * *  X D A T A   M E M O R Y  * * * * * * *
            XDATA   0000H     0043H     UNIT         ?XD?MAIN
                    0043H     FE3DH                  *** GAP ***
            XDATA   FE80H     0001H     ABSOLUTE     
                    FE81H     0004H                  *** GAP ***
            XDATA   FE85H     0001H     ABSOLUTE     
                    FE86H     0002H                  *** GAP ***
            XDATA   FE88H     0001H     ABSOLUTE     
            XDATA   FE89H     0001H     ABSOLUTE     
            XDATA   FE8AH     0001H     ABSOLUTE     
                    FE8BH     0006H                  *** GAP ***
            XDATA   FE91H     0001H     ABSOLUTE     
            XDATA   FE92H     0001H     ABSOLUTE     
            XDATA   FE93H     0001H     ABSOLUTE     
            XDATA   FE94H     0001H     ABSOLUTE     
            XDATA   FE95H     0001H     ABSOLUTE     
                    FE96H     0005H                  *** GAP ***
            XDATA   FE9BH     0001H     ABSOLUTE     
                    FE9CH     0004H                  *** GAP ***
            XDATA   FEA0H     0001H     ABSOLUTE     
                    FEA1H     0001H                  *** GAP ***
            XDATA   FEA2H     0001H     ABSOLUTE     
                    FEA3H     0001H                  *** GAP ***
            XDATA   FEA4H     0001H     ABSOLUTE     
            XDATA   FEA5H     0001H     ABSOLUTE     
                    FEA6H     0001H                  *** GAP ***
            XDATA   FEA7H     0001H     ABSOLUTE     
BL51 BANKED LINKER/LOCATER V6.22                                                      12/22/2020  20:45:53  PAGE 2


                    FEA8H     0002H                  *** GAP ***
            XDATA   FEAAH     0001H     ABSOLUTE     
                    FEABH     0005H                  *** GAP ***
            XDATA   FEB0H     0001H     ABSOLUTE     
            XDATA   FEB1H     0001H     ABSOLUTE     
            XDATA   FEB2H     0001H     ABSOLUTE     
            XDATA   FEB3H     0001H     ABSOLUTE     
            XDATA   FEB4H     0001H     ABSOLUTE     
                    FEB5H     0003H                  *** GAP ***
            XDATA   FEB8H     0001H     ABSOLUTE     
            XDATA   FEB9H     0001H     ABSOLUTE     
            XDATA   FEBAH     0001H     ABSOLUTE     
                    FEBBH     0001H                  *** GAP ***
            XDATA   FEBCH     0001H     ABSOLUTE     
            XDATA   FEBDH     0001H     ABSOLUTE     
            XDATA   FEBEH     0001H     ABSOLUTE     
                    FEBFH     0001H                  *** GAP ***
            XDATA   FEC0H     0001H     ABSOLUTE     
                    FEC1H     000FH                  *** GAP ***
            XDATA   FED0H     0001H     ABSOLUTE     
            XDATA   FED1H     0001H     ABSOLUTE     
            XDATA   FED2H     0001H     ABSOLUTE     
            XDATA   FED3H     0001H     ABSOLUTE     
                    FED4H     000CH                  *** GAP ***
            XDATA   FEE0H     0002H     ABSOLUTE     
            XDATA   FEE2H     0002H     ABSOLUTE     
            XDATA   FEE4H     0002H     ABSOLUTE     
            XDATA   FEE6H     0002H     ABSOLUTE     
            XDATA   FEE8H     0002H     ABSOLUTE     
            XDATA   FEEAH     0002H     ABSOLUTE     
            XDATA   FEECH     0002H     ABSOLUTE     
            XDATA   FEEEH     0002H     ABSOLUTE     
                    FEF0H     0010H                  *** GAP ***
            XDATA   FF00H     0001H     ABSOLUTE     
            XDATA   FF01H     0001H     ABSOLUTE     
            XDATA   FF02H     0001H     ABSOLUTE     
            XDATA   FF03H     0001H     ABSOLUTE     
            XDATA   FF04H     0001H     ABSOLUTE     
            XDATA   FF05H     0001H     ABSOLUTE     
            XDATA   FF06H     0001H     ABSOLUTE     
            XDATA   FF07H     0001H     ABSOLUTE     
            XDATA   FF08H     0001H     ABSOLUTE     
            XDATA   FF09H     0001H     ABSOLUTE     
            XDATA   FF0AH     0001H     ABSOLUTE     
            XDATA   FF0BH     0001H     ABSOLUTE     
            XDATA   FF0CH     0001H     ABSOLUTE     
            XDATA   FF0DH     0001H     ABSOLUTE     
            XDATA   FF0EH     0001H     ABSOLUTE     
            XDATA   FF0FH     0001H     ABSOLUTE     
            XDATA   FF10H     0001H     ABSOLUTE     
            XDATA   FF11H     0001H     ABSOLUTE     
            XDATA   FF12H     0001H     ABSOLUTE     
            XDATA   FF13H     0001H     ABSOLUTE     
            XDATA   FF14H     0001H     ABSOLUTE     
            XDATA   FF15H     0001H     ABSOLUTE     
            XDATA   FF16H     0001H     ABSOLUTE     
            XDATA   FF17H     0001H     ABSOLUTE     
BL51 BANKED LINKER/LOCATER V6.22                                                      12/22/2020  20:45:53  PAGE 3


            XDATA   FF18H     0001H     ABSOLUTE     
            XDATA   FF19H     0001H     ABSOLUTE     
            XDATA   FF1AH     0001H     ABSOLUTE     
            XDATA   FF1BH     0001H     ABSOLUTE     
            XDATA   FF1CH     0001H     ABSOLUTE     
            XDATA   FF1DH     0001H     ABSOLUTE     
                    FF1EH     0022H                  *** GAP ***
            XDATA   FF40H     0001H     ABSOLUTE     
            XDATA   FF41H     0001H     ABSOLUTE     
            XDATA   FF42H     0001H     ABSOLUTE     
                    FF43H     001DH                  *** GAP ***
            XDATA   FF60H     0001H     ABSOLUTE     
            XDATA   FF61H     0001H     ABSOLUTE     
            XDATA   FF62H     0001H     ABSOLUTE     
            XDATA   FF63H     0001H     ABSOLUTE     
                    FF64H     0004H                  *** GAP ***
            XDATA   FF68H     0001H     ABSOLUTE     
            XDATA   FF69H     0001H     ABSOLUTE     
            XDATA   FF6AH     0001H     ABSOLUTE     
            XDATA   FF6BH     0001H     ABSOLUTE     
                    FF6CH     0014H                  *** GAP ***
            XDATA   FF80H     0001H     ABSOLUTE     
            XDATA   FF81H     0001H     ABSOLUTE     
                    FF82H     0001H                  *** GAP ***
            XDATA   FF83H     0001H     ABSOLUTE     
            XDATA   FF84H     0001H     ABSOLUTE     
            XDATA   FF85H     0001H     ABSOLUTE     
                    FF86H     0009H                  *** GAP ***
            XDATA   FF8FH     0001H     ABSOLUTE     
            XDATA   FF90H     0001H     ABSOLUTE     
            XDATA   FF91H     0001H     ABSOLUTE     
                    FF92H     0002H                  *** GAP ***
            XDATA   FF94H     0001H     ABSOLUTE     
            XDATA   FF95H     0001H     ABSOLUTE     
                    FF96H     0002H                  *** GAP ***
            XDATA   FF98H     0001H     ABSOLUTE     
            XDATA   FF99H     0001H     ABSOLUTE     
                    FF9AH     0002H                  *** GAP ***
            XDATA   FF9CH     0001H     ABSOLUTE     
                    FF9DH     0003H                  *** GAP ***
            XDATA   FFA0H     0001H     ABSOLUTE     
            XDATA   FFA1H     0001H     ABSOLUTE     
            XDATA   FFA2H     0001H     ABSOLUTE     
            XDATA   FFA3H     0001H     ABSOLUTE     
            XDATA   FFA4H     0001H     ABSOLUTE     
            XDATA   FFA5H     0001H     ABSOLUTE     
            XDATA   FFA6H     0001H     ABSOLUTE     
            XDATA   FFA7H     0001H     ABSOLUTE     
            XDATA   FFA8H     0001H     ABSOLUTE     
            XDATA   FFA9H     0001H     ABSOLUTE     

            * * * * * * *   C O D E   M E M O R Y   * * * * * * *
            CODE    0000H     0003H     ABSOLUTE     
            CODE    0003H     0001H     UNIT         ?PR?UART1_RPT?MAIN
                    0004H     0007H                  *** GAP ***
            CODE    000BH     0003H     ABSOLUTE     
            CODE    000EH     0014H     UNIT         ?PR?INIT_TIMER0?MAIN
BL51 BANKED LINKER/LOCATER V6.22                                                      12/22/2020  20:45:53  PAGE 4


                    0022H     0001H                  *** GAP ***
            CODE    0023H     0003H     ABSOLUTE     
            CODE    0026H     06CDH     UNIT         ?PR?KEY_OPERATE?MAIN
            CODE    06F3H     02E1H     UNIT         ?PR?KEY_JIAN?MAIN
            CODE    09D4H     02D5H     UNIT         ?PR?DISPLAY?MAIN
            CODE    0CA9H     0244H     UNIT         ?PR?SHOW_SHU_MA_GUAN_WORKING?MAIN
            CODE    0EEDH     0221H     UNIT         ?PR?KEY_PLUS?MAIN
            CODE    110EH     0190H     UNIT         ?CO?MAIN
            CODE    129EH     0148H     UNIT         ?PR?SHOW_SHU_MA_GUAN_SETING?MAIN
            CODE    13E6H     0123H     UNIT         ?PR?XIAO_PENG_REN_SHI_JIAN?MAIN
            CODE    1509H     0109H     UNIT         ?C_INITSEG
            CODE    1612H     0102H     UNIT         ?PR?KEY_SCAN?MAIN
            CODE    1714H     00DAH     UNIT         ?PR?SHOW_LED?MAIN
            CODE    17EEH     00D8H     UNIT         ?C?LIB_CODE
            CODE    18C6H     00D3H     UNIT         ?PR?GET_TEMP?MAIN
            CODE    1999H     00CBH     UNIT         ?PR?_BUZZER?MAIN
            CODE    1A64H     00A8H     UNIT         ?PR?TIMER0_RPT?MAIN
            CODE    1B0CH     008CH     UNIT         ?C_C51STARTUP
            CODE    1B98H     0089H     UNIT         ?PR?MAIN?MAIN
            CODE    1C21H     006BH     UNIT         ?PR?INIT_DISPLAY?MAIN
            CODE    1C8CH     006BH     UNIT         ?PR?SHOW_NONE?MAIN
            CODE    1CF7H     006AH     UNIT         ?PR?SHOW_STOP?MAIN
            CODE    1D61H     0069H     UNIT         ?PR?SHOW_ALL?MAIN
            CODE    1DCAH     002DH     UNIT         ?PR?SHOW_CHANG_DUAN?MAIN
            CODE    1DF7H     0026H     UNIT         ?PR?CHECK_YA_LI_KAI_GUAN?MAIN
            CODE    1E1DH     001BH     UNIT         ?PR?_DELAY_MS?MAIN
            CODE    1E38H     001AH     UNIT         ?PR?INIT_NTC_ADC?MAIN
            CODE    1E52H     0019H     UNIT         ?PR?INIT_UART1?MAIN
            CODE    1E6BH     0016H     UNIT         ?PR?_DELAY_50US?MAIN
            CODE    1E81H     0016H     UNIT         ?PR?GET_NTC_ADC?MAIN
            CODE    1E97H     000BH     UNIT         ?PR?_DELAY_1US?MAIN
            CODE    1EA2H     000BH     UNIT         ?PR?_PUTCHAR?MAIN
            CODE    1EADH     0009H     UNIT         ?PR?SHOW_SETING?MAIN



OVERLAY MAP OF MODULE:   .\Objects\Pro (?C_STARTUP)


SEGMENT                                     DATA_GROUP 
  +--> CALLED SEGMENT                     START    LENGTH
---------------------------------------------------------
?C_C51STARTUP                             -----    -----
  +--> ?PR?MAIN?MAIN
  +--> ?C_INITSEG

?PR?MAIN?MAIN                             0040H    0002H
  +--> ?PR?INIT_NTC_ADC?MAIN
  +--> ?PR?INIT_TIMER0?MAIN
  +--> ?PR?INIT_DISPLAY?MAIN
  +--> ?PR?SHOW_ALL?MAIN
  +--> ?PR?_BUZZER?MAIN
  +--> ?PR?_DELAY_MS?MAIN
  +--> ?PR?DISPLAY?MAIN
  +--> ?PR?KEY_SCAN?MAIN
  +--> ?PR?KEY_OPERATE?MAIN
  +--> ?PR?CHECK_YA_LI_KAI_GUAN?MAIN
BL51 BANKED LINKER/LOCATER V6.22                                                      12/22/2020  20:45:53  PAGE 5


  +--> ?PR?GET_TEMP?MAIN

?PR?INIT_NTC_ADC?MAIN                     -----    -----
  +--> ?PR?_DELAY_50US?MAIN

?PR?_DELAY_MS?MAIN                        -----    -----
  +--> ?PR?_DELAY_50US?MAIN

?PR?DISPLAY?MAIN                          -----    -----
  +--> ?PR?INIT_DISPLAY?MAIN

?PR?KEY_SCAN?MAIN                         -----    -----
  +--> ?PR?_DELAY_1US?MAIN

?PR?_DELAY_1US?MAIN                       0042H    0002H

?PR?KEY_OPERATE?MAIN                      -----    -----
  +--> ?PR?KEY_PLUS?MAIN
  +--> ?PR?KEY_JIAN?MAIN
  +--> ?PR?_BUZZER?MAIN
  +--> ?PR?XIAO_PENG_REN_SHI_JIAN?MAIN
  +--> ?PR?SHOW_SETING?MAIN
  +--> ?PR?SHOW_NONE?MAIN
  +--> ?PR?SHOW_SHU_MA_GUAN_WORKING?MAIN
  +--> ?PR?SHOW_LED?MAIN
  +--> ?PR?SHOW_STOP?MAIN

?PR?SHOW_SETING?MAIN                      -----    -----
  +--> ?PR?SHOW_NONE?MAIN
  +--> ?PR?SHOW_SHU_MA_GUAN_SETING?MAIN
  +--> ?PR?SHOW_LED?MAIN

?PR?SHOW_LED?MAIN                         -----    -----
  +--> ?PR?SHOW_CHANG_DUAN?MAIN

?PR?SHOW_STOP?MAIN                        -----    -----
  +--> ?PR?SHOW_NONE?MAIN

?PR?CHECK_YA_LI_KAI_GUAN?MAIN             -----    -----
  +--> ?PR?_BUZZER?MAIN

?PR?GET_TEMP?MAIN                         0042H    0004H
  +--> ?PR?GET_NTC_ADC?MAIN
  +--> ?CO?MAIN
  +--> ?PR?_BUZZER?MAIN

?PR?GET_NTC_ADC?MAIN                      -----    -----
  +--> ?PR?_DELAY_MS?MAIN



SYMBOL TABLE OF MODULE:  .\Objects\Pro (?C_STARTUP)

  VALUE           TYPE          NAME
  ----------------------------------

  -------         MODULE        ?C_STARTUP
BL51 BANKED LINKER/LOCATER V6.22                                                      12/22/2020  20:45:53  PAGE 6


  C:1B0CH         SEGMENT       ?C_C51STARTUP
  I:0046H         SEGMENT       ?STACK
  C:0000H         PUBLIC        ?C_STARTUP
  D:00E0H         SYMBOL        ACC
  D:00F0H         SYMBOL        B
  D:0083H         SYMBOL        DPH
  D:0082H         SYMBOL        DPL
  N:0000H         SYMBOL        IBPSTACK
  N:0100H         SYMBOL        IBPSTACKTOP
  N:0080H         SYMBOL        IDATALEN
  C:1B0FH         SYMBOL        IDATALOOP
  N:0000H         SYMBOL        PBPSTACK
  N:0100H         SYMBOL        PBPSTACKTOP
  N:0000H         SYMBOL        PDATALEN
  N:0000H         SYMBOL        PDATASTART
  N:0000H         SYMBOL        PPAGE
  N:0000H         SYMBOL        PPAGEENABLE
  D:00A0H         SYMBOL        PPAGE_SFR
  D:0081H         SYMBOL        SP
  C:1B0CH         SYMBOL        STARTUP1
  N:0000H         SYMBOL        XBPSTACK
  N:0000H         SYMBOL        XBPSTACKTOP
  N:0000H         SYMBOL        XDATALEN
  N:0000H         SYMBOL        XDATASTART
  C:0000H         LINE#         126
  C:1B0CH         LINE#         133
  C:1B0EH         LINE#         134
  C:1B0FH         LINE#         135
  C:1B10H         LINE#         136
  C:1B12H         LINE#         185
  C:1B15H         LINE#         196
  -------         ENDMOD        ?C_STARTUP

  -------         MODULE        MAIN
  C:0000H         SYMBOL        _ICE_DUMMY_
  X:FF08H         PUBLIC        P1M0
  X:FF01H         PUBLIC        P0M1
  X:0000H         PUBLIC        g_shi_jian_liang_dian
  X:FF10H         PUBLIC        P2M0
  X:FF09H         PUBLIC        P1M1
  X:FF02H         PUBLIC        P0M2
  D:0080H         PUBLIC        P0
  X:FF18H         PUBLIC        P3M0
  X:FF11H         PUBLIC        P2M1
  X:FF0AH         PUBLIC        P1M2
  X:FF03H         PUBLIC        P0M3
  D:0090H         PUBLIC        P1
  D:001BH         PUBLIC        g_peng_ren_wen_du
  X:FF19H         PUBLIC        P3M1
  X:FF12H         PUBLIC        P2M2
  X:FF0BH         PUBLIC        P1M3
  X:FF04H         PUBLIC        P0M4
  D:00A0H         PUBLIC        P2
  X:FF1AH         PUBLIC        P3M2
  X:FF13H         PUBLIC        P2M3
  X:FF0CH         PUBLIC        P1M4
  X:FF05H         PUBLIC        P0M5
BL51 BANKED LINKER/LOCATER V6.22                                                      12/22/2020  20:45:53  PAGE 7


  D:00B0H         PUBLIC        P3
  X:FF1BH         PUBLIC        P3M3
  X:FF14H         PUBLIC        P2M4
  X:FF0DH         PUBLIC        P1M5
  X:FF06H         PUBLIC        P0M6
  X:FF1CH         PUBLIC        P3M4
  X:FF15H         PUBLIC        P2M5
  X:FF0EH         PUBLIC        P1M6
  X:FF07H         PUBLIC        P0M7
  X:FF1DH         PUBLIC        P3M5
  X:FF16H         PUBLIC        P2M6
  X:FF0FH         PUBLIC        P1M7
  B:00A8H.7       PUBLIC        EA
  C:0003H         PUBLIC        UART1_Rpt
  C:1E52H         PUBLIC        init_uart1
  X:0001H         PUBLIC        g_jian_kang_zheng_led
  X:FF17H         PUBLIC        P2M7
  X:FEC0H         PUBLIC        SCANCON
  X:FEBDH         PUBLIC        TRMEN
  D:001CH         PUBLIC        g_yu_yue_ing
  X:FE94H         PUBLIC        XTALCFG
  D:001DH         PUBLIC        g_kid_lock
  D:00A8H         PUBLIC        IE
  D:001EH         PUBLIC        g_err_code
  X:0002H         PUBLIC        g_key_code
  B:0080H.0       PUBLIC        P0_0
  B:0090H.0       PUBLIC        P1_0
  B:0080H.1       PUBLIC        P0_1
  C:1C21H         PUBLIC        init_display
  X:0003H         PUBLIC        g_zha_liang_led
  X:0004H         PUBLIC        g_lao_huo_man_dun_led
  B:00A0H.0       PUBLIC        P2_0
  B:0090H.1       PUBLIC        P1_1
  B:0080H.2       PUBLIC        P0_2
  C:13E6H         PUBLIC        xiao_peng_ren_shi_jian
  B:00A0H.1       PUBLIC        P2_1
  B:0080H.3       PUBLIC        P0_3
  D:00F8H         PUBLIC        RSTFR
  B:00A0H.2       PUBLIC        P2_2
  B:0090H.3       PUBLIC        P1_3
  B:0080H.4       PUBLIC        P0_4
  D:001FH         PUBLIC        g_work_mode
  B:0090H.4       PUBLIC        P1_4
  B:0080H.5       PUBLIC        P0_5
  X:FF91H         PUBLIC        PWM01_MAP
  B:00A0H.4       PUBLIC        P2_4
  B:0080H.6       PUBLIC        P0_6
  D:0020H         PUBLIC        g_yu_yue_shi_jian
  X:FF95H         PUBLIC        PWM11_MAP
  B:00B0H.4       PUBLIC        P3_4
  B:0090H.6       PUBLIC        P1_6
  B:0080H.7       PUBLIC        P0_7
  C:1DF7H         PUBLIC        check_ya_li_kai_guan
  X:0005H         PUBLIC        g_jian_cao_led
  X:FFA3H         PUBLIC        SDA_MAP
  X:FF99H         PUBLIC        PWM21_MAP
  B:00A0H.6       PUBLIC        P2_6
BL51 BANKED LINKER/LOCATER V6.22                                                      12/22/2020  20:45:53  PAGE 8


  B:0090H.7       PUBLIC        P1_7
  X:FEE0H         PUBLIC        SCR0
  X:FE89H         PUBLIC        S2CON2
  B:00A0H.7       PUBLIC        P2_7
  C:0CA9H         PUBLIC        show_shu_ma_guan_working
  X:FEE2H         PUBLIC        SCR1
  X:FEE4H         PUBLIC        SCR2
  D:00B6H         PUBLIC        ADCR
  X:FEE6H         PUBLIC        SCR3
  X:FEA2H         PUBLIC        CRCC
  X:FE85H         PUBLIC        T5CON1
  X:FEE8H         PUBLIC        SCR4
  X:FEEAH         PUBLIC        SCR5
  D:0022H         PUBLIC        g_work_start
  X:FEECH         PUBLIC        SCR6
  C:0026H         PUBLIC        key_operate
  X:FEEEH         PUBLIC        SCR7
  C:1E6BH         PUBLIC        _Delay_50us
  X:0006H         PUBLIC        g_feng_pei_led
  X:FFA5H         PUBLIC        SCK_MAP
  C:129EH         PUBLIC        show_shu_ma_guan_seting
  D:0023H         PUBLIC        g_operate_counter
  X:FFA2H         PUBLIC        SCL_MAP
  C:1999H         PUBLIC        _buzzer
  D:0025H         PUBLIC        g_peng_ren_shi_chang
  C:1B98H         PUBLIC        main
  D:0027H         PUBLIC        g_dai_P
  X:FEA4H         PUBLIC        BORC
  X:0007H         PUBLIC        g_L_led
  X:0008H         PUBLIC        g_dan_gao_led
  X:0009H         PUBLIC        g_fa_jiao_led
  X:000AH         PUBLIC        g_P_led
  X:FFA1H         PUBLIC        RXD_MAP
  X:FEA5H         PUBLIC        BORDBC
  X:FFA0H         PUBLIC        TXD_MAP
  X:FEA7H         PUBLIC        LVDDBC
  D:0099H         PUBLIC        SBUF
  C:1EADH         PUBLIC        show_seting
  X:FEB8H         PUBLIC        PINTE0
  C:1DCAH         PUBLIC        show_chang_duan
  C:1E1DH         PUBLIC        _Delay_ms
  D:0028H         PUBLIC        g_working_counter
  X:FEB9H         PUBLIC        PINTE1
  X:000BH         PUBLIC        g_dun_tang_led
  X:FEBCH         PUBLIC        P2INTE
  X:FEBAH         PUBLIC        PINTE2
  D:0098H         PUBLIC        SCON
  D:0089H         PUBLIC        TMOD
  D:0088H         PUBLIC        TCON
  D:002AH         PUBLIC        g_peng_ren_chang_duan_shi_jian
  X:000CH         PUBLIC        g_suan_nao_led
  X:FE95H         PUBLIC        SPOV_RSTEN
  D:002BH         PUBLIC        g_peng_ren_over
  D:002CH         PUBLIC        g_seting_wen_du
  D:00B4H         PUBLIC        ADCC0
  D:00B5H         PUBLIC        ADCC1
  X:000DH         PUBLIC        g_bao_wen_led
BL51 BANKED LINKER/LOCATER V6.22                                                      12/22/2020  20:45:53  PAGE 9


  X:FE9BH         PUBLIC        ADCC2
  D:002DH         PUBLIC        g_fun_index1
  X:FE91H         PUBLIC        CLKDIV
  D:00B8H         PUBLIC        IE1
  D:002EH         PUBLIC        g_fun_index2
  D:00D8H         PUBLIC        IE2
  X:000EH         PUBLIC        g_yan_mai_led
  X:000FH         PUBLIC        g_default_time
  X:FF80H         PUBLIC        T0_MAP
  X:0035H         PUBLIC        g_dou_lei_led
  X:FF81H         PUBLIC        T1_MAP
  X:FEAAH         PUBLIC        RSTDBC
  X:FF83H         PUBLIC        T3_MAP
  X:0036H         PUBLIC        g_ji_dan_led
  X:FF84H         PUBLIC        T4_MAP
  X:FF85H         PUBLIC        T5_MAP
  X:FEA0H         PUBLIC        WDTCCR
  X:FEBEH         PUBLIC        TRMV
  C:1A64H         PUBLIC        TIMER0_Rpt
  X:0037H         PUBLIC        g_mi_fan_led
  X:0038H         PUBLIC        g_xiao_du_led
  D:008CH         PUBLIC        TH0
  C:06FCH         PUBLIC        key_jian
  D:00CEH         PUBLIC        TH4
  D:008AH         PUBLIC        TL0
  C:1612H         PUBLIC        key_scan
  X:FED0H         PUBLIC        SCCH0
  X:FED1H         PUBLIC        SCCH1
  D:002FH         PUBLIC        g_hoting
  X:FED2H         PUBLIC        SCCH2
  X:FE93H         PUBLIC        CLKOUT
  D:00CDH         PUBLIC        TL4
  X:FED3H         PUBLIC        SCCH3
  C:1C8CH         PUBLIC        show_none
  X:0039H         PUBLIC        g_shu_ma_guan
  D:008EH         PUBLIC        CLKSWR
  C:1714H         PUBLIC        show_led
  C:18C6H         PUBLIC        get_temp
  D:0030H         PUBLIC        g_xiao_peng_ren_shi_jian
  C:1D61H         PUBLIC        show_all
  D:0031H         PUBLIC        g_P_bao_ya_counter_start
  X:003DH         PUBLIC        g_dun_rou_led
  X:FFA9H         PUBLIC        RXD2_MAP
  X:FFA8H         PUBLIC        TXD2_MAP
  C:110EH         PUBLIC        Temp_Table
  X:FE8AH         PUBLIC        S2BUF
  X:FF90H         PUBLIC        PWM0_MAP
  D:0032H         PUBLIC        g_dai_no_P
  X:FFA4H         PUBLIC        SS_MAP
  X:FF94H         PUBLIC        PWM1_MAP
  X:FF98H         PUBLIC        PWM2_MAP
  X:FE88H         PUBLIC        S2CON
  X:FE80H         PUBLIC        TCON1
  D:009EH         PUBLIC        SCON2
  C:1E38H         PUBLIC        init_ntc_adc
  X:FF9CH         PUBLIC        PWM3_MAP
  D:0033H         PUBLIC        g_currnet_temp
BL51 BANKED LINKER/LOCATER V6.22                                                      12/22/2020  20:45:53  PAGE 10


  X:FF8FH         PUBLIC        CLKO_MAP
  D:00CCH         PUBLIC        T4CON
  X:FE92H         PUBLIC        FREQ_CLK
  C:000EH         PUBLIC        init_timer0
  D:00DDH         PUBLIC        PWM3C
  C:1CF7H         PUBLIC        show_stop
  C:1E97H         PUBLIC        _Delay_1us
  D:00DFH         PUBLIC        PWM3D
  X:003EH         PUBLIC        g_chang_duan_led
  X:0041H         PUBLIC        g_ji_ya_led
  C:0EF6H         PUBLIC        key_plus
  X:FEB0H         PUBLIC        PITS0
  C:1E87H         PUBLIC        get_ntc_adc
  D:0035H         PUBLIC        g_work_counter
  X:FEB1H         PUBLIC        PITS1
  X:FEB2H         PUBLIC        PITS2
  X:FF6BH         PUBLIC        SEGP0EN
  X:FF63H         PUBLIC        COMP0EN
  X:FEB3H         PUBLIC        PITS3
  D:0037H         PUBLIC        g_stop_counter
  X:FF6AH         PUBLIC        SEGP1EN
  X:FF62H         PUBLIC        COMP1EN
  X:FEB4H         PUBLIC        PITS4
  X:FF69H         PUBLIC        SEGP2EN
  X:FF61H         PUBLIC        COMP2EN
  D:003BH         PUBLIC        g_RLY_work_time
  X:FF68H         PUBLIC        SEGP3EN
  X:FF60H         PUBLIC        COMP3EN
  X:FFA7H         PUBLIC        MISO_MAP
  X:FFA6H         PUBLIC        MOSI_MAP
  D:00DEH         PUBLIC        PWM3P
  C:09D4H         PUBLIC        display
  X:FF40H         PUBLIC        P00DBC
  D:00D0H         PUBLIC        PSW
  C:1EA2H         PUBLIC        _putchar
  X:0042H         PUBLIC        g_din_wen_peng_ren_led
  X:FF41H         PUBLIC        P01DBC
  X:FF42H         PUBLIC        P02DBC
  D:003FH         PUBLIC        g_ya_li_kai_guan
  X:FF00H         PUBLIC        P0M0
  -------         PROC          _DELAY_1US
  D:0042H         SYMBOL        n
  -------         DO            
  D:0007H         SYMBOL        i
  -------         ENDDO         
  C:1E97H         LINE#         178
  C:1E9BH         LINE#         179
  C:1E9BH         LINE#         182
  C:1EA1H         LINE#         184
  -------         ENDPROC       _DELAY_1US
  -------         PROC          _DELAY_50US
  D:0006H         SYMBOL        n
  -------         DO            
  D:0005H         SYMBOL        i
  -------         ENDDO         
  C:1E6BH         LINE#         185
  C:1E6BH         LINE#         186
BL51 BANKED LINKER/LOCATER V6.22                                                      12/22/2020  20:45:53  PAGE 11


  C:1E6BH         LINE#         188
  C:1E75H         LINE#         189
  C:1E75H         LINE#         190
  C:1E80H         LINE#         191
  C:1E80H         LINE#         192
  -------         ENDPROC       _DELAY_50US
  -------         PROC          _DELAY_MS
  D:0082H         SYMBOL        delay_nms
  C:1E1DH         LINE#         193
  C:1E21H         LINE#         194
  C:1E21H         LINE#         195
  C:1E2EH         LINE#         196
  C:1E2EH         LINE#         197
  C:1E35H         LINE#         198
  C:1E37H         LINE#         199
  -------         ENDPROC       _DELAY_MS
  -------         PROC          INIT_UART1
  C:1E52H         LINE#         200
  C:1E52H         LINE#         201
  C:1E52H         LINE#         202
  C:1E58H         LINE#         203
  C:1E5EH         LINE#         204
  C:1E61H         LINE#         206
  C:1E64H         LINE#         207
  C:1E67H         LINE#         208
  C:1E6AH         LINE#         209
  -------         ENDPROC       INIT_UART1
  -------         PROC          _PUTCHAR
  D:0007H         SYMBOL        c
  C:1EA2H         LINE#         210
  C:1EA2H         LINE#         211
  C:1EA2H         LINE#         212
  C:1EA4H         LINE#         213
  C:1EA9H         LINE#         214
  C:1EACH         LINE#         215
  -------         ENDPROC       _PUTCHAR
  -------         PROC          INIT_TIMER0
  C:000EH         LINE#         217
  C:000EH         LINE#         218
  C:000EH         LINE#         220
  C:0013H         LINE#         221
  C:0015H         LINE#         223
  C:0018H         LINE#         224
  C:001BH         LINE#         225
  C:001EH         LINE#         226
  C:0021H         LINE#         227
  -------         ENDPROC       INIT_TIMER0
  -------         PROC          _BUZZER
  D:0007H         SYMBOL        type
  -------         DO            
  D:000AH         SYMBOL        inited
  D:000BH         SYMBOL        t0
  -------         DO            
  D:0008H         SYMBOL        rr
  D:0009H         SYMBOL        rr
  -------         ENDDO         
  -------         DO            
BL51 BANKED LINKER/LOCATER V6.22                                                      12/22/2020  20:45:53  PAGE 12


  D:0009H         SYMBOL        rr
  -------         ENDDO         
  -------         ENDDO         
  C:1999H         LINE#         229
  C:1999H         LINE#         230
  C:1999H         LINE#         233
  C:199DH         LINE#         234
  C:199DH         LINE#         235
  C:19A0H         LINE#         236
  C:19A6H         LINE#         237
  C:19ACH         LINE#         238
  C:19AFH         LINE#         239
  C:19B2H         LINE#         240
  C:19B2H         LINE#         242
  C:19B5H         LINE#         243
  C:19B5H         LINE#         244
  C:19B8H         LINE#         245
  C:19BEH         LINE#         246
  C:19C0H         LINE#         247
  C:19C3H         LINE#         248
  C:19C3H         LINE#         249
  C:19C6H         LINE#         250
  C:19CCH         LINE#         251
  C:19CEH         LINE#         252
  C:19D1H         LINE#         253
  C:19D1H         LINE#         254
  C:19D4H         LINE#         255
  C:19DAH         LINE#         256
  C:19DCH         LINE#         257
  C:19DFH         LINE#         258
  C:19DFH         LINE#         259
  C:19E2H         LINE#         260
  C:19E8H         LINE#         261
  C:19EAH         LINE#         262
  C:19EDH         LINE#         263
  C:19EDH         LINE#         264
  C:19F0H         LINE#         265
  C:19F6H         LINE#         266
  C:19F6H         LINE#         267
  C:1A03H         LINE#         268
  C:1A03H         LINE#         269
  C:1A0BH         LINE#         270
  C:1A0FH         LINE#         271
  C:1A0FH         LINE#         272
  C:1A1EH         LINE#         273
  C:1A1EH         LINE#         275
  C:1A22H         LINE#         276
  C:1A22H         LINE#         277
  C:1A25H         LINE#         278
  C:1A28H         LINE#         279
  C:1A2AH         LINE#         281
  C:1A2AH         LINE#         282
  C:1A2DH         LINE#         283
  C:1A30H         LINE#         284
  C:1A30H         LINE#         286
  C:1A30H         LINE#         287
  C:1A30H         LINE#         288
BL51 BANKED LINKER/LOCATER V6.22                                                      12/22/2020  20:45:53  PAGE 13


  C:1A3AH         LINE#         289
  C:1A3AH         LINE#         290
  C:1A48H         LINE#         291
  C:1A48H         LINE#         293
  C:1A4CH         LINE#         294
  C:1A4CH         LINE#         295
  C:1A4FH         LINE#         296
  C:1A52H         LINE#         297
  C:1A54H         LINE#         299
  C:1A54H         LINE#         300
  C:1A57H         LINE#         301
  C:1A5AH         LINE#         302
  C:1A5AH         LINE#         304
  C:1A5AH         LINE#         305
  C:1A5AH         LINE#         306
  C:1A60H         LINE#         307
  C:1A60H         LINE#         308
  C:1A63H         LINE#         309
  C:1A63H         LINE#         311
  C:1A63H         LINE#         314
  -------         ENDPROC       _BUZZER
  -------         PROC          INIT_NTC_ADC
  C:1E38H         LINE#         328
  C:1E38H         LINE#         329
  C:1E38H         LINE#         331
  C:1E3EH         LINE#         332
  C:1E41H         LINE#         333
  C:1E48H         LINE#         334
  C:1E4BH         LINE#         335
  C:1E51H         LINE#         336
  -------         ENDPROC       INIT_NTC_ADC
  C:1E82H         SYMBOL        L?0718
  -------         PROC          L?0717
  -------         ENDPROC       L?0717
  C:1E82H         SYMBOL        L?0718
  -------         PROC          GET_NTC_ADC
  C:1E87H         LINE#         337
  C:1E87H         LINE#         338
  C:1E87H         LINE#         339
  C:1E8AH         LINE#         340
  C:1E8FH         LINE#         341
  C:1E92H         LINE#         342
  C:1E96H         LINE#         343
  -------         ENDPROC       GET_NTC_ADC
  -------         PROC          GET_TEMP
  -------         DO            
  D:0042H         SYMBOL        n
  D:0044H         SYMBOL        ntc_adc
  -------         ENDDO         
  C:18C6H         LINE#         346
  C:18C6H         LINE#         347
  C:18C6H         LINE#         348
  C:18CBH         LINE#         349
  C:18D2H         LINE#         351
  C:18D7H         LINE#         352
  C:18D7H         LINE#         353
  C:18F6H         LINE#         354
BL51 BANKED LINKER/LOCATER V6.22                                                      12/22/2020  20:45:53  PAGE 14


  C:18F6H         LINE#         355
  C:18F6H         LINE#         356
  C:18F6H         LINE#         357
  C:1904H         LINE#         359
  C:191AH         LINE#         360
  C:191AH         LINE#         361
  C:192EH         LINE#         362
  C:192EH         LINE#         363
  C:1930H         LINE#         364
  C:1937H         LINE#         365
  C:1937H         LINE#         366
  C:193AH         LINE#         367
  C:193AH         LINE#         368
  C:193AH         LINE#         369
  C:193AH         LINE#         371
  C:193CH         LINE#         372
  C:1956H         LINE#         373
  C:1956H         LINE#         374
  C:1956H         LINE#         375
  C:1962H         LINE#         376
  C:1962H         LINE#         377
  C:1965H         LINE#         378
  C:1965H         LINE#         379
  C:1965H         LINE#         380
  C:1967H         LINE#         381
  C:1981H         LINE#         382
  C:1981H         LINE#         383
  C:1981H         LINE#         384
  C:198DH         LINE#         385
  C:198DH         LINE#         387
  C:1992H         LINE#         388
  C:1992H         LINE#         389
  C:1992H         LINE#         390
  C:1998H         LINE#         392
  -------         ENDPROC       GET_TEMP
  -------         PROC          CHECK_YA_LI_KAI_GUAN
  C:1DF7H         LINE#         393
  C:1DF7H         LINE#         394
  C:1DF7H         LINE#         395
  C:1E14H         LINE#         396
  C:1E14H         LINE#         397
  C:1E17H         LINE#         398
  C:1E1CH         LINE#         399
  C:1E1CH         LINE#         400
  -------         ENDPROC       CHECK_YA_LI_KAI_GUAN
  -------         PROC          INIT_DISPLAY
  C:1C21H         LINE#         402
  C:1C21H         LINE#         403
  C:1C21H         LINE#         405
  C:1C27H         LINE#         406
  C:1C2BH         LINE#         407
  C:1C2FH         LINE#         409
  C:1C33H         LINE#         410
  C:1C37H         LINE#         411
  C:1C3BH         LINE#         412
  C:1C3FH         LINE#         415
  C:1C45H         LINE#         416
BL51 BANKED LINKER/LOCATER V6.22                                                      12/22/2020  20:45:53  PAGE 15


  C:1C49H         LINE#         417
  C:1C4DH         LINE#         418
  C:1C51H         LINE#         419
  C:1C55H         LINE#         420
  C:1C59H         LINE#         421
  C:1C5DH         LINE#         422
  C:1C61H         LINE#         423
  C:1C65H         LINE#         424
  C:1C69H         LINE#         427
  C:1C71H         LINE#         428
  C:1C77H         LINE#         430
  C:1C85H         LINE#         431
  C:1C8BH         LINE#         433
  -------         ENDPROC       INIT_DISPLAY
  -------         PROC          DISPLAY
  -------         DO            
  D:000DH         SYMBOL        index
  -------         ENDDO         
  C:09D4H         LINE#         434
  C:09D4H         LINE#         435
  C:09D4H         LINE#         437
  C:09D7H         LINE#         439
  C:09DFH         LINE#         440
  C:09E5H         LINE#         442
  C:09F3H         LINE#         443
  C:09F9H         LINE#         444
  C:0A05H         LINE#         445
  C:0A05H         LINE#         446
  C:0A6FH         LINE#         447
  C:0A6FH         LINE#         449
  C:0A6FH         LINE#         452
  C:0A6FH         LINE#         453
  C:0A6FH         LINE#         454
  C:0A72H         LINE#         455
  C:0A72H         LINE#         456
  C:0A7CH         LINE#         457
  C:0A7EH         LINE#         458
  C:0A7EH         LINE#         459
  C:0A88H         LINE#         460
  C:0A8AH         LINE#         461
  C:0A8AH         LINE#         462
  C:0A92H         LINE#         463
  C:0A94H         LINE#         464
  C:0A94H         LINE#         465
  C:0A9CH         LINE#         466
  C:0A9EH         LINE#         467
  C:0A9EH         LINE#         468
  C:0AA0H         LINE#         469
  C:0AA2H         LINE#         470
  C:0AA2H         LINE#         471
  C:0AA2H         LINE#         472
  C:0AA4H         LINE#         473
  C:0AA4H         LINE#         474
  C:0AA8H         LINE#         475
  C:0AAAH         LINE#         476
  C:0AAAH         LINE#         477
  C:0AB4H         LINE#         478
BL51 BANKED LINKER/LOCATER V6.22                                                      12/22/2020  20:45:53  PAGE 16


  C:0AB6H         LINE#         479
  C:0AB6H         LINE#         480
  C:0AC0H         LINE#         481
  C:0AC2H         LINE#         482
  C:0AC2H         LINE#         483
  C:0AD0H         LINE#         484
  C:0AD3H         LINE#         485
  C:0AD3H         LINE#         486
  C:0ADDH         LINE#         487
  C:0ADFH         LINE#         488
  C:0ADFH         LINE#         489
  C:0AE5H         LINE#         490
  C:0AE7H         LINE#         491
  C:0AE7H         LINE#         492
  C:0AF5H         LINE#         493
  C:0AF8H         LINE#         494
  C:0AF8H         LINE#         495
  C:0AFCH         LINE#         496
  C:0AFEH         LINE#         497
  C:0AFEH         LINE#         498
  C:0B02H         LINE#         499
  C:0B04H         LINE#         500
  C:0B04H         LINE#         501
  C:0B0AH         LINE#         502
  C:0B0CH         LINE#         503
  C:0B0CH         LINE#         504
  C:0B16H         LINE#         505
  C:0B18H         LINE#         506
  C:0B18H         LINE#         507
  C:0B22H         LINE#         508
  C:0B24H         LINE#         509
  C:0B24H         LINE#         510
  C:0B2EH         LINE#         511
  C:0B30H         LINE#         512
  C:0B30H         LINE#         513
  C:0B3AH         LINE#         514
  C:0B3CH         LINE#         515
  C:0B3CH         LINE#         516
  C:0B46H         LINE#         517
  C:0B48H         LINE#         518
  C:0B48H         LINE#         519
  C:0B52H         LINE#         520
  C:0B54H         LINE#         521
  C:0B54H         LINE#         522
  C:0B5EH         LINE#         523
  C:0B60H         LINE#         524
  C:0B60H         LINE#         525
  C:0B6AH         LINE#         526
  C:0B6AH         LINE#         527
  C:0B6EH         LINE#         529
  C:0B70H         LINE#         530
  C:0B70H         LINE#         531
  C:0B7EH         LINE#         532
  C:0B7EH         LINE#         534
  C:0B7EH         LINE#         537
  C:0B7EH         LINE#         538
  C:0B82H         LINE#         539
BL51 BANKED LINKER/LOCATER V6.22                                                      12/22/2020  20:45:53  PAGE 17


  C:0B82H         LINE#         540
  C:0B84H         LINE#         541
  C:0B87H         LINE#         542
  C:0B8CH         LINE#         543
  C:0B8CH         LINE#         544
  C:0B8EH         LINE#         545
  C:0B96H         LINE#         546
  C:0B99H         LINE#         547
  C:0B9EH         LINE#         548
  C:0B9EH         LINE#         549
  C:0BA0H         LINE#         550
  C:0BA3H         LINE#         551
  C:0BA8H         LINE#         552
  C:0BA8H         LINE#         553
  C:0BAAH         LINE#         554
  C:0BADH         LINE#         555
  C:0BB3H         LINE#         556
  C:0BB3H         LINE#         557
  C:0BDCH         LINE#         558
  C:0C01H         LINE#         560
  C:0C03H         LINE#         561
  C:0C06H         LINE#         562
  C:0C0CH         LINE#         563
  C:0C0CH         LINE#         564
  C:0C32H         LINE#         565
  C:0C54H         LINE#         567
  C:0C56H         LINE#         568
  C:0C58H         LINE#         569
  C:0C5EH         LINE#         570
  C:0C5EH         LINE#         571
  C:0C86H         LINE#         572
  C:0C9CH         LINE#         573
  C:0C9EH         LINE#         574
  C:0C9EH         LINE#         576
  C:0C9EH         LINE#         578
  C:0C9EH         LINE#         580
  C:0CA0H         LINE#         581
  C:0CA5H         LINE#         582
  C:0CA5H         LINE#         583
  C:0CA8H         LINE#         584
  C:0CA8H         LINE#         586
  -------         ENDPROC       DISPLAY
  -------         PROC          SHOW_SHU_MA_GUAN_SETING
  C:129EH         LINE#         588
  C:129EH         LINE#         589
  C:129EH         LINE#         590
  C:12A5H         LINE#         591
  C:12A5H         LINE#         592
  C:12AEH         LINE#         593
  C:12AEH         LINE#         594
  C:12B2H         LINE#         595
  C:12B2H         LINE#         596
  C:12C2H         LINE#         597
  C:12DDH         LINE#         598
  C:12F8H         LINE#         599
  C:1306H         LINE#         600
  C:130CH         LINE#         601
BL51 BANKED LINKER/LOCATER V6.22                                                      12/22/2020  20:45:53  PAGE 18


  C:130EH         LINE#         603
  C:130EH         LINE#         604
  C:1314H         LINE#         605
  C:1318H         LINE#         606
  C:1333H         LINE#         607
  C:1341H         LINE#         608
  C:1346H         LINE#         609
  C:1346H         LINE#         611
  C:135AH         LINE#         612
  C:135AH         LINE#         613
  C:136AH         LINE#         614
  C:1385H         LINE#         615
  C:13A0H         LINE#         616
  C:13AEH         LINE#         617
  C:13B4H         LINE#         618
  C:13B4H         LINE#         620
  C:13B5H         LINE#         621
  C:13B5H         LINE#         623
  C:13BBH         LINE#         624
  C:13BDH         LINE#         625
  C:13C1H         LINE#         626
  C:13C3H         LINE#         627
  C:13C3H         LINE#         628
  C:13C4H         LINE#         630
  C:13C4H         LINE#         631
  C:13CAH         LINE#         632
  C:13D2H         LINE#         633
  C:13DCH         LINE#         634
  C:13E0H         LINE#         635
  C:13E5H         LINE#         637
  C:13E5H         LINE#         640
  -------         ENDPROC       SHOW_SHU_MA_GUAN_SETING
  -------         PROC          SHOW_SHU_MA_GUAN_WORKING
  -------         DO            
  D:000EH         SYMBOL        t1
  -------         ENDDO         
  C:0CA9H         LINE#         641
  C:0CA9H         LINE#         642
  C:0CA9H         LINE#         644
  C:0CB2H         LINE#         645
  C:0CB2H         LINE#         646
  C:0CC4H         LINE#         647
  C:0CC4H         LINE#         648
  C:0CD4H         LINE#         649
  C:0CEFH         LINE#         650
  C:0D0AH         LINE#         651
  C:0D18H         LINE#         652
  C:0D23H         LINE#         653
  C:0D23H         LINE#         654
  C:0D33H         LINE#         655
  C:0D4EH         LINE#         656
  C:0D69H         LINE#         657
  C:0D77H         LINE#         659
  C:0D77H         LINE#         661
  C:0D7FH         LINE#         662
  C:0D7FH         LINE#         663
  C:0D84H         LINE#         664
BL51 BANKED LINKER/LOCATER V6.22                                                      12/22/2020  20:45:53  PAGE 19


  C:0D86H         LINE#         665
  C:0D8EH         LINE#         666
  C:0D8EH         LINE#         667
  C:0D92H         LINE#         668
  C:0D94H         LINE#         669
  C:0DA1H         LINE#         670
  C:0DA1H         LINE#         671
  C:0DA6H         LINE#         672
  C:0DA6H         LINE#         673
  C:0DAEH         LINE#         675
  C:0DBEH         LINE#         676
  C:0DBEH         LINE#         677
  C:0DC3H         LINE#         678
  C:0DC3H         LINE#         680
  C:0DC4H         LINE#         682
  C:0DC4H         LINE#         684
  C:0DE1H         LINE#         685
  C:0DEFH         LINE#         686
  C:0DF8H         LINE#         687
  C:0DF8H         LINE#         688
  C:0DFCH         LINE#         689
  C:0E04H         LINE#         690
  C:0E04H         LINE#         691
  C:0E0AH         LINE#         692
  C:0E0EH         LINE#         693
  C:0E10H         LINE#         694
  C:0E18H         LINE#         695
  C:0E18H         LINE#         696
  C:0E1EH         LINE#         697
  C:0E22H         LINE#         698
  C:0E24H         LINE#         699
  C:0E2EH         LINE#         700
  C:0E2EH         LINE#         701
  C:0E34H         LINE#         702
  C:0E38H         LINE#         703
  C:0E3AH         LINE#         704
  C:0E44H         LINE#         705
  C:0E44H         LINE#         706
  C:0E4AH         LINE#         707
  C:0E4EH         LINE#         708
  C:0E50H         LINE#         709
  C:0E5AH         LINE#         710
  C:0E5AH         LINE#         711
  C:0E60H         LINE#         712
  C:0E64H         LINE#         713
  C:0E66H         LINE#         714
  C:0E70H         LINE#         715
  C:0E70H         LINE#         716
  C:0E76H         LINE#         717
  C:0E7AH         LINE#         718
  C:0E7CH         LINE#         719
  C:0E89H         LINE#         720
  C:0E89H         LINE#         721
  C:0E8EH         LINE#         722
  C:0E8EH         LINE#         724
  C:0E96H         LINE#         725
  C:0E97H         LINE#         727
BL51 BANKED LINKER/LOCATER V6.22                                                      12/22/2020  20:45:53  PAGE 20


  C:0E97H         LINE#         728
  C:0E9DH         LINE#         729
  C:0EA1H         LINE#         730
  C:0EA9H         LINE#         731
  C:0EA9H         LINE#         732
  C:0EAEH         LINE#         733
  C:0EB0H         LINE#         734
  C:0EB8H         LINE#         735
  C:0EB8H         LINE#         736
  C:0EBCH         LINE#         737
  C:0EBEH         LINE#         738
  C:0ECBH         LINE#         739
  C:0ECBH         LINE#         740
  C:0ED0H         LINE#         741
  C:0ED0H         LINE#         742
  C:0ED8H         LINE#         743
  C:0ED8H         LINE#         744
  C:0ED8H         LINE#         746
  C:0ED9H         LINE#         747
  C:0ED9H         LINE#         749
  C:0EDFH         LINE#         750
  C:0EE1H         LINE#         751
  C:0EE5H         LINE#         752
  C:0EE7H         LINE#         753
  C:0EECH         LINE#         754
  C:0EECH         LINE#         756
  -------         ENDPROC       SHOW_SHU_MA_GUAN_WORKING
  -------         PROC          SHOW_NONE
  C:1C8CH         LINE#         758
  C:1C8CH         LINE#         759
  C:1C8CH         LINE#         760
  C:1C91H         LINE#         761
  C:1C95H         LINE#         762
  C:1C99H         LINE#         763
  C:1C9DH         LINE#         764
  C:1CA1H         LINE#         765
  C:1CA5H         LINE#         766
  C:1CA9H         LINE#         767
  C:1CADH         LINE#         768
  C:1CB1H         LINE#         769
  C:1CB5H         LINE#         770
  C:1CB9H         LINE#         771
  C:1CBDH         LINE#         772
  C:1CC1H         LINE#         773
  C:1CC5H         LINE#         774
  C:1CC9H         LINE#         775
  C:1CCDH         LINE#         776
  C:1CD1H         LINE#         777
  C:1CD5H         LINE#         778
  C:1CD9H         LINE#         779
  C:1CDBH         LINE#         780
  C:1CDDH         LINE#         781
  C:1CE1H         LINE#         782
  C:1CE1H         LINE#         783
  C:1CE7H         LINE#         784
  C:1CE9H         LINE#         785
  C:1CEBH         LINE#         786
BL51 BANKED LINKER/LOCATER V6.22                                                      12/22/2020  20:45:53  PAGE 21


  C:1CEDH         LINE#         788
  C:1CEDH         LINE#         790
  C:1CF2H         LINE#         791
  C:1CF6H         LINE#         793
  -------         ENDPROC       SHOW_NONE
  -------         PROC          SHOW_ALL
  C:1D61H         LINE#         794
  C:1D61H         LINE#         795
  C:1D61H         LINE#         796
  C:1D67H         LINE#         797
  C:1D6BH         LINE#         798
  C:1D6FH         LINE#         799
  C:1D73H         LINE#         800
  C:1D77H         LINE#         801
  C:1D7BH         LINE#         802
  C:1D7FH         LINE#         803
  C:1D83H         LINE#         804
  C:1D87H         LINE#         805
  C:1D8BH         LINE#         806
  C:1D8FH         LINE#         807
  C:1D93H         LINE#         808
  C:1D97H         LINE#         809
  C:1D9BH         LINE#         810
  C:1D9FH         LINE#         811
  C:1DA3H         LINE#         812
  C:1DA7H         LINE#         813
  C:1DABH         LINE#         814
  C:1DAFH         LINE#         815
  C:1DB1H         LINE#         816
  C:1DB3H         LINE#         818
  C:1DB9H         LINE#         819
  C:1DBBH         LINE#         820
  C:1DBDH         LINE#         821
  C:1DBFH         LINE#         823
  C:1DC5H         LINE#         824
  C:1DC9H         LINE#         826
  -------         ENDPROC       SHOW_ALL
  -------         PROC          SHOW_STOP
  C:1CF7H         LINE#         827
  C:1CF7H         LINE#         828
  C:1CF7H         LINE#         829
  C:1CFAH         LINE#         830
  C:1CFFH         LINE#         831
  C:1D01H         LINE#         832
  C:1D03H         LINE#         833
  C:1D05H         LINE#         834
  C:1D09H         LINE#         835
  C:1D0EH         LINE#         836
  C:1D0EH         LINE#         837
  C:1D14H         LINE#         838
  C:1D14H         LINE#         839
  C:1D18H         LINE#         840
  C:1D18H         LINE#         841
  C:1D1EH         LINE#         842
  C:1D20H         LINE#         843
  C:1D24H         LINE#         844
  C:1D28H         LINE#         845
BL51 BANKED LINKER/LOCATER V6.22                                                      12/22/2020  20:45:53  PAGE 22


  C:1D28H         LINE#         846
  C:1D3EH         LINE#         847
  C:1D3EH         LINE#         848
  C:1D44H         LINE#         849
  C:1D46H         LINE#         850
  C:1D48H         LINE#         851
  C:1D4AH         LINE#         852
  C:1D4BH         LINE#         854
  C:1D4BH         LINE#         855
  C:1D60H         LINE#         856
  C:1D60H         LINE#         858
  -------         ENDPROC       SHOW_STOP
  -------         PROC          SHOW_CHANG_DUAN
  C:1DCAH         LINE#         859
  C:1DCAH         LINE#         860
  C:1DCAH         LINE#         862
  C:1DCEH         LINE#         863
  C:1DD3H         LINE#         864
  C:1DD4H         LINE#         865
  C:1DD4H         LINE#         866
  C:1DD6H         LINE#         867
  C:1DDBH         LINE#         868
  C:1DE1H         LINE#         869
  C:1DE3H         LINE#         870
  C:1DE6H         LINE#         871
  C:1DE7H         LINE#         872
  C:1DECH         LINE#         873
  C:1DF2H         LINE#         874
  C:1DF4H         LINE#         875
  C:1DF6H         LINE#         876
  C:1DF6H         LINE#         878
  -------         ENDPROC       SHOW_CHANG_DUAN
  -------         PROC          SHOW_LED
  C:1714H         LINE#         879
  C:1714H         LINE#         880
  C:1714H         LINE#         881
  C:1763H         LINE#         882
  C:1763H         LINE#         883
  C:1763H         LINE#         884
  C:1766H         LINE#         885
  C:1768H         LINE#         886
  C:1768H         LINE#         887
  C:176BH         LINE#         888
  C:176BH         LINE#         889
  C:176DH         LINE#         890
  C:176DH         LINE#         891
  C:1770H         LINE#         892
  C:1770H         LINE#         893
  C:1772H         LINE#         894
  C:1772H         LINE#         895
  C:1775H         LINE#         896
  C:1777H         LINE#         897
  C:1777H         LINE#         898
  C:177AH         LINE#         899
  C:177AH         LINE#         900
  C:177CH         LINE#         901
  C:177CH         LINE#         902
BL51 BANKED LINKER/LOCATER V6.22                                                      12/22/2020  20:45:53  PAGE 23


  C:177FH         LINE#         903
  C:1781H         LINE#         904
  C:1781H         LINE#         905
  C:1784H         LINE#         906
  C:1784H         LINE#         907
  C:1786H         LINE#         908
  C:1786H         LINE#         909
  C:1789H         LINE#         910
  C:1789H         LINE#         911
  C:178BH         LINE#         912
  C:178BH         LINE#         913
  C:1791H         LINE#         914
  C:1794H         LINE#         915
  C:1796H         LINE#         916
  C:1796H         LINE#         917
  C:1799H         LINE#         918
  C:179BH         LINE#         919
  C:179BH         LINE#         920
  C:179EH         LINE#         921
  C:17A0H         LINE#         922
  C:17A0H         LINE#         923
  C:17A3H         LINE#         924
  C:17A5H         LINE#         925
  C:17A5H         LINE#         926
  C:17A8H         LINE#         927
  C:17AAH         LINE#         928
  C:17AAH         LINE#         929
  C:17ADH         LINE#         930
  C:17AFH         LINE#         931
  C:17AFH         LINE#         932
  C:17B2H         LINE#         933
  C:17B4H         LINE#         934
  C:17B4H         LINE#         935
  C:17B7H         LINE#         936
  C:17B9H         LINE#         937
  C:17B9H         LINE#         938
  C:17BCH         LINE#         939
  C:17BEH         LINE#         940
  C:17BEH         LINE#         941
  C:17C4H         LINE#         942
  C:17C4H         LINE#         943
  C:17C4H         LINE#         944
  C:17C4H         LINE#         946
  C:17C4H         LINE#         947
  C:17CFH         LINE#         948
  C:17CFH         LINE#         949
  C:17D5H         LINE#         950
  C:17D7H         LINE#         952
  C:17D7H         LINE#         953
  C:17DCH         LINE#         954
  C:17DCH         LINE#         955
  C:17E1H         LINE#         956
  C:17E1H         LINE#         957
  C:17E7H         LINE#         958
  C:17E8H         LINE#         960
  C:17E8H         LINE#         961
  C:17EDH         LINE#         962
BL51 BANKED LINKER/LOCATER V6.22                                                      12/22/2020  20:45:53  PAGE 24


  C:17EDH         LINE#         963
  -------         ENDPROC       SHOW_LED
  -------         PROC          SHOW_SETING
  C:1EADH         LINE#         964
  C:1EADH         LINE#         965
  C:1EADH         LINE#         966
  C:1EB0H         LINE#         967
  C:1EB3H         LINE#         968
  -------         ENDPROC       SHOW_SETING
  -------         PROC          KEY_SCAN
  C:1612H         LINE#         972
  C:1612H         LINE#         973
  C:1612H         LINE#         976
  C:1618H         LINE#         977
  C:161CH         LINE#         978
  C:161EH         LINE#         979
  C:1622H         LINE#         980
  C:1626H         LINE#         981
  C:162AH         LINE#         982
  C:162CH         LINE#         983
  C:1630H         LINE#         984
  C:1634H         LINE#         985
  C:1638H         LINE#         986
  C:163CH         LINE#         989
  C:1644H         LINE#         990
  C:164AH         LINE#         992
  C:164FH         LINE#         993
  C:1655H         LINE#         994
  C:165AH         LINE#         995
  C:165CH         LINE#         996
  C:1662H         LINE#         998
  C:16A8H         LINE#         999
  C:16AAH         LINE#         1000
  C:16AAH         LINE#         1001
  C:16AEH         LINE#         1002
  C:16B4H         LINE#         1003
  C:16B6H         LINE#         1004
  C:16BDH         LINE#         1005
  C:170AH         LINE#         1006
  C:170AH         LINE#         1008
  C:170FH         LINE#         1009
  C:1713H         LINE#         1010
  -------         ENDPROC       KEY_SCAN
  -------         PROC          L?0715
  -------         ENDPROC       L?0715
  -------         PROC          KEY_PLUS
  C:0EF6H         LINE#         1011
  C:0EF6H         LINE#         1012
  C:0EF6H         LINE#         1013
  C:0F06H         LINE#         1014
  C:0F06H         LINE#         1015
  C:0F11H         LINE#         1016
  C:0F1FH         LINE#         1017
  C:0F1FH         LINE#         1018
  C:0F24H         LINE#         1019
  C:0F24H         LINE#         1020
  C:0F25H         LINE#         1022
BL51 BANKED LINKER/LOCATER V6.22                                                      12/22/2020  20:45:53  PAGE 25


  C:0F25H         LINE#         1023
  C:0F2AH         LINE#         1024
  C:0F2AH         LINE#         1025
  C:0F32H         LINE#         1026
  C:0F3EH         LINE#         1027
  C:0F3EH         LINE#         1028
  C:0F44H         LINE#         1029
  C:0F44H         LINE#         1030
  C:0F45H         LINE#         1031
  C:0F4AH         LINE#         1032
  C:0F4AH         LINE#         1033
  C:0F52H         LINE#         1034
  C:0F5EH         LINE#         1035
  C:0F5EH         LINE#         1036
  C:0F5EH         LINE#         1037
  C:0F5EH         LINE#         1038
  C:0F61H         LINE#         1039
  C:0F66H         LINE#         1040
  C:0F66H         LINE#         1041
  C:0F6EH         LINE#         1042
  C:0F7AH         LINE#         1043
  C:0F7AH         LINE#         1044
  C:0F7AH         LINE#         1045
  C:0F7AH         LINE#         1046
  C:0F7DH         LINE#         1047
  C:0F82H         LINE#         1048
  C:0F82H         LINE#         1049
  C:0F8DH         LINE#         1050
  C:0F9BH         LINE#         1051
  C:0F9BH         LINE#         1052
  C:0F9BH         LINE#         1053
  C:0F9BH         LINE#         1054
  C:0F9EH         LINE#         1055
  C:0FA3H         LINE#         1056
  C:0FA3H         LINE#         1057
  C:0FABH         LINE#         1058
  C:0FB7H         LINE#         1059
  C:0FB7H         LINE#         1060
  C:0FB7H         LINE#         1061
  C:0FB7H         LINE#         1062
  C:0FBAH         LINE#         1063
  C:0FBFH         LINE#         1064
  C:0FBFH         LINE#         1065
  C:0FC7H         LINE#         1066
  C:0FD3H         LINE#         1067
  C:0FD3H         LINE#         1068
  C:0FD3H         LINE#         1069
  C:0FD3H         LINE#         1070
  C:0FD6H         LINE#         1071
  C:0FDBH         LINE#         1072
  C:0FDBH         LINE#         1073
  C:0FE3H         LINE#         1074
  C:0FEFH         LINE#         1075
  C:0FEFH         LINE#         1076
  C:0FEFH         LINE#         1077
  C:0FEFH         LINE#         1078
  C:0FF2H         LINE#         1079
BL51 BANKED LINKER/LOCATER V6.22                                                      12/22/2020  20:45:53  PAGE 26


  C:0FF7H         LINE#         1080
  C:0FF7H         LINE#         1081
  C:0FFFH         LINE#         1082
  C:100BH         LINE#         1083
  C:100BH         LINE#         1084
  C:100BH         LINE#         1085
  C:100BH         LINE#         1086
  C:100EH         LINE#         1087
  C:1013H         LINE#         1088
  C:1013H         LINE#         1089
  C:101BH         LINE#         1090
  C:1027H         LINE#         1091
  C:1027H         LINE#         1092
  C:1027H         LINE#         1093
  C:1027H         LINE#         1094
  C:102AH         LINE#         1095
  C:102FH         LINE#         1096
  C:102FH         LINE#         1097
  C:1037H         LINE#         1098
  C:1043H         LINE#         1099
  C:1043H         LINE#         1100
  C:1043H         LINE#         1101
  C:1043H         LINE#         1102
  C:1046H         LINE#         1103
  C:104BH         LINE#         1104
  C:104BH         LINE#         1105
  C:1053H         LINE#         1106
  C:105FH         LINE#         1107
  C:105FH         LINE#         1108
  C:105FH         LINE#         1109
  C:105FH         LINE#         1110
  C:1062H         LINE#         1111
  C:1067H         LINE#         1112
  C:1067H         LINE#         1113
  C:1072H         LINE#         1114
  C:1080H         LINE#         1115
  C:1080H         LINE#         1116
  C:1086H         LINE#         1117
  C:1086H         LINE#         1118
  C:1087H         LINE#         1119
  C:108CH         LINE#         1120
  C:108CH         LINE#         1121
  C:1097H         LINE#         1122
  C:10A2H         LINE#         1123
  C:10A2H         LINE#         1124
  C:10A8H         LINE#         1125
  C:10A8H         LINE#         1126
  C:10A9H         LINE#         1127
  C:10AEH         LINE#         1128
  C:10AEH         LINE#         1129
  C:10B6H         LINE#         1130
  C:10BFH         LINE#         1131
  C:10BFH         LINE#         1132
  C:10BFH         LINE#         1133
  C:10BFH         LINE#         1134
  C:10C1H         LINE#         1135
  C:10C6H         LINE#         1136
BL51 BANKED LINKER/LOCATER V6.22                                                      12/22/2020  20:45:53  PAGE 27


  C:10C6H         LINE#         1137
  C:10CEH         LINE#         1138
  C:10D7H         LINE#         1139
  C:10D7H         LINE#         1140
  C:10D7H         LINE#         1141
  C:10D7H         LINE#         1142
  C:10D9H         LINE#         1143
  C:10DEH         LINE#         1144
  C:10DEH         LINE#         1145
  C:10E6H         LINE#         1146
  C:10EFH         LINE#         1147
  C:10EFH         LINE#         1148
  C:10EFH         LINE#         1149
  C:10EFH         LINE#         1150
  C:10F1H         LINE#         1151
  C:10F6H         LINE#         1152
  C:10F6H         LINE#         1153
  C:10FEH         LINE#         1154
  C:1107H         LINE#         1155
  C:1107H         LINE#         1156
  C:110DH         LINE#         1157
  C:110DH         LINE#         1158
  C:110DH         LINE#         1159
  C:110DH         LINE#         1160
  -------         ENDPROC       KEY_PLUS
  -------         PROC          L?0716
  -------         ENDPROC       L?0716
  -------         PROC          KEY_JIAN
  C:06FCH         LINE#         1161
  C:06FCH         LINE#         1162
  C:06FCH         LINE#         1163
  C:070CH         LINE#         1164
  C:070CH         LINE#         1166
  C:0712H         LINE#         1167
  C:0712H         LINE#         1168
  C:0718H         LINE#         1169
  C:0719H         LINE#         1171
  C:0719H         LINE#         1172
  C:0725H         LINE#         1173
  C:0725H         LINE#         1175
  C:0726H         LINE#         1177
  C:0726H         LINE#         1178
  C:072BH         LINE#         1179
  C:072BH         LINE#         1181
  C:0739H         LINE#         1182
  C:0739H         LINE#         1183
  C:0741H         LINE#         1184
  C:074EH         LINE#         1185
  C:074EH         LINE#         1186
  C:0754H         LINE#         1187
  C:0754H         LINE#         1189
  C:0754H         LINE#         1190
  C:0755H         LINE#         1191
  C:075AH         LINE#         1192
  C:075AH         LINE#         1193
  C:0768H         LINE#         1194
  C:0768H         LINE#         1195
BL51 BANKED LINKER/LOCATER V6.22                                                      12/22/2020  20:45:53  PAGE 28


  C:0770H         LINE#         1196
  C:0779H         LINE#         1197
  C:0779H         LINE#         1198
  C:0779H         LINE#         1199
  C:0779H         LINE#         1200
  C:0779H         LINE#         1201
  C:077CH         LINE#         1202
  C:0781H         LINE#         1203
  C:0781H         LINE#         1204
  C:078FH         LINE#         1205
  C:078FH         LINE#         1206
  C:0797H         LINE#         1207
  C:07A0H         LINE#         1208
  C:07A0H         LINE#         1209
  C:07A0H         LINE#         1210
  C:07A0H         LINE#         1211
  C:07A0H         LINE#         1212
  C:07A3H         LINE#         1213
  C:07A8H         LINE#         1214
  C:07A8H         LINE#         1215
  C:07B6H         LINE#         1216
  C:07B6H         LINE#         1217
  C:07C2H         LINE#         1218
  C:07D0H         LINE#         1219
  C:07D0H         LINE#         1220
  C:07D6H         LINE#         1221
  C:07D6H         LINE#         1223
  C:07D6H         LINE#         1224
  C:07D7H         LINE#         1225
  C:07DCH         LINE#         1226
  C:07DCH         LINE#         1227
  C:07EAH         LINE#         1228
  C:07EAH         LINE#         1229
  C:07F2H         LINE#         1230
  C:07FBH         LINE#         1231
  C:07FBH         LINE#         1232
  C:07FBH         LINE#         1233
  C:07FBH         LINE#         1234
  C:07FBH         LINE#         1235
  C:07FEH         LINE#         1236
  C:0803H         LINE#         1237
  C:0803H         LINE#         1238
  C:0811H         LINE#         1239
  C:0811H         LINE#         1240
  C:0819H         LINE#         1241
  C:0822H         LINE#         1242
  C:0822H         LINE#         1243
  C:0822H         LINE#         1244
  C:0822H         LINE#         1245
  C:0822H         LINE#         1246
  C:0825H         LINE#         1247
  C:082AH         LINE#         1248
  C:082AH         LINE#         1249
  C:0838H         LINE#         1250
  C:0838H         LINE#         1251
  C:0840H         LINE#         1252
  C:0849H         LINE#         1253
BL51 BANKED LINKER/LOCATER V6.22                                                      12/22/2020  20:45:53  PAGE 29


  C:0849H         LINE#         1254
  C:0849H         LINE#         1255
  C:0849H         LINE#         1256
  C:0849H         LINE#         1257
  C:084CH         LINE#         1258
  C:0851H         LINE#         1259
  C:0851H         LINE#         1260
  C:085FH         LINE#         1261
  C:085FH         LINE#         1262
  C:0867H         LINE#         1263
  C:0870H         LINE#         1264
  C:0870H         LINE#         1265
  C:0870H         LINE#         1266
  C:0870H         LINE#         1267
  C:0870H         LINE#         1268
  C:0873H         LINE#         1269
  C:0878H         LINE#         1270
  C:0878H         LINE#         1271
  C:0886H         LINE#         1272
  C:0886H         LINE#         1273
  C:088EH         LINE#         1274
  C:0897H         LINE#         1275
  C:0897H         LINE#         1276
  C:0897H         LINE#         1277
  C:0897H         LINE#         1278
  C:0897H         LINE#         1279
  C:089AH         LINE#         1280
  C:089FH         LINE#         1281
  C:089FH         LINE#         1282
  C:08ADH         LINE#         1283
  C:08ADH         LINE#         1284
  C:08B5H         LINE#         1285
  C:08BEH         LINE#         1286
  C:08BEH         LINE#         1287
  C:08BEH         LINE#         1288
  C:08BEH         LINE#         1289
  C:08BEH         LINE#         1290
  C:08C1H         LINE#         1291
  C:08C6H         LINE#         1292
  C:08C6H         LINE#         1293
  C:08D4H         LINE#         1294
  C:08D4H         LINE#         1295
  C:08DCH         LINE#         1296
  C:08E5H         LINE#         1297
  C:08E5H         LINE#         1298
  C:08E5H         LINE#         1299
  C:08E5H         LINE#         1300
  C:08E5H         LINE#         1301
  C:08E8H         LINE#         1302
  C:08EDH         LINE#         1303
  C:08EDH         LINE#         1304
  C:08FBH         LINE#         1305
  C:08FBH         LINE#         1306
  C:0907H         LINE#         1307
  C:0915H         LINE#         1308
  C:0915H         LINE#         1309
  C:091BH         LINE#         1310
BL51 BANKED LINKER/LOCATER V6.22                                                      12/22/2020  20:45:53  PAGE 30


  C:091BH         LINE#         1312
  C:091BH         LINE#         1313
  C:091CH         LINE#         1314
  C:0921H         LINE#         1315
  C:0921H         LINE#         1316
  C:092FH         LINE#         1317
  C:092FH         LINE#         1318
  C:093BH         LINE#         1319
  C:0949H         LINE#         1320
  C:0949H         LINE#         1321
  C:094FH         LINE#         1322
  C:094FH         LINE#         1324
  C:094FH         LINE#         1325
  C:0950H         LINE#         1326
  C:0955H         LINE#         1327
  C:0955H         LINE#         1328
  C:0960H         LINE#         1329
  C:0960H         LINE#         1330
  C:0968H         LINE#         1331
  C:096EH         LINE#         1332
  C:096EH         LINE#         1333
  C:096EH         LINE#         1334
  C:096EH         LINE#         1335
  C:096EH         LINE#         1336
  C:0970H         LINE#         1337
  C:0975H         LINE#         1338
  C:0975H         LINE#         1339
  C:0980H         LINE#         1340
  C:0980H         LINE#         1341
  C:0988H         LINE#         1342
  C:098EH         LINE#         1343
  C:098EH         LINE#         1344
  C:098EH         LINE#         1345
  C:098EH         LINE#         1346
  C:098EH         LINE#         1347
  C:0990H         LINE#         1348
  C:0995H         LINE#         1349
  C:0995H         LINE#         1350
  C:09A0H         LINE#         1351
  C:09A0H         LINE#         1352
  C:09A8H         LINE#         1353
  C:09AEH         LINE#         1354
  C:09AEH         LINE#         1355
  C:09AEH         LINE#         1356
  C:09AEH         LINE#         1357
  C:09AEH         LINE#         1358
  C:09B0H         LINE#         1359
  C:09B5H         LINE#         1360
  C:09B5H         LINE#         1361
  C:09C0H         LINE#         1362
  C:09C0H         LINE#         1363
  C:09C8H         LINE#         1364
  C:09CEH         LINE#         1365
  C:09CEH         LINE#         1366
  C:09D3H         LINE#         1367
  C:09D3H         LINE#         1368
  C:09D3H         LINE#         1369
BL51 BANKED LINKER/LOCATER V6.22                                                      12/22/2020  20:45:53  PAGE 31


  C:09D3H         LINE#         1370
  C:09D3H         LINE#         1371
  -------         ENDPROC       KEY_JIAN
  -------         PROC          XIAO_PENG_REN_SHI_JIAN
  C:13E6H         LINE#         1372
  C:13E6H         LINE#         1373
  C:13E6H         LINE#         1374
  C:13ECH         LINE#         1375
  C:13ECH         LINE#         1376
  C:13F0H         LINE#         1377
  C:13F0H         LINE#         1378
  C:13F5H         LINE#         1379
  C:13F5H         LINE#         1380
  C:13F5H         LINE#         1381
  C:13F8H         LINE#         1382
  C:13FDH         LINE#         1383
  C:13FDH         LINE#         1384
  C:1403H         LINE#         1385
  C:1403H         LINE#         1386
  C:1403H         LINE#         1387
  C:1406H         LINE#         1388
  C:140FH         LINE#         1389
  C:140FH         LINE#         1390
  C:1414H         LINE#         1391
  C:1414H         LINE#         1392
  C:1414H         LINE#         1393
  C:1414H         LINE#         1394
  C:1417H         LINE#         1395
  C:141DH         LINE#         1396
  C:141DH         LINE#         1397
  C:1421H         LINE#         1398
  C:1421H         LINE#         1399
  C:1426H         LINE#         1400
  C:1426H         LINE#         1401
  C:1426H         LINE#         1402
  C:1429H         LINE#         1403
  C:142EH         LINE#         1404
  C:142EH         LINE#         1405
  C:1434H         LINE#         1406
  C:1434H         LINE#         1407
  C:1434H         LINE#         1408
  C:1437H         LINE#         1409
  C:1440H         LINE#         1410
  C:1440H         LINE#         1411
  C:1445H         LINE#         1412
  C:1445H         LINE#         1413
  C:1445H         LINE#         1414
  C:1445H         LINE#         1415
  C:1448H         LINE#         1416
  C:144EH         LINE#         1417
  C:144EH         LINE#         1418
  C:1452H         LINE#         1419
  C:1452H         LINE#         1420
  C:1457H         LINE#         1421
  C:1457H         LINE#         1422
  C:1457H         LINE#         1423
  C:145AH         LINE#         1424
BL51 BANKED LINKER/LOCATER V6.22                                                      12/22/2020  20:45:53  PAGE 32


  C:145FH         LINE#         1425
  C:145FH         LINE#         1426
  C:1465H         LINE#         1427
  C:1465H         LINE#         1428
  C:1465H         LINE#         1429
  C:1468H         LINE#         1430
  C:1471H         LINE#         1431
  C:1471H         LINE#         1432
  C:1476H         LINE#         1433
  C:1476H         LINE#         1434
  C:1476H         LINE#         1435
  C:1476H         LINE#         1436
  C:1479H         LINE#         1437
  C:147FH         LINE#         1438
  C:147FH         LINE#         1439
  C:1483H         LINE#         1440
  C:1483H         LINE#         1441
  C:1488H         LINE#         1442
  C:1488H         LINE#         1443
  C:1488H         LINE#         1444
  C:148AH         LINE#         1445
  C:148FH         LINE#         1446
  C:148FH         LINE#         1447
  C:1495H         LINE#         1448
  C:1495H         LINE#         1449
  C:1495H         LINE#         1450
  C:1497H         LINE#         1451
  C:149DH         LINE#         1452
  C:149DH         LINE#         1453
  C:14A2H         LINE#         1454
  C:14A2H         LINE#         1455
  C:14A2H         LINE#         1456
  C:14A2H         LINE#         1457
  C:14A4H         LINE#         1458
  C:14AAH         LINE#         1459
  C:14AAH         LINE#         1460
  C:14AEH         LINE#         1461
  C:14AEH         LINE#         1462
  C:14B3H         LINE#         1463
  C:14B3H         LINE#         1464
  C:14B3H         LINE#         1465
  C:14B5H         LINE#         1466
  C:14BAH         LINE#         1467
  C:14BAH         LINE#         1468
  C:14C0H         LINE#         1469
  C:14C0H         LINE#         1470
  C:14C0H         LINE#         1471
  C:14C2H         LINE#         1472
  C:14C8H         LINE#         1473
  C:14C8H         LINE#         1474
  C:14CDH         LINE#         1475
  C:14CDH         LINE#         1476
  C:14CDH         LINE#         1477
  C:14CDH         LINE#         1478
  C:14CFH         LINE#         1479
  C:14D5H         LINE#         1480
  C:14D5H         LINE#         1481
BL51 BANKED LINKER/LOCATER V6.22                                                      12/22/2020  20:45:53  PAGE 33


  C:14D9H         LINE#         1482
  C:14D9H         LINE#         1483
  C:14DEH         LINE#         1484
  C:14E1H         LINE#         1485
  C:14E4H         LINE#         1486
  C:14E5H         LINE#         1487
  C:14EAH         LINE#         1488
  C:14EAH         LINE#         1489
  C:14F0H         LINE#         1490
  C:14F3H         LINE#         1491
  C:14F6H         LINE#         1492
  C:14F7H         LINE#         1493
  C:14FCH         LINE#         1494
  C:14FCH         LINE#         1495
  C:1502H         LINE#         1496
  C:1505H         LINE#         1497
  C:1508H         LINE#         1498
  C:1508H         LINE#         1499
  C:1508H         LINE#         1500
  -------         ENDPROC       XIAO_PENG_REN_SHI_JIAN
  -------         PROC          KEY_OPERATE
  -------         DO            
  D:0014H         SYMBOL        key_on
  D:0015H         SYMBOL        long_press_counter
  D:0017H         SYMBOL        one_times
  -------         DO            
  D:0010H         SYMBOL        t_hot
  -------         ENDDO         
  -------         ENDDO         
  C:0026H         LINE#         1501
  C:0026H         LINE#         1502
  C:0026H         LINE#         1505
  C:0030H         LINE#         1506
  C:0030H         LINE#         1507
  C:0039H         LINE#         1508
  C:0039H         LINE#         1509
  C:0046H         LINE#         1510
  C:0046H         LINE#         1511
  C:004EH         LINE#         1512
  C:0051H         LINE#         1514
  C:0051H         LINE#         1516
  C:0066H         LINE#         1517
  C:0066H         LINE#         1518
  C:0073H         LINE#         1519
  C:0073H         LINE#         1520
  C:0076H         LINE#         1521
  C:007CH         LINE#         1522
  C:007CH         LINE#         1523
  C:0085H         LINE#         1524
  C:0085H         LINE#         1525
  C:0087H         LINE#         1526
  C:0097H         LINE#         1527
  C:0097H         LINE#         1528
  C:009AH         LINE#         1529
  C:00A0H         LINE#         1530
  C:00A0H         LINE#         1531
  C:00A9H         LINE#         1532
BL51 BANKED LINKER/LOCATER V6.22                                                      12/22/2020  20:45:53  PAGE 34


  C:00A9H         LINE#         1533
  C:00ABH         LINE#         1534
  C:00BBH         LINE#         1535
  C:00BBH         LINE#         1536
  C:00C0H         LINE#         1537
  C:00C0H         LINE#         1538
  C:00C2H         LINE#         1539
  C:00C2H         LINE#         1540
  C:00C9H         LINE#         1541
  C:00C9H         LINE#         1542
  C:00CCH         LINE#         1543
  C:00CCH         LINE#         1544
  C:00CCH         LINE#         1545
  C:00D1H         LINE#         1546
  C:00D1H         LINE#         1547
  C:00DDH         LINE#         1548
  C:00DDH         LINE#         1549
  C:00E0H         LINE#         1550
  C:00E5H         LINE#         1551
  C:00E5H         LINE#         1553
[...]
  C:01C2H         LINE#         1636
  C:01C2H         LINE#         1637
  C:01C2H         LINE#         1638
  C:01C5H         LINE#         1639
  C:01CEH         LINE#         1640
  C:01CEH         LINE#         1641
  C:01D1H         LINE#         1642
  C:01D1H         LINE#         1643
  C:01D1H         LINE#         1644
  C:01D1H         LINE#         1645
  C:01D1H         LINE#         1646
  C:01D1H         LINE#         1647
  C:01D1H         LINE#         1648
  C:01D1H         LINE#         1649
  C:01D1H         LINE#         1650
  C:01D3H         LINE#         1651
  C:01D7H         LINE#         1652
  C:01D7H         LINE#         1653
  C:01DAH         LINE#         1654
  C:01EEH         LINE#         1655
BL51 BANKED LINKER/LOCATER V6.22                                                      12/22/2020  20:45:53  PAGE 36


  C:01F3H         LINE#         1656
  C:01F5H         LINE#         1657
  C:01F5H         LINE#         1658
  C:01F5H         LINE#         1659
  C:01F5H         LINE#         1660
  C:01F8H         LINE#         1661
  C:0201H         LINE#         1662
  C:0201H         LINE#         1663
  C:0204H         LINE#         1664
  C:0218H         LINE#         1665
  C:021DH         LINE#         1666
  C:021FH         LINE#         1667
  C:0221H         LINE#         1668
  C:0224H         LINE#         1669
  C:0224H         LINE#         1670
  C:0224H         LINE#         1671
  C:0224H         LINE#         1672
  C:0226H         LINE#         1673
  C:022BH         LINE#         1674
  C:022BH         LINE#         1675
  C:022EH         LINE#         1676
  C:0242H         LINE#         1677
  C:0247H         LINE#         1678
  C:0249H         LINE#         1679
  C:024BH         LINE#         1680
  C:024EH         LINE#         1681
  C:024EH         LINE#         1682
  C:024EH         LINE#         1683
  C:024EH         LINE#         1684
  C:0250H         LINE#         1685
  C:0259H         LINE#         1686
  C:0259H         LINE#         1687
  C:025CH         LINE#         1688
  C:0270H         LINE#         1689
  C:0275H         LINE#         1690
  C:0277H         LINE#         1691
  C:0279H         LINE#         1692
  C:027CH         LINE#         1693
  C:027FH         LINE#         1694
  C:0282H         LINE#         1695
  C:0284H         LINE#         1696
  C:0287H         LINE#         1697
  C:028BH         LINE#         1698
  C:028BH         LINE#         1699
  C:028EH         LINE#         1700
  C:02A2H         LINE#         1701
  C:02A7H         LINE#         1702
  C:02A9H         LINE#         1703
  C:02ACH         LINE#         1704
  C:02AEH         LINE#         1705
  C:02B0H         LINE#         1706
  C:02B3H         LINE#         1707
  C:02BBH         LINE#         1708
  C:02BBH         LINE#         1709
  C:02BEH         LINE#         1710
  C:02D2H         LINE#         1711
  C:02D7H         LINE#         1712
BL51 BANKED LINKER/LOCATER V6.22                                                      12/22/2020  20:45:53  PAGE 37


  C:02D9H         LINE#         1713
  C:02DCH         LINE#         1714
  C:02DEH         LINE#         1715
  C:02E1H         LINE#         1716
  C:02E4H         LINE#         1717
  C:02E9H         LINE#         1718
  C:02E9H         LINE#         1720
  C:02EDH         LINE#         1721
  C:02EDH         LINE#         1722
  C:02F0H         LINE#         1723
  C:02F3H         LINE#         1724
  C:02F3H         LINE#         1725
  C:02F3H         LINE#         1726
  C:02F5H         LINE#         1727
  C:02FAH         LINE#         1728
  C:02FAH         LINE#         1729
  C:02FDH         LINE#         1730
  C:0300H         LINE#         1731
  C:0303H         LINE#         1732
  C:0305H         LINE#         1733
  C:0307H         LINE#         1734
  C:030CH         LINE#         1735
  C:030CH         LINE#         1736
  C:030FH         LINE#         1737
  C:0312H         LINE#         1738
  C:0315H         LINE#         1739
  C:0318H         LINE#         1740
  C:0318H         LINE#         1742
  C:031AH         LINE#         1743
  C:031FH         LINE#         1744
  C:031FH         LINE#         1745
  C:0322H         LINE#         1746
  C:0322H         LINE#         1747
  C:0322H         LINE#         1748
  C:0322H         LINE#         1749
  C:0322H         LINE#         1751
  C:0324H         LINE#         1752
  C:032DH         LINE#         1753
  C:032DH         LINE#         1754
  C:0331H         LINE#         1755
  C:0331H         LINE#         1756
  C:0334H         LINE#         1757
  C:0337H         LINE#         1758
  C:033AH         LINE#         1759
  C:033CH         LINE#         1760
  C:033EH         LINE#         1761
  C:0343H         LINE#         1762
  C:0343H         LINE#         1763
  C:0346H         LINE#         1764
  C:0346H         LINE#         1765
  C:0346H         LINE#         1766
  C:0346H         LINE#         1767
  C:0348H         LINE#         1768
  C:034DH         LINE#         1769
  C:034DH         LINE#         1770
  C:0350H         LINE#         1771
  C:0353H         LINE#         1772
BL51 BANKED LINKER/LOCATER V6.22                                                      12/22/2020  20:45:53  PAGE 38


  C:0356H         LINE#         1773
  C:0359H         LINE#         1774
  C:0359H         LINE#         1776
  C:035BH         LINE#         1777
  C:0360H         LINE#         1778
  C:0360H         LINE#         1779
  C:0363H         LINE#         1780
  C:0363H         LINE#         1781
  C:0377H         LINE#         1782
  C:0377H         LINE#         1783
  C:0377H         LINE#         1784
  C:037AH         LINE#         1785
  C:0383H         LINE#         1786
  C:0383H         LINE#         1787
  C:0386H         LINE#         1788
  C:039AH         LINE#         1789
  C:039FH         LINE#         1790
  C:03A1H         LINE#         1791
  C:03A4H         LINE#         1792
  C:03A6H         LINE#         1793
  C:03A8H         LINE#         1794
  C:03AEH         LINE#         1795
  C:03B4H         LINE#         1796
  C:03B6H         LINE#         1797
  C:03C1H         LINE#         1798
  C:03C1H         LINE#         1799
  C:03C4H         LINE#         1800
  C:03C6H         LINE#         1801
  C:03CEH         LINE#         1802
  C:03CEH         LINE#         1803
  C:03D1H         LINE#         1804
  C:03D3H         LINE#         1805
  C:03D8H         LINE#         1806
  C:03D8H         LINE#         1807
  C:03F6H         LINE#         1812
  C:03F6H         LINE#         1813
  C:03FBH         LINE#         1814
  C:03FEH         LINE#         1815
  C:0400H         LINE#         1817
  C:0400H         LINE#         1818
  C:0405H         LINE#         1819
  C:0407H         LINE#         1820
  C:0407H         LINE#         1822
  C:0409H         LINE#         1823
  C:0411H         LINE#         1824
  C:0411H         LINE#         1825
  C:0414H         LINE#         1826
  C:0417H         LINE#         1827
  C:0419H         LINE#         1828
  C:0421H         LINE#         1829
  C:0421H         LINE#         1830
  C:0424H         LINE#         1831
  C:0427H         LINE#         1832
  C:0429H         LINE#         1833
  C:042DH         LINE#         1834
  C:042DH         LINE#         1835
  C:0430H         LINE#         1836
BL51 BANKED LINKER/LOCATER V6.22                                                      12/22/2020  20:45:53  PAGE 39


  C:0433H         LINE#         1837
  C:0433H         LINE#         1839
  C:0439H         LINE#         1840
  C:0439H         LINE#         1841
  C:043CH         LINE#         1842
  C:043CH         LINE#         1844
  C:043EH         LINE#         1846
  C:043EH         LINE#         1847
  C:0445H         LINE#         1848
  C:0445H         LINE#         1849
  C:044AH         LINE#         1850
  C:044DH         LINE#         1851
  C:044DH         LINE#         1852
  C:0454H         LINE#         1853
  C:0454H         LINE#         1854
  C:0459H         LINE#         1855
  C:045CH         LINE#         1856
  C:045CH         LINE#         1857
  C:0468H         LINE#         1858
  C:0468H         LINE#         1859
  C:046DH         LINE#         1860
  C:0472H         LINE#         1861
  C:0472H         LINE#         1862
  C:0472H         LINE#         1864
  C:0472H         LINE#         1865
  C:0479H         LINE#         1866
  C:0479H         LINE#         1867
  C:047EH         LINE#         1868
  C:0481H         LINE#         1869
  C:0481H         LINE#         1871
  C:0481H         LINE#         1874
  C:0483H         LINE#         1876
  C:0483H         LINE#         1877
  C:0486H         LINE#         1878
  C:0486H         LINE#         1881
  C:0494H         LINE#         1882
  C:0494H         LINE#         1884
  C:04A2H         LINE#         1885
  C:04A2H         LINE#         1886
  C:04AAH         LINE#         1887
  C:04B0H         LINE#         1888
  C:04B0H         LINE#         1889
  C:04B0H         LINE#         1890
  C:04B2H         LINE#         1891
  C:04BAH         LINE#         1892
  C:04BAH         LINE#         1893
  C:04BAH         LINE#         1894
  C:04BAH         LINE#         1895
  C:04BCH         LINE#         1896
  C:04C6H         LINE#         1897
  C:04C6H         LINE#         1898
  C:04C6H         LINE#         1899
  C:04C8H         LINE#         1900
  C:04D2H         LINE#         1901
  C:04D2H         LINE#         1902
  C:04D2H         LINE#         1903
  C:04D2H         LINE#         1904
BL51 BANKED LINKER/LOCATER V6.22                                                      12/22/2020  20:45:53  PAGE 40


  C:04D4H         LINE#         1905
  C:04DEH         LINE#         1906
  C:04DEH         LINE#         1907
  C:04DEH         LINE#         1908
  C:04E0H         LINE#         1909
  C:04EAH         LINE#         1910
  C:04EAH         LINE#         1911
  C:04EAH         LINE#         1912
  C:04EAH         LINE#         1913
  C:04ECH         LINE#         1914
  C:04F6H         LINE#         1915
  C:04F6H         LINE#         1916
  C:04F9H         LINE#         1917
  C:04FBH         LINE#         1918
  C:0505H         LINE#         1919
  C:0505H         LINE#         1920
  C:0505H         LINE#         1921
  C:0505H         LINE#         1922
  C:0507H         LINE#         1923
  C:0511H         LINE#         1924
  C:0511H         LINE#         1925
  C:0514H         LINE#         1926
  C:051EH         LINE#         1927
  C:051EH         LINE#         1928
  C:0523H         LINE#         1929
  C:0529H         LINE#         1930
  C:0529H         LINE#         1931
  C:052BH         LINE#         1932
  C:0535H         LINE#         1933
  C:0535H         LINE#         1934
  C:0538H         LINE#         1935
  C:053DH         LINE#         1936
  C:053FH         LINE#         1937
  C:0549H         LINE#         1938
  C:0549H         LINE#         1939
  C:054CH         LINE#         1940
  C:0551H         LINE#         1941
  C:0551H         LINE#         1943
  C:0557H         LINE#         1944
  C:0558H         LINE#         1946
  C:0558H         LINE#         1947
  C:055BH         LINE#         1948
  C:055EH         LINE#         1949
  C:0569H         LINE#         1950
  C:0569H         LINE#         1951
  C:0571H         LINE#         1952
  C:0577H         LINE#         1953
  C:057FH         LINE#         1954
  C:0589H         LINE#         1955
  C:058DH         LINE#         1956
  C:0592H         LINE#         1957
  C:0594H         LINE#         1959
  C:0594H         LINE#         1960
  C:0597H         LINE#         1961
  C:059AH         LINE#         1962
  C:059DH         LINE#         1964
  C:059DH         LINE#         1967
BL51 BANKED LINKER/LOCATER V6.22                                                      12/22/2020  20:45:53  PAGE 41


  C:05A8H         LINE#         1968
  C:05A8H         LINE#         1969
  C:05AAH         LINE#         1970
  C:05ADH         LINE#         1971
  C:05AEH         LINE#         1973
  C:05AEH         LINE#         1974
  C:05BCH         LINE#         1975
  C:05BCH         LINE#         1977
  C:05CBH         LINE#         1978
  C:05CBH         LINE#         1979
  C:05DBH         LINE#         1980
  C:05DBH         LINE#         1981
  C:05DDH         LINE#         1982
  C:05E0H         LINE#         1983
  C:05F5H         LINE#         1984
  C:05F5H         LINE#         1985
  C:05F7H         LINE#         1987
  C:05F7H         LINE#         1988
  C:05F9H         LINE#         1989
  C:05FCH         LINE#         1990
  C:05FFH         LINE#         1991
  C:05FFH         LINE#         1993
  C:0611H         LINE#         1994
  C:0611H         LINE#         1996
  C:061AH         LINE#         1997
  C:061AH         LINE#         1998
  C:062FH         LINE#         1999
  C:0636H         LINE#         2000
  C:0636H         LINE#         2002
  C:064EH         LINE#         2003
  C:064EH         LINE#         2005
  C:064EH         LINE#         2006
  C:0663H         LINE#         2007
  C:0663H         LINE#         2008
  C:0665H         LINE#         2009
  C:0666H         LINE#         2016
  C:0666H         LINE#         2017
  C:067BH         LINE#         2018
  C:067BH         LINE#         2020
  C:067BH         LINE#         2021
  C:0690H         LINE#         2022
  C:0690H         LINE#         2023
  C:0692H         LINE#         2024
  C:0693H         LINE#         2026
  C:0693H         LINE#         2027
  C:069CH         LINE#         2028
  C:069CH         LINE#         2029
  C:069CH         LINE#         2031
  C:069CH         LINE#         2032
  C:069CH         LINE#         2034
  C:069DH         LINE#         2036
  C:069DH         LINE#         2037
  C:06A3H         LINE#         2038
  C:06A3H         LINE#         2039
  C:06A6H         LINE#         2040
  C:06BAH         LINE#         2041
  C:06BFH         LINE#         2042
BL51 BANKED LINKER/LOCATER V6.22                                                      12/22/2020  20:45:53  PAGE 42


  C:06C2H         LINE#         2043
  C:06C5H         LINE#         2044
  C:06CAH         LINE#         2045
  C:06CAH         LINE#         2047
  C:06CAH         LINE#         2048
  C:06CDH         LINE#         2049
  C:06CDH         LINE#         2051
  C:06CDH         LINE#         2052
  C:06CDH         LINE#         2054
  C:06CDH         LINE#         2056
  C:06CEH         LINE#         2058
  C:06CEH         LINE#         2059
  C:06D1H         LINE#         2060
  C:06D6H         LINE#         2061
  C:06D8H         LINE#         2062
  C:06DAH         LINE#         2063
  C:06DEH         LINE#         2064
  C:06E2H         LINE#         2065
  C:06E6H         LINE#         2066
  C:06E8H         LINE#         2067
  C:06EAH         LINE#         2068
  C:06ECH         LINE#         2069
  C:06EEH         LINE#         2070
  C:06F0H         LINE#         2071
  C:06F2H         LINE#         2072
  C:06F2H         LINE#         2073
  -------         ENDPROC       KEY_OPERATE
  -------         PROC          MAIN
  -------         DO            
  D:0040H         SYMBOL        tt
  -------         ENDDO         
  C:1B98H         LINE#         2074
  C:1B98H         LINE#         2075
  C:1B98H         LINE#         2076
  C:1B9DH         LINE#         2078
  C:1BA0H         LINE#         2079
  C:1BA5H         LINE#         2082
  C:1BA8H         LINE#         2083
  C:1BABH         LINE#         2084
  C:1BAEH         LINE#         2085
  C:1BB0H         LINE#         2086
  C:1BB6H         LINE#         2087
  C:1BBCH         LINE#         2089
  C:1BBFH         LINE#         2090
  C:1BC4H         LINE#         2091
  C:1BD9H         LINE#         2092
  C:1BD9H         LINE#         2093
  C:1BE0H         LINE#         2094
  C:1BE5H         LINE#         2095
  C:1BE8H         LINE#         2096
  C:1BEAH         LINE#         2098
  C:1BEAH         LINE#         2099
  C:1BEAH         LINE#         2100
  C:1BF1H         LINE#         2101
  C:1BF4H         LINE#         2102
  C:1BF7H         LINE#         2103
  C:1BFAH         LINE#         2104
BL51 BANKED LINKER/LOCATER V6.22                                                      12/22/2020  20:45:53  PAGE 43


  C:1BFFH         LINE#         2105
  C:1C02H         LINE#         2106
  C:1C0FH         LINE#         2107
  C:1C0FH         LINE#         2108
  C:1C12H         LINE#         2109
  C:1C17H         LINE#         2110
  C:1C17H         LINE#         2111
  C:1C1FH         LINE#         2113
  -------         ENDPROC       MAIN
  -------         PROC          TIMER0_RPT
  -------         DO            
  D:0019H         SYMBOL        i
  -------         ENDDO         
  C:1A64H         LINE#         2121
  C:1A81H         LINE#         2124
  C:1A87H         LINE#         2125
  C:1A87H         LINE#         2126
  C:1AA2H         LINE#         2127
  C:1AA2H         LINE#         2128
  C:1AA8H         LINE#         2129
  C:1AB2H         LINE#         2130
  C:1AB2H         LINE#         2131
  C:1ABAH         LINE#         2132
  C:1ABCH         LINE#         2134
  C:1ABCH         LINE#         2135
  C:1AC7H         LINE#         2136
  C:1AC7H         LINE#         2137
  C:1AD2H         LINE#         2138
  C:1AD2H         LINE#         2139
  C:1AD7H         LINE#         2140
  C:1AD7H         LINE#         2141
  C:1ADFH         LINE#         2142
  C:1ADFH         LINE#         2143
  C:1AE1H         LINE#         2145
  C:1AE1H         LINE#         2146
  C:1AE9H         LINE#         2147
  C:1AE9H         LINE#         2149
  C:1AE9H         LINE#         2150
  C:1AE9H         LINE#         2151
  C:1AE9H         LINE#         2152
  C:1AEBH         LINE#         2154
  C:1AEBH         LINE#         2155
  C:1AF1H         LINE#         2156
  C:1AF1H         LINE#         2157
  -------         ENDPROC       TIMER0_RPT
  -------         PROC          UART1_RPT
  C:0003H         LINE#         2164
  C:0003H         LINE#         2166
  C:0003H         LINE#         2167
  C:0003H         LINE#         2168
  C:0003H         LINE#         2169
  -------         ENDPROC       UART1_RPT
  -------         ENDMOD        MAIN

  -------         MODULE        ?C?UIDIV
  C:17EEH         PUBLIC        ?C?UIDIV
  -------         ENDMOD        ?C?UIDIV
BL51 BANKED LINKER/LOCATER V6.22                                                      12/22/2020  20:45:53  PAGE 44



  -------         MODULE        ?C?SIDIV
  C:1843H         PUBLIC        ?C?SIDIV
  -------         ENDMOD        ?C?SIDIV

  -------         MODULE        ?C?SLCMP
  C:1879H         PUBLIC        ?C?SLCMP
  -------         ENDMOD        ?C?SLCMP

  -------         MODULE        ?C?ULCMP
  C:188FH         PUBLIC        ?C?ULCMP
  -------         ENDMOD        ?C?ULCMP

  -------         MODULE        ?C?CCASE
  C:18A0H         PUBLIC        ?C?CCASE
  -------         ENDMOD        ?C?CCASE

*** WARNING L16: UNCALLED SEGMENT, IGNORED FOR OVERLAY PROCESS
    SEGMENT: ?PR?INIT_UART1?MAIN

*** WARNING L16: UNCALLED SEGMENT, IGNORED FOR OVERLAY PROCESS
    SEGMENT: ?PR?_PUTCHAR?MAIN

Program Size: data=71.0 xdata=180 code=7854
LINK/LOCATE RUN COMPLETE.  2 WARNING(S),  0 ERROR(S)
