BL51 BANKED LINKER/LOCATER V6.22                                                        12/26/2020  13:12:13  PAGE 1


BL51 BANKED LINKER/LOCATER V6.22, INVOKED BY:
F:\KEIL\C51\BIN\BL51.EXE .\Objects\STARTUP.obj, .\Objects\main.obj TO .\Objects\Pro PRINT (.\Listings\Pro.m51) RAMSIZE (
>> 256) CODE (0X0000-0X7FFF) XDATA (0X0000-0X00FF)


MEMORY MODEL: SMALL


INPUT MODULES INCLUDED:
  .\Objects\STARTUP.obj (?C_STARTUP)
  .\Objects\main.obj (MAIN)
  F:\KEIL\C51\LIB\C51S.LIB (?C_INIT)
  F:\KEIL\C51\LIB\C51S.LIB (?C?UIDIV)
  F:\KEIL\C51\LIB\C51S.LIB (?C?SIDIV)
  F:\KEIL\C51\LIB\C51S.LIB (?C?SLCMP)
  F:\KEIL\C51\LIB\C51S.LIB (?C?ULCMP)
  F:\KEIL\C51\LIB\C51S.LIB (?C?CCASE)


LINK MAP OF MODULE:  .\Objects\Pro (?C_STARTUP)


            TYPE    BASE      LENGTH    RELOCATION   SEGMENT NAME
            -----------------------------------------------------

            * * * * * * *   D A T A   M E M O R Y   * * * * * * *
            REG     0000H     0008H     ABSOLUTE     "REG BANK 0"
            DATA    0008H     0038H     UNIT         ?DT?MAIN
            DATA    0040H     0006H     UNIT         _DATA_GROUP_
            IDATA   0046H     0001H     UNIT         ?STACK

            * * * * * * *  X D A T A   M E M O R Y  * * * * * * *
            XDATA   0000H     0043H     UNIT         ?XD?MAIN
                    0043H     FE3DH                  *** GAP ***
            XDATA   FE80H     0001H     ABSOLUTE     
                    FE81H     0004H                  *** GAP ***
            XDATA   FE85H     0001H     ABSOLUTE     
                    FE86H     0002H                  *** GAP ***
            XDATA   FE88H     0001H     ABSOLUTE     
            XDATA   FE89H     0001H     ABSOLUTE     
            XDATA   FE8AH     0001H     ABSOLUTE     
                    FE8BH     0006H                  *** GAP ***
            XDATA   FE91H     0001H     ABSOLUTE     
            XDATA   FE92H     0001H     ABSOLUTE     
            XDATA   FE93H     0001H     ABSOLUTE     
            XDATA   FE94H     0001H     ABSOLUTE     
            XDATA   FE95H     0001H     ABSOLUTE     
                    FE96H     0005H                  *** GAP ***
            XDATA   FE9BH     0001H     ABSOLUTE     
                    FE9CH     0004H                  *** GAP ***
            XDATA   FEA0H     0001H     ABSOLUTE     
                    FEA1H     0001H                  *** GAP ***
            XDATA   FEA2H     0001H     ABSOLUTE     
                    FEA3H     0001H                  *** GAP ***
            XDATA   FEA4H     0001H     ABSOLUTE     
            XDATA   FEA5H     0001H     ABSOLUTE     
                    FEA6H     0001H                  *** GAP ***
            XDATA   FEA7H     0001H     ABSOLUTE     
BL51 BANKED LINKER/LOCATER V6.22                                                      12/26/2020  13:12:13  PAGE 2


                    FEA8H     0002H                  *** GAP ***
            XDATA   FEAAH     0001H     ABSOLUTE     
                    FEABH     0005H                  *** GAP ***
            XDATA   FEB0H     0001H     ABSOLUTE     
            XDATA   FEB1H     0001H     ABSOLUTE     
            XDATA   FEB2H     0001H     ABSOLUTE     
            XDATA   FEB3H     0001H     ABSOLUTE     
            XDATA   FEB4H     0001H     ABSOLUTE     
                    FEB5H     0003H                  *** GAP ***
            XDATA   FEB8H     0001H     ABSOLUTE     
            XDATA   FEB9H     0001H     ABSOLUTE     
            XDATA   FEBAH     0001H     ABSOLUTE     
                    FEBBH     0001H                  *** GAP ***
            XDATA   FEBCH     0001H     ABSOLUTE     
            XDATA   FEBDH     0001H     ABSOLUTE     
            XDATA   FEBEH     0001H     ABSOLUTE     
                    FEBFH     0001H                  *** GAP ***
            XDATA   FEC0H     0001H     ABSOLUTE     
                    FEC1H     000FH                  *** GAP ***
            XDATA   FED0H     0001H     ABSOLUTE     
            XDATA   FED1H     0001H     ABSOLUTE     
            XDATA   FED2H     0001H     ABSOLUTE     
            XDATA   FED3H     0001H     ABSOLUTE     
                    FED4H     000CH                  *** GAP ***
            XDATA   FEE0H     0002H     ABSOLUTE     
            XDATA   FEE2H     0002H     ABSOLUTE     
            XDATA   FEE4H     0002H     ABSOLUTE     
            XDATA   FEE6H     0002H     ABSOLUTE     
            XDATA   FEE8H     0002H     ABSOLUTE     
            XDATA   FEEAH     0002H     ABSOLUTE     
            XDATA   FEECH     0002H     ABSOLUTE     
            XDATA   FEEEH     0002H     ABSOLUTE     
                    FEF0H     0010H                  *** GAP ***
            XDATA   FF00H     0001H     ABSOLUTE     
            XDATA   FF01H     0001H     ABSOLUTE     
            XDATA   FF02H     0001H     ABSOLUTE     
            XDATA   FF03H     0001H     ABSOLUTE     
            XDATA   FF04H     0001H     ABSOLUTE     
            XDATA   FF05H     0001H     ABSOLUTE     
            XDATA   FF06H     0001H     ABSOLUTE     
            XDATA   FF07H     0001H     ABSOLUTE     
            XDATA   FF08H     0001H     ABSOLUTE     
            XDATA   FF09H     0001H     ABSOLUTE     
            XDATA   FF0AH     0001H     ABSOLUTE     
            XDATA   FF0BH     0001H     ABSOLUTE     
            XDATA   FF0CH     0001H     ABSOLUTE     
            XDATA   FF0DH     0001H     ABSOLUTE     
            XDATA   FF0EH     0001H     ABSOLUTE     
            XDATA   FF0FH     0001H     ABSOLUTE     
            XDATA   FF10H     0001H     ABSOLUTE     
            XDATA   FF11H     0001H     ABSOLUTE     
            XDATA   FF12H     0001H     ABSOLUTE     
            XDATA   FF13H     0001H     ABSOLUTE     
            XDATA   FF14H     0001H     ABSOLUTE     
            XDATA   FF15H     0001H     ABSOLUTE     
            XDATA   FF16H     0001H     ABSOLUTE     
            XDATA   FF17H     0001H     ABSOLUTE     
BL51 BANKED LINKER/LOCATER V6.22                                                      12/26/2020  13:12:13  PAGE 3


            XDATA   FF18H     0001H     ABSOLUTE     
            XDATA   FF19H     0001H     ABSOLUTE     
            XDATA   FF1AH     0001H     ABSOLUTE     
            XDATA   FF1BH     0001H     ABSOLUTE     
            XDATA   FF1CH     0001H     ABSOLUTE     
            XDATA   FF1DH     0001H     ABSOLUTE     
                    FF1EH     0022H                  *** GAP ***
            XDATA   FF40H     0001H     ABSOLUTE     
            XDATA   FF41H     0001H     ABSOLUTE     
            XDATA   FF42H     0001H     ABSOLUTE     
                    FF43H     001DH                  *** GAP ***
            XDATA   FF60H     0001H     ABSOLUTE     
            XDATA   FF61H     0001H     ABSOLUTE     
            XDATA   FF62H     0001H     ABSOLUTE     
            XDATA   FF63H     0001H     ABSOLUTE     
                    FF64H     0004H                  *** GAP ***
            XDATA   FF68H     0001H     ABSOLUTE     
            XDATA   FF69H     0001H     ABSOLUTE     
            XDATA   FF6AH     0001H     ABSOLUTE     
            XDATA   FF6BH     0001H     ABSOLUTE     
                    FF6CH     0014H                  *** GAP ***
            XDATA   FF80H     0001H     ABSOLUTE     
            XDATA   FF81H     0001H     ABSOLUTE     
                    FF82H     0001H                  *** GAP ***
            XDATA   FF83H     0001H     ABSOLUTE     
            XDATA   FF84H     0001H     ABSOLUTE     
            XDATA   FF85H     0001H     ABSOLUTE     
                    FF86H     0009H                  *** GAP ***
            XDATA   FF8FH     0001H     ABSOLUTE     
            XDATA   FF90H     0001H     ABSOLUTE     
            XDATA   FF91H     0001H     ABSOLUTE     
                    FF92H     0002H                  *** GAP ***
            XDATA   FF94H     0001H     ABSOLUTE     
            XDATA   FF95H     0001H     ABSOLUTE     
                    FF96H     0002H                  *** GAP ***
            XDATA   FF98H     0001H     ABSOLUTE     
            XDATA   FF99H     0001H     ABSOLUTE     
                    FF9AH     0002H                  *** GAP ***
            XDATA   FF9CH     0001H     ABSOLUTE     
                    FF9DH     0003H                  *** GAP ***
            XDATA   FFA0H     0001H     ABSOLUTE     
            XDATA   FFA1H     0001H     ABSOLUTE     
            XDATA   FFA2H     0001H     ABSOLUTE     
            XDATA   FFA3H     0001H     ABSOLUTE     
            XDATA   FFA4H     0001H     ABSOLUTE     
            XDATA   FFA5H     0001H     ABSOLUTE     
            XDATA   FFA6H     0001H     ABSOLUTE     
            XDATA   FFA7H     0001H     ABSOLUTE     
            XDATA   FFA8H     0001H     ABSOLUTE     
            XDATA   FFA9H     0001H     ABSOLUTE     

            * * * * * * *   C O D E   M E M O R Y   * * * * * * *
            CODE    0000H     0003H     ABSOLUTE     
            CODE    0003H     0001H     UNIT         ?PR?UART1_RPT?MAIN
                    0004H     0007H                  *** GAP ***
            CODE    000BH     0003H     ABSOLUTE     
            CODE    000EH     0014H     UNIT         ?PR?INIT_TIMER0?MAIN
BL51 BANKED LINKER/LOCATER V6.22                                                      12/26/2020  13:12:13  PAGE 4


                    0022H     0001H                  *** GAP ***
            CODE    0023H     0003H     ABSOLUTE     
            CODE    0026H     073AH     UNIT         ?PR?KEY_OPERATE?MAIN
            CODE    0760H     02E1H     UNIT         ?PR?KEY_JIAN?MAIN
            CODE    0A41H     02D5H     UNIT         ?PR?DISPLAY?MAIN
            CODE    0D16H     0244H     UNIT         ?PR?SHOW_SHU_MA_GUAN_WORKING?MAIN
            CODE    0F5AH     0221H     UNIT         ?PR?KEY_PLUS?MAIN
            CODE    117BH     0190H     UNIT         ?CO?MAIN
            CODE    130BH     0148H     UNIT         ?PR?SHOW_SHU_MA_GUAN_SETING?MAIN
            CODE    1453H     0141H     UNIT         ?PR?XIAO_PENG_REN_SHI_JIAN?MAIN
            CODE    1594H     0109H     UNIT         ?C_INITSEG
            CODE    169DH     0102H     UNIT         ?PR?KEY_SCAN?MAIN
            CODE    179FH     00DAH     UNIT         ?PR?SHOW_LED?MAIN
            CODE    1879H     00D8H     UNIT         ?C?LIB_CODE
            CODE    1951H     00D3H     UNIT         ?PR?GET_TEMP?MAIN
            CODE    1A24H     00CBH     UNIT         ?PR?_BUZZER?MAIN
            CODE    1AEFH     00A8H     UNIT         ?PR?TIMER0_RPT?MAIN
            CODE    1B97H     008CH     UNIT         ?C_C51STARTUP
            CODE    1C23H     0089H     UNIT         ?PR?MAIN?MAIN
            CODE    1CACH     006BH     UNIT         ?PR?INIT_DISPLAY?MAIN
            CODE    1D17H     006BH     UNIT         ?PR?SHOW_NONE?MAIN
            CODE    1D82H     006AH     UNIT         ?PR?SHOW_STOP?MAIN
            CODE    1DECH     0069H     UNIT         ?PR?SHOW_ALL?MAIN
            CODE    1E55H     002DH     UNIT         ?PR?SHOW_CHANG_DUAN?MAIN
            CODE    1E82H     0026H     UNIT         ?PR?CHECK_YA_LI_KAI_GUAN?MAIN
            CODE    1EA8H     001BH     UNIT         ?PR?_DELAY_MS?MAIN
            CODE    1EC3H     001AH     UNIT         ?PR?INIT_NTC_ADC?MAIN
            CODE    1EDDH     0019H     UNIT         ?PR?INIT_UART1?MAIN
            CODE    1EF6H     0016H     UNIT         ?PR?_DELAY_50US?MAIN
            CODE    1F0CH     0016H     UNIT         ?PR?GET_NTC_ADC?MAIN
            CODE    1F22H     000BH     UNIT         ?PR?_DELAY_1US?MAIN
            CODE    1F2DH     000BH     UNIT         ?PR?_PUTCHAR?MAIN
            CODE    1F38H     0009H     UNIT         ?PR?SHOW_SETING?MAIN



OVERLAY MAP OF MODULE:   .\Objects\Pro (?C_STARTUP)


SEGMENT                                     DATA_GROUP 
  +--> CALLED SEGMENT                     START    LENGTH
---------------------------------------------------------
?C_C51STARTUP                             -----    -----
  +--> ?PR?MAIN?MAIN
  +--> ?C_INITSEG

?PR?MAIN?MAIN                             0040H    0002H
  +--> ?PR?INIT_NTC_ADC?MAIN
  +--> ?PR?INIT_TIMER0?MAIN
  +--> ?PR?INIT_DISPLAY?MAIN
  +--> ?PR?SHOW_ALL?MAIN
  +--> ?PR?_BUZZER?MAIN
  +--> ?PR?_DELAY_MS?MAIN
  +--> ?PR?DISPLAY?MAIN
  +--> ?PR?KEY_SCAN?MAIN
  +--> ?PR?KEY_OPERATE?MAIN
  +--> ?PR?CHECK_YA_LI_KAI_GUAN?MAIN
BL51 BANKED LINKER/LOCATER V6.22                                                      12/26/2020  13:12:13  PAGE 5


  +--> ?PR?GET_TEMP?MAIN

?PR?INIT_NTC_ADC?MAIN                     -----    -----
  +--> ?PR?_DELAY_50US?MAIN

?PR?_DELAY_MS?MAIN                        -----    -----
  +--> ?PR?_DELAY_50US?MAIN

?PR?DISPLAY?MAIN                          -----    -----
  +--> ?PR?INIT_DISPLAY?MAIN

?PR?KEY_SCAN?MAIN                         -----    -----
  +--> ?PR?_DELAY_1US?MAIN

?PR?_DELAY_1US?MAIN                       0042H    0002H

?PR?KEY_OPERATE?MAIN                      -----    -----
  +--> ?PR?KEY_PLUS?MAIN
  +--> ?PR?KEY_JIAN?MAIN
  +--> ?PR?_BUZZER?MAIN
  +--> ?PR?XIAO_PENG_REN_SHI_JIAN?MAIN
  +--> ?PR?SHOW_SETING?MAIN
  +--> ?PR?SHOW_NONE?MAIN
  +--> ?PR?SHOW_SHU_MA_GUAN_WORKING?MAIN
  +--> ?PR?SHOW_LED?MAIN
  +--> ?PR?SHOW_STOP?MAIN

?PR?XIAO_PENG_REN_SHI_JIAN?MAIN           -----    -----
  +--> ?PR?_BUZZER?MAIN

?PR?SHOW_SETING?MAIN                      -----    -----
  +--> ?PR?SHOW_NONE?MAIN
  +--> ?PR?SHOW_SHU_MA_GUAN_SETING?MAIN
  +--> ?PR?SHOW_LED?MAIN

?PR?SHOW_LED?MAIN                         -----    -----
  +--> ?PR?SHOW_CHANG_DUAN?MAIN

?PR?SHOW_STOP?MAIN                        -----    -----
  +--> ?PR?SHOW_NONE?MAIN

?PR?CHECK_YA_LI_KAI_GUAN?MAIN             -----    -----
  +--> ?PR?_BUZZER?MAIN

?PR?GET_TEMP?MAIN                         0042H    0004H
  +--> ?PR?GET_NTC_ADC?MAIN
  +--> ?CO?MAIN
  +--> ?PR?_BUZZER?MAIN

?PR?GET_NTC_ADC?MAIN                      -----    -----
  +--> ?PR?_DELAY_MS?MAIN



SYMBOL TABLE OF MODULE:  .\Objects\Pro (?C_STARTUP)

  VALUE           TYPE          NAME
BL51 BANKED LINKER/LOCATER V6.22                                                      12/26/2020  13:12:13  PAGE 6


  ----------------------------------

  -------         MODULE        ?C_STARTUP
  C:1B97H         SEGMENT       ?C_C51STARTUP
  I:0046H         SEGMENT       ?STACK
  C:0000H         PUBLIC        ?C_STARTUP
  D:00E0H         SYMBOL        ACC
  D:00F0H         SYMBOL        B
  D:0083H         SYMBOL        DPH
  D:0082H         SYMBOL        DPL
  N:0000H         SYMBOL        IBPSTACK
  N:0100H         SYMBOL        IBPSTACKTOP
  N:0080H         SYMBOL        IDATALEN
  C:1B9AH         SYMBOL        IDATALOOP
  N:0000H         SYMBOL        PBPSTACK
  N:0100H         SYMBOL        PBPSTACKTOP
  N:0000H         SYMBOL        PDATALEN
  N:0000H         SYMBOL        PDATASTART
  N:0000H         SYMBOL        PPAGE
  N:0000H         SYMBOL        PPAGEENABLE
  D:00A0H         SYMBOL        PPAGE_SFR
  D:0081H         SYMBOL        SP
  C:1B97H         SYMBOL        STARTUP1
  N:0000H         SYMBOL        XBPSTACK
  N:0000H         SYMBOL        XBPSTACKTOP
  N:0000H         SYMBOL        XDATALEN
  N:0000H         SYMBOL        XDATASTART
  C:0000H         LINE#         126
  C:1B97H         LINE#         133
  C:1B99H         LINE#         134
  C:1B9AH         LINE#         135
  C:1B9BH         LINE#         136
  C:1B9DH         LINE#         185
  C:1BA0H         LINE#         196
  -------         ENDMOD        ?C_STARTUP

  -------         MODULE        MAIN
  C:0000H         SYMBOL        _ICE_DUMMY_
  X:FF08H         PUBLIC        P1M0
  X:FF01H         PUBLIC        P0M1
  X:0000H         PUBLIC        g_shi_jian_liang_dian
  X:FF10H         PUBLIC        P2M0
  X:FF09H         PUBLIC        P1M1
  X:FF02H         PUBLIC        P0M2
  D:0080H         PUBLIC        P0
  X:FF18H         PUBLIC        P3M0
  X:FF11H         PUBLIC        P2M1
  X:FF0AH         PUBLIC        P1M2
  X:FF03H         PUBLIC        P0M3
  D:0090H         PUBLIC        P1
  D:001BH         PUBLIC        g_peng_ren_wen_du
  X:FF19H         PUBLIC        P3M1
  X:FF12H         PUBLIC        P2M2
  X:FF0BH         PUBLIC        P1M3
  X:FF04H         PUBLIC        P0M4
  D:00A0H         PUBLIC        P2
  X:FF1AH         PUBLIC        P3M2
BL51 BANKED LINKER/LOCATER V6.22                                                      12/26/2020  13:12:13  PAGE 7


  X:FF13H         PUBLIC        P2M3
  X:FF0CH         PUBLIC        P1M4
  X:FF05H         PUBLIC        P0M5
  D:00B0H         PUBLIC        P3
  X:FF1BH         PUBLIC        P3M3
  X:FF14H         PUBLIC        P2M4
  X:FF0DH         PUBLIC        P1M5
  X:FF06H         PUBLIC        P0M6
  X:FF1CH         PUBLIC        P3M4
  X:FF15H         PUBLIC        P2M5
  X:FF0EH         PUBLIC        P1M6
  X:FF07H         PUBLIC        P0M7
  X:FF1DH         PUBLIC        P3M5
  X:FF16H         PUBLIC        P2M6
  X:FF0FH         PUBLIC        P1M7
  B:00A8H.7       PUBLIC        EA
  C:0003H         PUBLIC        UART1_Rpt
  C:1EDDH         PUBLIC        init_uart1
  X:0001H         PUBLIC        g_jian_kang_zheng_led
  X:FF17H         PUBLIC        P2M7
  X:FEC0H         PUBLIC        SCANCON
  X:FEBDH         PUBLIC        TRMEN
  D:001CH         PUBLIC        g_yu_yue_ing
  X:FE94H         PUBLIC        XTALCFG
  D:001DH         PUBLIC        g_kid_lock
  D:00A8H         PUBLIC        IE
  D:001EH         PUBLIC        g_err_code
  X:0002H         PUBLIC        g_key_code
  B:0080H.0       PUBLIC        P0_0
  B:0090H.0       PUBLIC        P1_0
  B:0080H.1       PUBLIC        P0_1
  C:1CACH         PUBLIC        init_display
  X:0003H         PUBLIC        g_zha_liang_led
  X:0004H         PUBLIC        g_lao_huo_man_dun_led
  B:00A0H.0       PUBLIC        P2_0
  B:0090H.1       PUBLIC        P1_1
  B:0080H.2       PUBLIC        P0_2
  C:1453H         PUBLIC        xiao_peng_ren_shi_jian
  B:00A0H.1       PUBLIC        P2_1
  B:0080H.3       PUBLIC        P0_3
  D:00F8H         PUBLIC        RSTFR
  B:00A0H.2       PUBLIC        P2_2
  B:0090H.3       PUBLIC        P1_3
  B:0080H.4       PUBLIC        P0_4
  D:001FH         PUBLIC        g_work_mode
  B:0090H.4       PUBLIC        P1_4
  B:0080H.5       PUBLIC        P0_5
  X:FF91H         PUBLIC        PWM01_MAP
  B:00A0H.4       PUBLIC        P2_4
  B:0080H.6       PUBLIC        P0_6
  D:0020H         PUBLIC        g_yu_yue_shi_jian
  X:FF95H         PUBLIC        PWM11_MAP
  B:00B0H.4       PUBLIC        P3_4
  B:0090H.6       PUBLIC        P1_6
  B:0080H.7       PUBLIC        P0_7
  C:1E82H         PUBLIC        check_ya_li_kai_guan
  X:0005H         PUBLIC        g_jian_cao_led
BL51 BANKED LINKER/LOCATER V6.22                                                      12/26/2020  13:12:13  PAGE 8


  X:FFA3H         PUBLIC        SDA_MAP
  X:FF99H         PUBLIC        PWM21_MAP
  B:00A0H.6       PUBLIC        P2_6
  B:0090H.7       PUBLIC        P1_7
  X:FEE0H         PUBLIC        SCR0
  X:FE89H         PUBLIC        S2CON2
  B:00A0H.7       PUBLIC        P2_7
  C:0D16H         PUBLIC        show_shu_ma_guan_working
  X:FEE2H         PUBLIC        SCR1
  X:FEE4H         PUBLIC        SCR2
  D:00B6H         PUBLIC        ADCR
  X:FEE6H         PUBLIC        SCR3
  X:FEA2H         PUBLIC        CRCC
  X:FE85H         PUBLIC        T5CON1
  X:FEE8H         PUBLIC        SCR4
  X:FEEAH         PUBLIC        SCR5
  D:0022H         PUBLIC        g_work_start
  X:FEECH         PUBLIC        SCR6
  C:0026H         PUBLIC        key_operate
  X:FEEEH         PUBLIC        SCR7
  C:1EF6H         PUBLIC        _Delay_50us
  X:0006H         PUBLIC        g_feng_pei_led
  X:FFA5H         PUBLIC        SCK_MAP
  C:130BH         PUBLIC        show_shu_ma_guan_seting
  D:0023H         PUBLIC        g_operate_counter
  X:FFA2H         PUBLIC        SCL_MAP
  C:1A24H         PUBLIC        _buzzer
  D:0025H         PUBLIC        g_peng_ren_shi_chang
  C:1C23H         PUBLIC        main
  D:0027H         PUBLIC        g_dai_P
  X:FEA4H         PUBLIC        BORC
  X:0007H         PUBLIC        g_L_led
  X:0008H         PUBLIC        g_dan_gao_led
  X:0009H         PUBLIC        g_fa_jiao_led
  X:000AH         PUBLIC        g_P_led
  X:FFA1H         PUBLIC        RXD_MAP
  X:FEA5H         PUBLIC        BORDBC
  X:FFA0H         PUBLIC        TXD_MAP
  X:FEA7H         PUBLIC        LVDDBC
  D:0099H         PUBLIC        SBUF
  C:1F38H         PUBLIC        show_seting
  X:FEB8H         PUBLIC        PINTE0
  C:1E55H         PUBLIC        show_chang_duan
  C:1EA8H         PUBLIC        _Delay_ms
  D:0028H         PUBLIC        g_working_counter
  X:FEB9H         PUBLIC        PINTE1
  X:000BH         PUBLIC        g_dun_tang_led
  X:FEBCH         PUBLIC        P2INTE
  X:FEBAH         PUBLIC        PINTE2
  D:0098H         PUBLIC        SCON
  D:0089H         PUBLIC        TMOD
  D:0088H         PUBLIC        TCON
  D:002AH         PUBLIC        g_peng_ren_chang_duan_shi_jian
  X:000CH         PUBLIC        g_suan_nao_led
  X:FE95H         PUBLIC        SPOV_RSTEN
  D:002BH         PUBLIC        g_peng_ren_over
  D:002CH         PUBLIC        g_seting_wen_du
BL51 BANKED LINKER/LOCATER V6.22                                                      12/26/2020  13:12:13  PAGE 9


  D:00B4H         PUBLIC        ADCC0
  D:00B5H         PUBLIC        ADCC1
  X:000DH         PUBLIC        g_bao_wen_led
  X:FE9BH         PUBLIC        ADCC2
  D:002DH         PUBLIC        g_fun_index1
  X:FE91H         PUBLIC        CLKDIV
  D:00B8H         PUBLIC        IE1
  D:002EH         PUBLIC        g_fun_index2
  D:00D8H         PUBLIC        IE2
  X:000EH         PUBLIC        g_yan_mai_led
  X:000FH         PUBLIC        g_default_time
  X:FF80H         PUBLIC        T0_MAP
  X:0035H         PUBLIC        g_dou_lei_led
  X:FF81H         PUBLIC        T1_MAP
  X:FEAAH         PUBLIC        RSTDBC
  X:FF83H         PUBLIC        T3_MAP
  X:0036H         PUBLIC        g_ji_dan_led
  X:FF84H         PUBLIC        T4_MAP
  X:FF85H         PUBLIC        T5_MAP
  X:FEA0H         PUBLIC        WDTCCR
  X:FEBEH         PUBLIC        TRMV
  C:1AEFH         PUBLIC        TIMER0_Rpt
  X:0037H         PUBLIC        g_mi_fan_led
  X:0038H         PUBLIC        g_xiao_du_led
  D:008CH         PUBLIC        TH0
  C:0769H         PUBLIC        key_jian
  D:00CEH         PUBLIC        TH4
  D:008AH         PUBLIC        TL0
  C:169DH         PUBLIC        key_scan
  X:FED0H         PUBLIC        SCCH0
  X:FED1H         PUBLIC        SCCH1
  D:002FH         PUBLIC        g_hoting
  X:FED2H         PUBLIC        SCCH2
  X:FE93H         PUBLIC        CLKOUT
  D:00CDH         PUBLIC        TL4
  X:FED3H         PUBLIC        SCCH3
  C:1D17H         PUBLIC        show_none
  X:0039H         PUBLIC        g_shu_ma_guan
  D:008EH         PUBLIC        CLKSWR
  C:179FH         PUBLIC        show_led
  C:1951H         PUBLIC        get_temp
  D:0030H         PUBLIC        g_xiao_peng_ren_shi_jian
  C:1DECH         PUBLIC        show_all
  D:0031H         PUBLIC        g_P_bao_ya_counter_start
  X:003DH         PUBLIC        g_dun_rou_led
  X:FFA9H         PUBLIC        RXD2_MAP
  X:FFA8H         PUBLIC        TXD2_MAP
  C:117BH         PUBLIC        Temp_Table
  X:FE8AH         PUBLIC        S2BUF
  X:FF90H         PUBLIC        PWM0_MAP
  D:0032H         PUBLIC        g_dai_no_P
  X:FFA4H         PUBLIC        SS_MAP
  X:FF94H         PUBLIC        PWM1_MAP
  X:FF98H         PUBLIC        PWM2_MAP
  X:FE88H         PUBLIC        S2CON
  X:FE80H         PUBLIC        TCON1
  D:009EH         PUBLIC        SCON2
BL51 BANKED LINKER/LOCATER V6.22                                                      12/26/2020  13:12:13  PAGE 10


  C:1EC3H         PUBLIC        init_ntc_adc
  X:FF9CH         PUBLIC        PWM3_MAP
  D:0033H         PUBLIC        g_currnet_temp
  X:FF8FH         PUBLIC        CLKO_MAP
  D:00CCH         PUBLIC        T4CON
  X:FE92H         PUBLIC        FREQ_CLK
  C:000EH         PUBLIC        init_timer0
  D:00DDH         PUBLIC        PWM3C
  C:1D82H         PUBLIC        show_stop
  C:1F22H         PUBLIC        _Delay_1us
  D:00DFH         PUBLIC        PWM3D
  X:003EH         PUBLIC        g_chang_duan_led
  X:0041H         PUBLIC        g_ji_ya_led
  C:0F63H         PUBLIC        key_plus
  X:FEB0H         PUBLIC        PITS0
  C:1F12H         PUBLIC        get_ntc_adc
  D:0035H         PUBLIC        g_work_counter
  X:FEB1H         PUBLIC        PITS1
  X:FEB2H         PUBLIC        PITS2
  X:FF6BH         PUBLIC        SEGP0EN
  X:FF63H         PUBLIC        COMP0EN
  X:FEB3H         PUBLIC        PITS3
  D:0037H         PUBLIC        g_stop_counter
  X:FF6AH         PUBLIC        SEGP1EN
  X:FF62H         PUBLIC        COMP1EN
  X:FEB4H         PUBLIC        PITS4
  X:FF69H         PUBLIC        SEGP2EN
  X:FF61H         PUBLIC        COMP2EN
  D:003BH         PUBLIC        g_RLY_work_time
  X:FF68H         PUBLIC        SEGP3EN
  X:FF60H         PUBLIC        COMP3EN
  X:FFA7H         PUBLIC        MISO_MAP
  X:FFA6H         PUBLIC        MOSI_MAP
  D:00DEH         PUBLIC        PWM3P
  C:0A41H         PUBLIC        display
  X:FF40H         PUBLIC        P00DBC
  D:00D0H         PUBLIC        PSW
  C:1F2DH         PUBLIC        _putchar
  X:0042H         PUBLIC        g_din_wen_peng_ren_led
  X:FF41H         PUBLIC        P01DBC
  X:FF42H         PUBLIC        P02DBC
  D:003FH         PUBLIC        g_ya_li_kai_guan
  X:FF00H         PUBLIC        P0M0
  -------         PROC          _DELAY_1US
  D:0042H         SYMBOL        n
  -------         DO            
  D:0007H         SYMBOL        i
  -------         ENDDO         
  C:1F22H         LINE#         178
  C:1F26H         LINE#         179
  C:1F26H         LINE#         182
  C:1F2CH         LINE#         184
  -------         ENDPROC       _DELAY_1US
  -------         PROC          _DELAY_50US
  D:0006H         SYMBOL        n
  -------         DO            
  D:0005H         SYMBOL        i
BL51 BANKED LINKER/LOCATER V6.22                                                      12/26/2020  13:12:13  PAGE 11


  -------         ENDDO         
  C:1EF6H         LINE#         185
  C:1EF6H         LINE#         186
  C:1EF6H         LINE#         188
  C:1F00H         LINE#         189
  C:1F00H         LINE#         190
  C:1F0BH         LINE#         191
  C:1F0BH         LINE#         192
  -------         ENDPROC       _DELAY_50US
  -------         PROC          _DELAY_MS
  D:0082H         SYMBOL        delay_nms
  C:1EA8H         LINE#         193
  C:1EACH         LINE#         194
  C:1EACH         LINE#         195
  C:1EB9H         LINE#         196
  C:1EB9H         LINE#         197
  C:1EC0H         LINE#         198
  C:1EC2H         LINE#         199
  -------         ENDPROC       _DELAY_MS
  -------         PROC          INIT_UART1
  C:1EDDH         LINE#         200
  C:1EDDH         LINE#         201
  C:1EDDH         LINE#         202
  C:1EE3H         LINE#         203
  C:1EE9H         LINE#         204
  C:1EECH         LINE#         206
  C:1EEFH         LINE#         207
  C:1EF2H         LINE#         208
  C:1EF5H         LINE#         209
  -------         ENDPROC       INIT_UART1
  -------         PROC          _PUTCHAR
  D:0007H         SYMBOL        c
  C:1F2DH         LINE#         210
  C:1F2DH         LINE#         211
  C:1F2DH         LINE#         212
  C:1F2FH         LINE#         213
  C:1F34H         LINE#         214
  C:1F37H         LINE#         215
  -------         ENDPROC       _PUTCHAR
  -------         PROC          INIT_TIMER0
  C:000EH         LINE#         217
  C:000EH         LINE#         218
  C:000EH         LINE#         220
  C:0013H         LINE#         221
  C:0015H         LINE#         223
  C:0018H         LINE#         224
  C:001BH         LINE#         225
  C:001EH         LINE#         226
  C:0021H         LINE#         227
  -------         ENDPROC       INIT_TIMER0
  -------         PROC          _BUZZER
  D:0007H         SYMBOL        type
  -------         DO            
  D:000AH         SYMBOL        inited
  D:000BH         SYMBOL        t0
  -------         DO            
  D:0008H         SYMBOL        rr
BL51 BANKED LINKER/LOCATER V6.22                                                      12/26/2020  13:12:13  PAGE 12


  D:0009H         SYMBOL        rr
  -------         ENDDO         
  -------         DO            
  D:0009H         SYMBOL        rr
  -------         ENDDO         
  -------         ENDDO         
  C:1A24H         LINE#         229
  C:1A24H         LINE#         230
  C:1A24H         LINE#         233
  C:1A28H         LINE#         234
  C:1A28H         LINE#         235
  C:1A2BH         LINE#         236
  C:1A31H         LINE#         237
  C:1A37H         LINE#         238
  C:1A3AH         LINE#         239
  C:1A3DH         LINE#         240
  C:1A3DH         LINE#         242
  C:1A40H         LINE#         243
  C:1A40H         LINE#         244
  C:1A43H         LINE#         245
  C:1A49H         LINE#         246
  C:1A4BH         LINE#         247
  C:1A4EH         LINE#         248
  C:1A4EH         LINE#         249
  C:1A51H         LINE#         250
  C:1A57H         LINE#         251
  C:1A59H         LINE#         252
  C:1A5CH         LINE#         253
  C:1A5CH         LINE#         254
  C:1A5FH         LINE#         255
  C:1A65H         LINE#         256
  C:1A67H         LINE#         257
  C:1A6AH         LINE#         258
  C:1A6AH         LINE#         259
  C:1A6DH         LINE#         260
  C:1A73H         LINE#         261
  C:1A75H         LINE#         262
  C:1A78H         LINE#         263
  C:1A78H         LINE#         264
  C:1A7BH         LINE#         265
  C:1A81H         LINE#         266
  C:1A81H         LINE#         267
  C:1A8EH         LINE#         268
  C:1A8EH         LINE#         269
  C:1A96H         LINE#         270
  C:1A9AH         LINE#         271
  C:1A9AH         LINE#         272
  C:1AA9H         LINE#         273
  C:1AA9H         LINE#         275
  C:1AADH         LINE#         276
  C:1AADH         LINE#         277
  C:1AB0H         LINE#         278
  C:1AB3H         LINE#         279
  C:1AB5H         LINE#         281
  C:1AB5H         LINE#         282
  C:1AB8H         LINE#         283
  C:1ABBH         LINE#         284
BL51 BANKED LINKER/LOCATER V6.22                                                      12/26/2020  13:12:13  PAGE 13


  C:1ABBH         LINE#         286
  C:1ABBH         LINE#         287
  C:1ABBH         LINE#         288
  C:1AC5H         LINE#         289
  C:1AC5H         LINE#         290
  C:1AD3H         LINE#         291
  C:1AD3H         LINE#         293
  C:1AD7H         LINE#         294
  C:1AD7H         LINE#         295
  C:1ADAH         LINE#         296
  C:1ADDH         LINE#         297
  C:1ADFH         LINE#         299
  C:1ADFH         LINE#         300
  C:1AE2H         LINE#         301
  C:1AE5H         LINE#         302
  C:1AE5H         LINE#         304
  C:1AE5H         LINE#         305
  C:1AE5H         LINE#         306
  C:1AEBH         LINE#         307
  C:1AEBH         LINE#         308
  C:1AEEH         LINE#         309
  C:1AEEH         LINE#         311
  C:1AEEH         LINE#         314
  -------         ENDPROC       _BUZZER
  -------         PROC          INIT_NTC_ADC
  C:1EC3H         LINE#         330
  C:1EC3H         LINE#         331
  C:1EC3H         LINE#         333
  C:1EC9H         LINE#         334
  C:1ECCH         LINE#         335
  C:1ED3H         LINE#         336
  C:1ED6H         LINE#         337
  C:1EDCH         LINE#         338
  -------         ENDPROC       INIT_NTC_ADC
  C:1F0DH         SYMBOL        L?0718
  -------         PROC          L?0717
  -------         ENDPROC       L?0717
  C:1F0DH         SYMBOL        L?0718
  -------         PROC          GET_NTC_ADC
  C:1F12H         LINE#         339
  C:1F12H         LINE#         340
  C:1F12H         LINE#         341
  C:1F15H         LINE#         342
  C:1F1AH         LINE#         343
  C:1F1DH         LINE#         344
  C:1F21H         LINE#         345
  -------         ENDPROC       GET_NTC_ADC
  -------         PROC          GET_TEMP
  -------         DO            
  D:0042H         SYMBOL        n
  D:0044H         SYMBOL        ntc_adc
  -------         ENDDO         
  C:1951H         LINE#         348
  C:1951H         LINE#         349
  C:1951H         LINE#         350
  C:1956H         LINE#         351
  C:195DH         LINE#         353
BL51 BANKED LINKER/LOCATER V6.22                                                      12/26/2020  13:12:13  PAGE 14


  C:1962H         LINE#         354
  C:1962H         LINE#         355
  C:1981H         LINE#         356
  C:1981H         LINE#         357
  C:1981H         LINE#         358
  C:1981H         LINE#         359
  C:198FH         LINE#         361
  C:19A5H         LINE#         362
  C:19A5H         LINE#         363
  C:19B9H         LINE#         364
  C:19B9H         LINE#         365
  C:19BBH         LINE#         366
  C:19C2H         LINE#         367
  C:19C2H         LINE#         368
  C:19C5H         LINE#         369
  C:19C5H         LINE#         370
  C:19C5H         LINE#         371
  C:19C5H         LINE#         373
  C:19C7H         LINE#         374
  C:19E1H         LINE#         375
  C:19E1H         LINE#         376
  C:19E1H         LINE#         377
  C:19EDH         LINE#         378
  C:19EDH         LINE#         379
  C:19F0H         LINE#         380
  C:19F0H         LINE#         381
  C:19F0H         LINE#         382
  C:19F2H         LINE#         383
  C:1A0CH         LINE#         384
  C:1A0CH         LINE#         385
  C:1A0CH         LINE#         386
  C:1A18H         LINE#         387
  C:1A18H         LINE#         389
  C:1A1DH         LINE#         390
  C:1A1DH         LINE#         391
  C:1A1DH         LINE#         392
  C:1A23H         LINE#         394
  -------         ENDPROC       GET_TEMP
  -------         PROC          CHECK_YA_LI_KAI_GUAN
  C:1E82H         LINE#         395
  C:1E82H         LINE#         396
  C:1E82H         LINE#         397
  C:1E9FH         LINE#         398
  C:1E9FH         LINE#         399
  C:1EA2H         LINE#         400
  C:1EA7H         LINE#         401
  C:1EA7H         LINE#         402
  -------         ENDPROC       CHECK_YA_LI_KAI_GUAN
  -------         PROC          INIT_DISPLAY
  C:1CACH         LINE#         404
  C:1CACH         LINE#         405
  C:1CACH         LINE#         407
  C:1CB2H         LINE#         408
  C:1CB6H         LINE#         409
  C:1CBAH         LINE#         411
  C:1CBEH         LINE#         412
  C:1CC2H         LINE#         413
BL51 BANKED LINKER/LOCATER V6.22                                                      12/26/2020  13:12:13  PAGE 15


  C:1CC6H         LINE#         414
  C:1CCAH         LINE#         417
  C:1CD0H         LINE#         418
  C:1CD4H         LINE#         419
  C:1CD8H         LINE#         420
  C:1CDCH         LINE#         421
  C:1CE0H         LINE#         422
  C:1CE4H         LINE#         423
  C:1CE8H         LINE#         424
  C:1CECH         LINE#         425
  C:1CF0H         LINE#         426
  C:1CF4H         LINE#         429
  C:1CFCH         LINE#         430
  C:1D02H         LINE#         432
  C:1D10H         LINE#         433
  C:1D16H         LINE#         435
  -------         ENDPROC       INIT_DISPLAY
  -------         PROC          DISPLAY
  -------         DO            
  D:000DH         SYMBOL        index
  -------         ENDDO         
  C:0A41H         LINE#         436
  C:0A41H         LINE#         437
  C:0A41H         LINE#         439
  C:0A44H         LINE#         441
  C:0A4CH         LINE#         442
  C:0A52H         LINE#         444
  C:0A60H         LINE#         445
  C:0A66H         LINE#         446
  C:0A72H         LINE#         447
  C:0A72H         LINE#         448
  C:0ADCH         LINE#         449
  C:0ADCH         LINE#         451
  C:0ADCH         LINE#         454
  C:0ADCH         LINE#         455
  C:0ADCH         LINE#         456
  C:0ADFH         LINE#         457
  C:0ADFH         LINE#         458
  C:0AE9H         LINE#         459
  C:0AEBH         LINE#         460
  C:0AEBH         LINE#         461
  C:0AF5H         LINE#         462
  C:0AF7H         LINE#         463
  C:0AF7H         LINE#         464
  C:0AFFH         LINE#         465
  C:0B01H         LINE#         466
  C:0B01H         LINE#         467
  C:0B09H         LINE#         468
  C:0B0BH         LINE#         469
  C:0B0BH         LINE#         470
  C:0B0DH         LINE#         471
  C:0B0FH         LINE#         472
  C:0B0FH         LINE#         473
  C:0B0FH         LINE#         474
  C:0B11H         LINE#         475
  C:0B11H         LINE#         476
  C:0B15H         LINE#         477
BL51 BANKED LINKER/LOCATER V6.22                                                      12/26/2020  13:12:13  PAGE 16


  C:0B17H         LINE#         478
  C:0B17H         LINE#         479
  C:0B21H         LINE#         480
  C:0B23H         LINE#         481
  C:0B23H         LINE#         482
  C:0B2DH         LINE#         483
  C:0B2FH         LINE#         484
  C:0B2FH         LINE#         485
  C:0B3DH         LINE#         486
  C:0B40H         LINE#         487
  C:0B40H         LINE#         488
  C:0B4AH         LINE#         489
  C:0B4CH         LINE#         490
  C:0B4CH         LINE#         491
  C:0B52H         LINE#         492
  C:0B54H         LINE#         493
  C:0B54H         LINE#         494
  C:0B62H         LINE#         495
  C:0B65H         LINE#         496
  C:0B65H         LINE#         497
  C:0B69H         LINE#         498
  C:0B6BH         LINE#         499
  C:0B6BH         LINE#         500
  C:0B6FH         LINE#         501
  C:0B71H         LINE#         502
  C:0B71H         LINE#         503
  C:0B77H         LINE#         504
  C:0B79H         LINE#         505
  C:0B79H         LINE#         506
  C:0B83H         LINE#         507
  C:0B85H         LINE#         508
  C:0B85H         LINE#         509
  C:0B8FH         LINE#         510
  C:0B91H         LINE#         511
  C:0B91H         LINE#         512
  C:0B9BH         LINE#         513
  C:0B9DH         LINE#         514
  C:0B9DH         LINE#         515
  C:0BA7H         LINE#         516
  C:0BA9H         LINE#         517
  C:0BA9H         LINE#         518
  C:0BB3H         LINE#         519
  C:0BB5H         LINE#         520
  C:0BB5H         LINE#         521
  C:0BBFH         LINE#         522
  C:0BC1H         LINE#         523
  C:0BC1H         LINE#         524
  C:0BCBH         LINE#         525
  C:0BCDH         LINE#         526
  C:0BCDH         LINE#         527
  C:0BD7H         LINE#         528
  C:0BD7H         LINE#         529
  C:0BDBH         LINE#         531
  C:0BDDH         LINE#         532
  C:0BDDH         LINE#         533
  C:0BEBH         LINE#         534
  C:0BEBH         LINE#         536
BL51 BANKED LINKER/LOCATER V6.22                                                      12/26/2020  13:12:13  PAGE 17


  C:0BEBH         LINE#         539
  C:0BEBH         LINE#         540
  C:0BEFH         LINE#         541
  C:0BEFH         LINE#         542
  C:0BF1H         LINE#         543
  C:0BF4H         LINE#         544
  C:0BF9H         LINE#         545
  C:0BF9H         LINE#         546
  C:0BFBH         LINE#         547
  C:0C03H         LINE#         548
  C:0C06H         LINE#         549
  C:0C0BH         LINE#         550
  C:0C0BH         LINE#         551
  C:0C0DH         LINE#         552
  C:0C10H         LINE#         553
  C:0C15H         LINE#         554
  C:0C15H         LINE#         555
  C:0C17H         LINE#         556
  C:0C1AH         LINE#         557
  C:0C20H         LINE#         558
  C:0C20H         LINE#         559
  C:0C49H         LINE#         560
  C:0C6EH         LINE#         562
  C:0C70H         LINE#         563
  C:0C73H         LINE#         564
  C:0C79H         LINE#         565
  C:0C79H         LINE#         566
  C:0C9FH         LINE#         567
  C:0CC1H         LINE#         569
  C:0CC3H         LINE#         570
  C:0CC5H         LINE#         571
  C:0CCBH         LINE#         572
  C:0CCBH         LINE#         573
  C:0CF3H         LINE#         574
  C:0D09H         LINE#         575
  C:0D0BH         LINE#         576
  C:0D0BH         LINE#         578
  C:0D0BH         LINE#         580
  C:0D0BH         LINE#         582
  C:0D0DH         LINE#         583
  C:0D12H         LINE#         584
  C:0D12H         LINE#         585
  C:0D15H         LINE#         586
  C:0D15H         LINE#         588
  -------         ENDPROC       DISPLAY
  -------         PROC          SHOW_SHU_MA_GUAN_SETING
  C:130BH         LINE#         590
  C:130BH         LINE#         591
  C:130BH         LINE#         592
  C:1312H         LINE#         593
  C:1312H         LINE#         594
  C:131BH         LINE#         595
  C:131BH         LINE#         596
  C:131FH         LINE#         597
  C:131FH         LINE#         598
  C:132FH         LINE#         599
  C:134AH         LINE#         600
BL51 BANKED LINKER/LOCATER V6.22                                                      12/26/2020  13:12:13  PAGE 18


  C:1365H         LINE#         601
  C:1373H         LINE#         602
  C:1379H         LINE#         603
  C:137BH         LINE#         605
  C:137BH         LINE#         606
  C:1381H         LINE#         607
  C:1385H         LINE#         608
  C:13A0H         LINE#         609
  C:13AEH         LINE#         610
  C:13B3H         LINE#         611
  C:13B3H         LINE#         613
  C:13C7H         LINE#         614
  C:13C7H         LINE#         615
  C:13D7H         LINE#         616
  C:13F2H         LINE#         617
  C:140DH         LINE#         618
  C:141BH         LINE#         619
  C:1421H         LINE#         620
  C:1421H         LINE#         622
  C:1422H         LINE#         623
  C:1422H         LINE#         625
  C:1428H         LINE#         626
  C:142AH         LINE#         627
  C:142EH         LINE#         628
  C:1430H         LINE#         629
  C:1430H         LINE#         630
  C:1431H         LINE#         632
  C:1431H         LINE#         633
  C:1437H         LINE#         634
  C:143FH         LINE#         635
  C:1449H         LINE#         636
  C:144DH         LINE#         637
  C:1452H         LINE#         639
  C:1452H         LINE#         642
  -------         ENDPROC       SHOW_SHU_MA_GUAN_SETING
  -------         PROC          SHOW_SHU_MA_GUAN_WORKING
  -------         DO            
  D:000EH         SYMBOL        t1
  -------         ENDDO         
  C:0D16H         LINE#         643
  C:0D16H         LINE#         644
  C:0D16H         LINE#         646
  C:0D1FH         LINE#         647
  C:0D1FH         LINE#         648
  C:0D31H         LINE#         649
  C:0D31H         LINE#         650
  C:0D41H         LINE#         651
  C:0D5CH         LINE#         652
  C:0D77H         LINE#         653
  C:0D85H         LINE#         654
  C:0D90H         LINE#         655
  C:0D90H         LINE#         656
  C:0DA0H         LINE#         657
  C:0DBBH         LINE#         658
  C:0DD6H         LINE#         659
  C:0DE4H         LINE#         661
  C:0DE4H         LINE#         663
BL51 BANKED LINKER/LOCATER V6.22                                                      12/26/2020  13:12:13  PAGE 19


  C:0DECH         LINE#         664
  C:0DECH         LINE#         665
  C:0DF1H         LINE#         666
  C:0DF3H         LINE#         667
  C:0DFBH         LINE#         668
  C:0DFBH         LINE#         669
  C:0DFFH         LINE#         670
  C:0E01H         LINE#         671
  C:0E0EH         LINE#         672
  C:0E0EH         LINE#         673
  C:0E13H         LINE#         674
  C:0E13H         LINE#         675
  C:0E1BH         LINE#         677
  C:0E2BH         LINE#         678
  C:0E2BH         LINE#         679
  C:0E30H         LINE#         680
  C:0E30H         LINE#         682
  C:0E31H         LINE#         684
  C:0E31H         LINE#         686
  C:0E4EH         LINE#         687
  C:0E5CH         LINE#         688
  C:0E65H         LINE#         689
  C:0E65H         LINE#         690
  C:0E69H         LINE#         691
  C:0E71H         LINE#         692
  C:0E71H         LINE#         693
  C:0E77H         LINE#         694
  C:0E7BH         LINE#         695
  C:0E7DH         LINE#         696
  C:0E85H         LINE#         697
  C:0E85H         LINE#         698
  C:0E8BH         LINE#         699
  C:0E8FH         LINE#         700
  C:0E91H         LINE#         701
  C:0E9BH         LINE#         702
  C:0E9BH         LINE#         703
  C:0EA1H         LINE#         704
  C:0EA5H         LINE#         705
  C:0EA7H         LINE#         706
  C:0EB1H         LINE#         707
  C:0EB1H         LINE#         708
  C:0EB7H         LINE#         709
  C:0EBBH         LINE#         710
  C:0EBDH         LINE#         711
  C:0EC7H         LINE#         712
  C:0EC7H         LINE#         713
  C:0ECDH         LINE#         714
  C:0ED1H         LINE#         715
  C:0ED3H         LINE#         716
  C:0EDDH         LINE#         717
  C:0EDDH         LINE#         718
  C:0EE3H         LINE#         719
  C:0EE7H         LINE#         720
  C:0EE9H         LINE#         721
  C:0EF6H         LINE#         722
  C:0EF6H         LINE#         723
  C:0EFBH         LINE#         724
BL51 BANKED LINKER/LOCATER V6.22                                                      12/26/2020  13:12:13  PAGE 20


  C:0EFBH         LINE#         726
  C:0F03H         LINE#         727
  C:0F04H         LINE#         729
  C:0F04H         LINE#         730
  C:0F0AH         LINE#         731
  C:0F0EH         LINE#         732
  C:0F16H         LINE#         733
  C:0F16H         LINE#         734
  C:0F1BH         LINE#         735
  C:0F1DH         LINE#         736
  C:0F25H         LINE#         737
  C:0F25H         LINE#         738
  C:0F29H         LINE#         739
  C:0F2BH         LINE#         740
  C:0F38H         LINE#         741
  C:0F38H         LINE#         742
  C:0F3DH         LINE#         743
  C:0F3DH         LINE#         744
  C:0F45H         LINE#         745
  C:0F45H         LINE#         746
  C:0F45H         LINE#         748
  C:0F46H         LINE#         749
  C:0F46H         LINE#         751
  C:0F4CH         LINE#         752
  C:0F4EH         LINE#         753
  C:0F52H         LINE#         754
  C:0F54H         LINE#         755
  C:0F59H         LINE#         756
  C:0F59H         LINE#         758
  -------         ENDPROC       SHOW_SHU_MA_GUAN_WORKING
  -------         PROC          SHOW_NONE
  C:1D17H         LINE#         760
  C:1D17H         LINE#         761
  C:1D17H         LINE#         762
  C:1D1CH         LINE#         763
  C:1D20H         LINE#         764
  C:1D24H         LINE#         765
  C:1D28H         LINE#         766
  C:1D2CH         LINE#         767
  C:1D30H         LINE#         768
  C:1D34H         LINE#         769
  C:1D38H         LINE#         770
  C:1D3CH         LINE#         771
  C:1D40H         LINE#         772
  C:1D44H         LINE#         773
  C:1D48H         LINE#         774
  C:1D4CH         LINE#         775
  C:1D50H         LINE#         776
  C:1D54H         LINE#         777
  C:1D58H         LINE#         778
  C:1D5CH         LINE#         779
  C:1D60H         LINE#         780
  C:1D64H         LINE#         781
  C:1D66H         LINE#         782
  C:1D68H         LINE#         783
  C:1D6CH         LINE#         784
  C:1D6CH         LINE#         785
BL51 BANKED LINKER/LOCATER V6.22                                                      12/26/2020  13:12:13  PAGE 21


  C:1D72H         LINE#         786
  C:1D74H         LINE#         787
  C:1D76H         LINE#         788
  C:1D78H         LINE#         790
  C:1D78H         LINE#         792
  C:1D7DH         LINE#         793
  C:1D81H         LINE#         795
  -------         ENDPROC       SHOW_NONE
  -------         PROC          SHOW_ALL
  C:1DECH         LINE#         796
  C:1DECH         LINE#         797
  C:1DECH         LINE#         798
  C:1DF2H         LINE#         799
  C:1DF6H         LINE#         800
  C:1DFAH         LINE#         801
  C:1DFEH         LINE#         802
  C:1E02H         LINE#         803
  C:1E06H         LINE#         804
  C:1E0AH         LINE#         805
  C:1E0EH         LINE#         806
  C:1E12H         LINE#         807
  C:1E16H         LINE#         808
  C:1E1AH         LINE#         809
  C:1E1EH         LINE#         810
  C:1E22H         LINE#         811
  C:1E26H         LINE#         812
  C:1E2AH         LINE#         813
  C:1E2EH         LINE#         814
  C:1E32H         LINE#         815
  C:1E36H         LINE#         816
  C:1E3AH         LINE#         817
  C:1E3CH         LINE#         818
  C:1E3EH         LINE#         820
  C:1E44H         LINE#         821
  C:1E46H         LINE#         822
  C:1E48H         LINE#         823
  C:1E4AH         LINE#         825
  C:1E50H         LINE#         826
  C:1E54H         LINE#         828
  -------         ENDPROC       SHOW_ALL
  -------         PROC          SHOW_STOP
  C:1D82H         LINE#         829
  C:1D82H         LINE#         830
  C:1D82H         LINE#         831
  C:1D85H         LINE#         832
  C:1D8AH         LINE#         833
  C:1D8CH         LINE#         834
  C:1D8EH         LINE#         835
  C:1D90H         LINE#         836
  C:1D94H         LINE#         837
  C:1D99H         LINE#         838
  C:1D99H         LINE#         839
  C:1D9FH         LINE#         840
  C:1D9FH         LINE#         841
  C:1DA3H         LINE#         842
  C:1DA3H         LINE#         843
  C:1DA9H         LINE#         844
BL51 BANKED LINKER/LOCATER V6.22                                                      12/26/2020  13:12:13  PAGE 22


  C:1DABH         LINE#         845
  C:1DAFH         LINE#         846
  C:1DB3H         LINE#         847
  C:1DB3H         LINE#         848
  C:1DC9H         LINE#         849
  C:1DC9H         LINE#         850
  C:1DCFH         LINE#         851
  C:1DD1H         LINE#         852
  C:1DD3H         LINE#         853
  C:1DD5H         LINE#         854
  C:1DD6H         LINE#         856
  C:1DD6H         LINE#         857
  C:1DEBH         LINE#         858
  C:1DEBH         LINE#         860
  -------         ENDPROC       SHOW_STOP
  -------         PROC          SHOW_CHANG_DUAN
  C:1E55H         LINE#         861
  C:1E55H         LINE#         862
  C:1E55H         LINE#         864
  C:1E59H         LINE#         865
  C:1E5EH         LINE#         866
  C:1E5FH         LINE#         867
  C:1E5FH         LINE#         868
  C:1E61H         LINE#         869
  C:1E66H         LINE#         870
  C:1E6CH         LINE#         871
  C:1E6EH         LINE#         872
  C:1E71H         LINE#         873
  C:1E72H         LINE#         874
  C:1E77H         LINE#         875
  C:1E7DH         LINE#         876
  C:1E7FH         LINE#         877
  C:1E81H         LINE#         878
  C:1E81H         LINE#         880
  -------         ENDPROC       SHOW_CHANG_DUAN
  -------         PROC          SHOW_LED
  C:179FH         LINE#         881
  C:179FH         LINE#         882
  C:179FH         LINE#         883
  C:17EEH         LINE#         884
  C:17EEH         LINE#         885
  C:17EEH         LINE#         886
  C:17F1H         LINE#         887
  C:17F3H         LINE#         888
  C:17F3H         LINE#         889
  C:17F6H         LINE#         890
  C:17F6H         LINE#         891
  C:17F8H         LINE#         892
  C:17F8H         LINE#         893
  C:17FBH         LINE#         894
  C:17FBH         LINE#         895
  C:17FDH         LINE#         896
  C:17FDH         LINE#         897
  C:1800H         LINE#         898
  C:1802H         LINE#         899
  C:1802H         LINE#         900
  C:1805H         LINE#         901
BL51 BANKED LINKER/LOCATER V6.22                                                      12/26/2020  13:12:13  PAGE 23


  C:1805H         LINE#         902
  C:1807H         LINE#         903
  C:1807H         LINE#         904
  C:180AH         LINE#         905
  C:180CH         LINE#         906
  C:180CH         LINE#         907
  C:180FH         LINE#         908
  C:180FH         LINE#         909
  C:1811H         LINE#         910
  C:1811H         LINE#         911
  C:1814H         LINE#         912
  C:1814H         LINE#         913
  C:1816H         LINE#         914
  C:1816H         LINE#         915
  C:181CH         LINE#         916
  C:181FH         LINE#         917
  C:1821H         LINE#         918
  C:1821H         LINE#         919
  C:1824H         LINE#         920
  C:1826H         LINE#         921
  C:1826H         LINE#         922
  C:1829H         LINE#         923
  C:182BH         LINE#         924
  C:182BH         LINE#         925
  C:182EH         LINE#         926
  C:1830H         LINE#         927
  C:1830H         LINE#         928
  C:1833H         LINE#         929
  C:1835H         LINE#         930
  C:1835H         LINE#         931
  C:1838H         LINE#         932
  C:183AH         LINE#         933
  C:183AH         LINE#         934
  C:183DH         LINE#         935
  C:183FH         LINE#         936
  C:183FH         LINE#         937
  C:1842H         LINE#         938
  C:1844H         LINE#         939
  C:1844H         LINE#         940
  C:1847H         LINE#         941
  C:1849H         LINE#         942
  C:1849H         LINE#         943
  C:184FH         LINE#         944
  C:184FH         LINE#         945
  C:184FH         LINE#         946
  C:184FH         LINE#         948
  C:184FH         LINE#         949
  C:185AH         LINE#         950
  C:185AH         LINE#         951
  C:1860H         LINE#         952
  C:1862H         LINE#         954
  C:1862H         LINE#         955
  C:1867H         LINE#         956
  C:1867H         LINE#         957
  C:186CH         LINE#         958
  C:186CH         LINE#         959
  C:1872H         LINE#         960
BL51 BANKED LINKER/LOCATER V6.22                                                      12/26/2020  13:12:13  PAGE 24


  C:1873H         LINE#         962
  C:1873H         LINE#         963
  C:1878H         LINE#         964
  C:1878H         LINE#         965
  -------         ENDPROC       SHOW_LED
  -------         PROC          SHOW_SETING
  C:1F38H         LINE#         966
  C:1F38H         LINE#         967
  C:1F38H         LINE#         968
  C:1F3BH         LINE#         969
  C:1F3EH         LINE#         970
  -------         ENDPROC       SHOW_SETING
  -------         PROC          KEY_SCAN
  C:169DH         LINE#         974
  C:169DH         LINE#         975
  C:169DH         LINE#         978
  C:16A3H         LINE#         979
  C:16A7H         LINE#         980
  C:16A9H         LINE#         981
  C:16ADH         LINE#         982
  C:16B1H         LINE#         983
  C:16B5H         LINE#         984
  C:16B7H         LINE#         985
  C:16BBH         LINE#         986
  C:16BFH         LINE#         987
  C:16C3H         LINE#         988
  C:16C7H         LINE#         991
  C:16CFH         LINE#         992
  C:16D5H         LINE#         994
  C:16DAH         LINE#         995
  C:16E0H         LINE#         996
  C:16E5H         LINE#         997
  C:16E7H         LINE#         998
  C:16EDH         LINE#         1000
  C:1733H         LINE#         1001
  C:1735H         LINE#         1002
  C:1735H         LINE#         1003
  C:1739H         LINE#         1004
  C:173FH         LINE#         1005
  C:1741H         LINE#         1006
  C:1748H         LINE#         1007
  C:1795H         LINE#         1008
  C:1795H         LINE#         1010
  C:179AH         LINE#         1011
  C:179EH         LINE#         1012
  -------         ENDPROC       KEY_SCAN
  -------         PROC          L?0715
  -------         ENDPROC       L?0715
  -------         PROC          KEY_PLUS
  C:0F63H         LINE#         1013
  C:0F63H         LINE#         1014
  C:0F63H         LINE#         1015
  C:0F73H         LINE#         1016
  C:0F73H         LINE#         1017
  C:0F7EH         LINE#         1018
  C:0F8CH         LINE#         1019
  C:0F8CH         LINE#         1020
BL51 BANKED LINKER/LOCATER V6.22                                                      12/26/2020  13:12:13  PAGE 25


  C:0F91H         LINE#         1021
  C:0F91H         LINE#         1022
  C:0F92H         LINE#         1024
  C:0F92H         LINE#         1025
  C:0F97H         LINE#         1026
  C:0F97H         LINE#         1027
  C:0F9FH         LINE#         1028
  C:0FABH         LINE#         1029
  C:0FABH         LINE#         1030
  C:0FB1H         LINE#         1031
  C:0FB1H         LINE#         1032
  C:0FB2H         LINE#         1033
  C:0FB7H         LINE#         1034
  C:0FB7H         LINE#         1035
  C:0FBFH         LINE#         1036
  C:0FCBH         LINE#         1037
  C:0FCBH         LINE#         1038
  C:0FCBH         LINE#         1039
  C:0FCBH         LINE#         1040
  C:0FCEH         LINE#         1041
  C:0FD3H         LINE#         1042
  C:0FD3H         LINE#         1043
  C:0FDBH         LINE#         1044
  C:0FE7H         LINE#         1045
  C:0FE7H         LINE#         1046
  C:0FE7H         LINE#         1047
  C:0FE7H         LINE#         1048
  C:0FEAH         LINE#         1049
  C:0FEFH         LINE#         1050
  C:0FEFH         LINE#         1051
  C:0FFAH         LINE#         1052
  C:1008H         LINE#         1053
  C:1008H         LINE#         1054
  C:1008H         LINE#         1055
  C:1008H         LINE#         1056
  C:100BH         LINE#         1057
  C:1010H         LINE#         1058
  C:1010H         LINE#         1059
  C:1018H         LINE#         1060
  C:1024H         LINE#         1061
  C:1024H         LINE#         1062
  C:1024H         LINE#         1063
  C:1024H         LINE#         1064
  C:1027H         LINE#         1065
  C:102CH         LINE#         1066
  C:102CH         LINE#         1067
  C:1034H         LINE#         1068
  C:1040H         LINE#         1069
  C:1040H         LINE#         1070
  C:1040H         LINE#         1071
  C:1040H         LINE#         1072
  C:1043H         LINE#         1073
  C:1048H         LINE#         1074
  C:1048H         LINE#         1075
  C:1050H         LINE#         1076
  C:105CH         LINE#         1077
  C:105CH         LINE#         1078
BL51 BANKED LINKER/LOCATER V6.22                                                      12/26/2020  13:12:13  PAGE 26


  C:105CH         LINE#         1079
  C:105CH         LINE#         1080
  C:105FH         LINE#         1081
  C:1064H         LINE#         1082
  C:1064H         LINE#         1083
  C:106CH         LINE#         1084
  C:1078H         LINE#         1085
  C:1078H         LINE#         1086
  C:1078H         LINE#         1087
  C:1078H         LINE#         1088
  C:107BH         LINE#         1089
  C:1080H         LINE#         1090
  C:1080H         LINE#         1091
  C:1088H         LINE#         1092
  C:1094H         LINE#         1093
  C:1094H         LINE#         1094
  C:1094H         LINE#         1095
  C:1094H         LINE#         1096
  C:1097H         LINE#         1097
  C:109CH         LINE#         1098
  C:109CH         LINE#         1099
  C:10A4H         LINE#         1100
  C:10B0H         LINE#         1101
  C:10B0H         LINE#         1102
  C:10B0H         LINE#         1103
  C:10B0H         LINE#         1104
  C:10B3H         LINE#         1105
  C:10B8H         LINE#         1106
  C:10B8H         LINE#         1107
  C:10C0H         LINE#         1108
  C:10CCH         LINE#         1109
  C:10CCH         LINE#         1110
  C:10CCH         LINE#         1111
  C:10CCH         LINE#         1112
  C:10CFH         LINE#         1113
  C:10D4H         LINE#         1114
  C:10D4H         LINE#         1115
  C:10DFH         LINE#         1116
  C:10EDH         LINE#         1117
  C:10EDH         LINE#         1118
  C:10F3H         LINE#         1119
  C:10F3H         LINE#         1120
  C:10F4H         LINE#         1121
  C:10F9H         LINE#         1122
  C:10F9H         LINE#         1123
  C:1104H         LINE#         1124
  C:110FH         LINE#         1125
  C:110FH         LINE#         1126
  C:1115H         LINE#         1127
  C:1115H         LINE#         1128
  C:1116H         LINE#         1129
  C:111BH         LINE#         1130
  C:111BH         LINE#         1131
  C:1123H         LINE#         1132
  C:112CH         LINE#         1133
  C:112CH         LINE#         1134
  C:112CH         LINE#         1135
BL51 BANKED LINKER/LOCATER V6.22                                                      12/26/2020  13:12:13  PAGE 27


  C:112CH         LINE#         1136
  C:112EH         LINE#         1137
  C:1133H         LINE#         1138
  C:1133H         LINE#         1139
  C:113BH         LINE#         1140
  C:1144H         LINE#         1141
  C:1144H         LINE#         1142
  C:1144H         LINE#         1143
  C:1144H         LINE#         1144
  C:1146H         LINE#         1145
  C:114BH         LINE#         1146
  C:114BH         LINE#         1147
  C:1153H         LINE#         1148
  C:115CH         LINE#         1149
  C:115CH         LINE#         1150
  C:115CH         LINE#         1151
  C:115CH         LINE#         1152
  C:115EH         LINE#         1153
  C:1163H         LINE#         1154
  C:1163H         LINE#         1155
  C:116BH         LINE#         1156
  C:1174H         LINE#         1157
  C:1174H         LINE#         1158
  C:117AH         LINE#         1159
  C:117AH         LINE#         1160
  C:117AH         LINE#         1161
  C:117AH         LINE#         1162
  -------         ENDPROC       KEY_PLUS
  -------         PROC          L?0716
  -------         ENDPROC       L?0716
  -------         PROC          KEY_JIAN
  C:0769H         LINE#         1163
  C:0769H         LINE#         1164
  C:0769H         LINE#         1165
  C:0779H         LINE#         1166
  C:0779H         LINE#         1168
  C:077FH         LINE#         1169
  C:077FH         LINE#         1170
  C:0785H         LINE#         1171
  C:0786H         LINE#         1173
  C:0786H         LINE#         1174
  C:0792H         LINE#         1175
  C:0792H         LINE#         1177
  C:0793H         LINE#         1179
  C:0793H         LINE#         1180
  C:0798H         LINE#         1181
  C:0798H         LINE#         1183
  C:07A6H         LINE#         1184
  C:07A6H         LINE#         1185
  C:07AEH         LINE#         1186
  C:07BBH         LINE#         1187
  C:07BBH         LINE#         1188
  C:07C1H         LINE#         1189
  C:07C1H         LINE#         1191
  C:07C1H         LINE#         1192
  C:07C2H         LINE#         1193
  C:07C7H         LINE#         1194
BL51 BANKED LINKER/LOCATER V6.22                                                      12/26/2020  13:12:13  PAGE 28


  C:07C7H         LINE#         1195
  C:07D5H         LINE#         1196
  C:07D5H         LINE#         1197
  C:07DDH         LINE#         1198
  C:07E6H         LINE#         1199
  C:07E6H         LINE#         1200
  C:07E6H         LINE#         1201
  C:07E6H         LINE#         1202
  C:07E6H         LINE#         1203
  C:07E9H         LINE#         1204
  C:07EEH         LINE#         1205
  C:07EEH         LINE#         1206
  C:07FCH         LINE#         1207
  C:07FCH         LINE#         1208
  C:0804H         LINE#         1209
  C:080DH         LINE#         1210
  C:080DH         LINE#         1211
  C:080DH         LINE#         1212
  C:080DH         LINE#         1213
  C:080DH         LINE#         1214
  C:0810H         LINE#         1215
  C:0815H         LINE#         1216
  C:0815H         LINE#         1217
  C:0823H         LINE#         1218
  C:0823H         LINE#         1219
  C:082FH         LINE#         1220
  C:083DH         LINE#         1221
  C:083DH         LINE#         1222
  C:0843H         LINE#         1223
  C:0843H         LINE#         1225
  C:0843H         LINE#         1226
  C:0844H         LINE#         1227
  C:0849H         LINE#         1228
  C:0849H         LINE#         1229
  C:0857H         LINE#         1230
  C:0857H         LINE#         1231
  C:085FH         LINE#         1232
  C:0868H         LINE#         1233
  C:0868H         LINE#         1234
  C:0868H         LINE#         1235
  C:0868H         LINE#         1236
  C:0868H         LINE#         1237
  C:086BH         LINE#         1238
  C:0870H         LINE#         1239
  C:0870H         LINE#         1240
  C:087EH         LINE#         1241
  C:087EH         LINE#         1242
  C:0886H         LINE#         1243
  C:088FH         LINE#         1244
  C:088FH         LINE#         1245
  C:088FH         LINE#         1246
  C:088FH         LINE#         1247
  C:088FH         LINE#         1248
  C:0892H         LINE#         1249
  C:0897H         LINE#         1250
  C:0897H         LINE#         1251
  C:08A5H         LINE#         1252
BL51 BANKED LINKER/LOCATER V6.22                                                      12/26/2020  13:12:13  PAGE 29


  C:08A5H         LINE#         1253
  C:08ADH         LINE#         1254
  C:08B6H         LINE#         1255
  C:08B6H         LINE#         1256
  C:08B6H         LINE#         1257
  C:08B6H         LINE#         1258
  C:08B6H         LINE#         1259
  C:08B9H         LINE#         1260
  C:08BEH         LINE#         1261
  C:08BEH         LINE#         1262
  C:08CCH         LINE#         1263
  C:08CCH         LINE#         1264
  C:08D4H         LINE#         1265
  C:08DDH         LINE#         1266
  C:08DDH         LINE#         1267
  C:08DDH         LINE#         1268
  C:08DDH         LINE#         1269
  C:08DDH         LINE#         1270
  C:08E0H         LINE#         1271
  C:08E5H         LINE#         1272
  C:08E5H         LINE#         1273
  C:08F3H         LINE#         1274
  C:08F3H         LINE#         1275
  C:08FBH         LINE#         1276
  C:0904H         LINE#         1277
  C:0904H         LINE#         1278
  C:0904H         LINE#         1279
  C:0904H         LINE#         1280
  C:0904H         LINE#         1281
  C:0907H         LINE#         1282
  C:090CH         LINE#         1283
  C:090CH         LINE#         1284
  C:091AH         LINE#         1285
  C:091AH         LINE#         1286
  C:0922H         LINE#         1287
  C:092BH         LINE#         1288
  C:092BH         LINE#         1289
  C:092BH         LINE#         1290
  C:092BH         LINE#         1291
  C:092BH         LINE#         1292
  C:092EH         LINE#         1293
  C:0933H         LINE#         1294
  C:0933H         LINE#         1295
  C:0941H         LINE#         1296
  C:0941H         LINE#         1297
  C:0949H         LINE#         1298
  C:0952H         LINE#         1299
  C:0952H         LINE#         1300
  C:0952H         LINE#         1301
  C:0952H         LINE#         1302
  C:0952H         LINE#         1303
  C:0955H         LINE#         1304
  C:095AH         LINE#         1305
  C:095AH         LINE#         1306
  C:0968H         LINE#         1307
  C:0968H         LINE#         1308
  C:0974H         LINE#         1309
BL51 BANKED LINKER/LOCATER V6.22                                                      12/26/2020  13:12:13  PAGE 30


  C:0982H         LINE#         1310
  C:0982H         LINE#         1311
  C:0988H         LINE#         1312
  C:0988H         LINE#         1314
  C:0988H         LINE#         1315
  C:0989H         LINE#         1316
  C:098EH         LINE#         1317
  C:098EH         LINE#         1318
  C:099CH         LINE#         1319
  C:099CH         LINE#         1320
  C:09A8H         LINE#         1321
  C:09B6H         LINE#         1322
  C:09B6H         LINE#         1323
  C:09BCH         LINE#         1324
  C:09BCH         LINE#         1326
  C:09BCH         LINE#         1327
  C:09BDH         LINE#         1328
  C:09C2H         LINE#         1329
  C:09C2H         LINE#         1330
  C:09CDH         LINE#         1331
  C:09CDH         LINE#         1332
  C:09D5H         LINE#         1333
  C:09DBH         LINE#         1334
  C:09DBH         LINE#         1335
  C:09DBH         LINE#         1336
  C:09DBH         LINE#         1337
  C:09DBH         LINE#         1338
  C:09DDH         LINE#         1339
  C:09E2H         LINE#         1340
  C:09E2H         LINE#         1341
  C:09EDH         LINE#         1342
  C:09EDH         LINE#         1343
  C:09F5H         LINE#         1344
  C:09FBH         LINE#         1345
  C:09FBH         LINE#         1346
  C:09FBH         LINE#         1347
  C:09FBH         LINE#         1348
  C:09FBH         LINE#         1349
  C:09FDH         LINE#         1350
  C:0A02H         LINE#         1351
  C:0A02H         LINE#         1352
  C:0A0DH         LINE#         1353
  C:0A0DH         LINE#         1354
  C:0A15H         LINE#         1355
  C:0A1BH         LINE#         1356
  C:0A1BH         LINE#         1357
  C:0A1BH         LINE#         1358
  C:0A1BH         LINE#         1359
  C:0A1BH         LINE#         1360
  C:0A1DH         LINE#         1361
  C:0A22H         LINE#         1362
  C:0A22H         LINE#         1363
  C:0A2DH         LINE#         1364
  C:0A2DH         LINE#         1365
  C:0A35H         LINE#         1366
  C:0A3BH         LINE#         1367
  C:0A3BH         LINE#         1368
BL51 BANKED LINKER/LOCATER V6.22                                                      12/26/2020  13:12:13  PAGE 31


  C:0A40H         LINE#         1369
  C:0A40H         LINE#         1370
  C:0A40H         LINE#         1371
  C:0A40H         LINE#         1372
  C:0A40H         LINE#         1373
  -------         ENDPROC       KEY_JIAN
  -------         PROC          XIAO_PENG_REN_SHI_JIAN
  C:1453H         LINE#         1374
  C:1453H         LINE#         1375
  C:1453H         LINE#         1376
  C:1459H         LINE#         1377
  C:1459H         LINE#         1378
  C:145EH         LINE#         1379
  C:1462H         LINE#         1380
  C:1462H         LINE#         1381
  C:1467H         LINE#         1382
  C:1467H         LINE#         1383
  C:1467H         LINE#         1384
  C:146AH         LINE#         1385
  C:146FH         LINE#         1386
  C:146FH         LINE#         1387
  C:1475H         LINE#         1388
  C:1475H         LINE#         1389
  C:1475H         LINE#         1390
  C:1478H         LINE#         1391
  C:1481H         LINE#         1392
  C:1481H         LINE#         1393
  C:1486H         LINE#         1394
  C:1486H         LINE#         1395
  C:1486H         LINE#         1396
  C:1486H         LINE#         1397
  C:1489H         LINE#         1398
  C:148FH         LINE#         1399
  C:148FH         LINE#         1400
  C:1494H         LINE#         1401
  C:1498H         LINE#         1402
  C:1498H         LINE#         1403
  C:149DH         LINE#         1404
  C:149DH         LINE#         1405
  C:149DH         LINE#         1406
  C:14A0H         LINE#         1407
  C:14A5H         LINE#         1408
  C:14A5H         LINE#         1409
  C:14ABH         LINE#         1410
  C:14ABH         LINE#         1411
  C:14ABH         LINE#         1412
  C:14AEH         LINE#         1413
  C:14B7H         LINE#         1414
  C:14B7H         LINE#         1415
  C:14BCH         LINE#         1416
  C:14BCH         LINE#         1417
  C:14BCH         LINE#         1418
  C:14BCH         LINE#         1419
  C:14BFH         LINE#         1420
  C:14C5H         LINE#         1421
  C:14C5H         LINE#         1422
  C:14CAH         LINE#         1423
BL51 BANKED LINKER/LOCATER V6.22                                                      12/26/2020  13:12:13  PAGE 32


  C:14CEH         LINE#         1424
  C:14CEH         LINE#         1425
  C:14D3H         LINE#         1426
  C:14D3H         LINE#         1427
  C:14D3H         LINE#         1428
  C:14D6H         LINE#         1429
  C:14DBH         LINE#         1430
  C:14DBH         LINE#         1431
  C:14E1H         LINE#         1432
  C:14E1H         LINE#         1433
  C:14E1H         LINE#         1434
  C:14E4H         LINE#         1435
  C:14EDH         LINE#         1436
  C:14EDH         LINE#         1437
  C:14F2H         LINE#         1438
  C:14F2H         LINE#         1439
  C:14F2H         LINE#         1440
  C:14F2H         LINE#         1441
  C:14F5H         LINE#         1442
  C:14FBH         LINE#         1443
  C:14FBH         LINE#         1444
  C:1500H         LINE#         1445
  C:1504H         LINE#         1446
  C:1504H         LINE#         1447
  C:1509H         LINE#         1448
  C:1509H         LINE#         1449
  C:1509H         LINE#         1450
  C:150BH         LINE#         1451
  C:1510H         LINE#         1452
  C:1510H         LINE#         1453
  C:1516H         LINE#         1454
  C:1516H         LINE#         1455
  C:1516H         LINE#         1456
  C:1518H         LINE#         1457
  C:151EH         LINE#         1458
  C:151EH         LINE#         1459
  C:1523H         LINE#         1460
  C:1523H         LINE#         1461
  C:1523H         LINE#         1462
  C:1523H         LINE#         1463
  C:1525H         LINE#         1464
  C:152BH         LINE#         1465
  C:152BH         LINE#         1466
  C:1530H         LINE#         1467
  C:1534H         LINE#         1468
  C:1534H         LINE#         1469
  C:1539H         LINE#         1470
  C:1539H         LINE#         1471
  C:1539H         LINE#         1472
  C:153BH         LINE#         1473
  C:1540H         LINE#         1474
  C:1540H         LINE#         1475
  C:1546H         LINE#         1476
  C:1546H         LINE#         1477
  C:1546H         LINE#         1478
  C:1548H         LINE#         1479
  C:154EH         LINE#         1480
BL51 BANKED LINKER/LOCATER V6.22                                                      12/26/2020  13:12:13  PAGE 33


  C:154EH         LINE#         1481
  C:1553H         LINE#         1482
  C:1553H         LINE#         1483
  C:1553H         LINE#         1484
  C:1553H         LINE#         1485
  C:1555H         LINE#         1486
  C:155BH         LINE#         1487
  C:155BH         LINE#         1488
  C:1560H         LINE#         1489
  C:1564H         LINE#         1490
  C:1564H         LINE#         1491
  C:1569H         LINE#         1492
  C:156CH         LINE#         1493
  C:156FH         LINE#         1494
  C:1570H         LINE#         1495
  C:1575H         LINE#         1496
  C:1575H         LINE#         1497
  C:157BH         LINE#         1498
  C:157EH         LINE#         1499
  C:1581H         LINE#         1500
  C:1582H         LINE#         1501
  C:1587H         LINE#         1502
  C:1587H         LINE#         1503
  C:158DH         LINE#         1504
  C:1590H         LINE#         1505
  C:1593H         LINE#         1506
  C:1593H         LINE#         1507
  C:1593H         LINE#         1508
  -------         ENDPROC       XIAO_PENG_REN_SHI_JIAN
  -------         PROC          KEY_OPERATE
  -------         DO            
  D:0014H         SYMBOL        key_on
  D:0015H         SYMBOL        long_press_counter
  D:0017H         SYMBOL        one_times
  -------         DO            
  D:0010H         SYMBOL        t_hot
  -------         ENDDO         
  -------         ENDDO         
  C:0026H         LINE#         1509
  C:0026H         LINE#         1510
  C:0026H         LINE#         1513
  C:0030H         LINE#         1514
  C:0030H         LINE#         1515
  C:0039H         LINE#         1516
  C:0039H         LINE#         1517
  C:0046H         LINE#         1518
  C:0046H         LINE#         1519
  C:004EH         LINE#         1520
  C:0051H         LINE#         1522
  C:0051H         LINE#         1524
  C:0066H         LINE#         1525
  C:0066H         LINE#         1526
  C:0073H         LINE#         1527
  C:0073H         LINE#         1528
  C:0076H         LINE#         1529
  C:007CH         LINE#         1530
  C:007CH         LINE#         1531
BL51 BANKED LINKER/LOCATER V6.22                                                      12/26/2020  13:12:13  PAGE 34


  C:0085H         LINE#         1532
  C:0085H         LINE#         1533
  C:0087H         LINE#         1534
  C:0097H         LINE#         1535
  C:0097H         LINE#         1536
  C:009AH         LINE#         1537
  C:00A0H         LINE#         1538
  C:00A0H         LINE#         1539
  C:00A9H         LINE#         1540
  C:00A9H         LINE#         1541
  C:00ABH         LINE#         1542
  C:00BBH         LINE#         1543
  C:00BBH         LINE#         1544
  C:00C0H         LINE#         1545
  C:00C0H         LINE#         1546
  C:00C2H         LINE#         1547
  C:00C2H         LINE#         1548
  C:00C9H         LINE#         1549
  C:00C9H         LINE#         1550
  C:00CCH         LINE#         1551
  C:00CCH         LINE#         1552
[...]
  C:01E6H         LINE#         1659
  C:01E6H         LINE#         1660
  C:01E6H         LINE#         1661
  C:01E6H         LINE#         1662
  C:01E8H         LINE#         1663
  C:01EDH         LINE#         1664
  C:01EDH         LINE#         1665
  C:01F2H         LINE#         1666
  C:01F5H         LINE#         1667
  C:0209H         LINE#         1668
  C:020EH         LINE#         1669
  C:0210H         LINE#         1670
  C:0210H         LINE#         1671
  C:0210H         LINE#         1672
  C:0210H         LINE#         1673
  C:0213H         LINE#         1674
  C:021CH         LINE#         1675
  C:021CH         LINE#         1676
  C:0221H         LINE#         1677
  C:0224H         LINE#         1678
  C:0238H         LINE#         1679
  C:023DH         LINE#         1680
  C:023FH         LINE#         1681
  C:0241H         LINE#         1682
  C:0244H         LINE#         1683
  C:0244H         LINE#         1684
  C:0244H         LINE#         1685
  C:0244H         LINE#         1686
  C:0246H         LINE#         1687
  C:024BH         LINE#         1688
  C:024BH         LINE#         1689
  C:0250H         LINE#         1690
  C:0253H         LINE#         1691
  C:0267H         LINE#         1692
  C:026CH         LINE#         1693
  C:026EH         LINE#         1694
  C:0270H         LINE#         1695
  C:0273H         LINE#         1696
  C:0273H         LINE#         1697
  C:0273H         LINE#         1698
  C:0273H         LINE#         1699
  C:0275H         LINE#         1700
  C:027EH         LINE#         1701
  C:027EH         LINE#         1702
  C:0283H         LINE#         1703
  C:0286H         LINE#         1704
  C:029AH         LINE#         1705
  C:029FH         LINE#         1706
  C:02A1H         LINE#         1707
  C:02A3H         LINE#         1708
  C:02A6H         LINE#         1709
  C:02A9H         LINE#         1710
  C:02ACH         LINE#         1711
BL51 BANKED LINKER/LOCATER V6.22                                                      12/26/2020  13:12:13  PAGE 37


  C:02AEH         LINE#         1712
  C:02B1H         LINE#         1713
  C:02B6H         LINE#         1714
  C:02B6H         LINE#         1715
  C:02BBH         LINE#         1716
  C:02BEH         LINE#         1717
  C:02D2H         LINE#         1718
  C:02D7H         LINE#         1719
  C:02D9H         LINE#         1720
  C:02DCH         LINE#         1721
  C:02DEH         LINE#         1722
  C:02E0H         LINE#         1723
  C:02E3H         LINE#         1724
  C:02ECH         LINE#         1725
  C:02ECH         LINE#         1726
  C:02F1H         LINE#         1727
  C:02F4H         LINE#         1728
  C:0308H         LINE#         1729
  C:030DH         LINE#         1730
  C:030FH         LINE#         1731
  C:0312H         LINE#         1732
  C:0314H         LINE#         1733
  C:0317H         LINE#         1734
  C:031AH         LINE#         1735
  C:031FH         LINE#         1736
  C:031FH         LINE#         1737
  C:0324H         LINE#         1739
  C:0328H         LINE#         1740
  C:0328H         LINE#         1741
  C:032BH         LINE#         1742
  C:032EH         LINE#         1743
  C:032EH         LINE#         1744
  C:032EH         LINE#         1745
  C:0330H         LINE#         1746
  C:0335H         LINE#         1747
  C:0335H         LINE#         1748
  C:0338H         LINE#         1749
  C:033BH         LINE#         1750
  C:033EH         LINE#         1751
  C:0340H         LINE#         1752
  C:0342H         LINE#         1753
  C:0347H         LINE#         1754
  C:0347H         LINE#         1755
  C:034AH         LINE#         1756
  C:034DH         LINE#         1757
  C:0350H         LINE#         1758
  C:0353H         LINE#         1759
  C:0353H         LINE#         1761
  C:0355H         LINE#         1762
  C:035AH         LINE#         1763
  C:035AH         LINE#         1764
  C:035DH         LINE#         1765
  C:035DH         LINE#         1766
  C:035DH         LINE#         1767
  C:035DH         LINE#         1768
  C:035DH         LINE#         1770
  C:035FH         LINE#         1771
BL51 BANKED LINKER/LOCATER V6.22                                                      12/26/2020  13:12:13  PAGE 38


  C:0368H         LINE#         1772
  C:0368H         LINE#         1773
  C:036DH         LINE#         1774
  C:0371H         LINE#         1775
  C:0371H         LINE#         1776
  C:0374H         LINE#         1777
  C:0377H         LINE#         1778
  C:037AH         LINE#         1779
  C:037CH         LINE#         1780
  C:037EH         LINE#         1781
  C:0383H         LINE#         1782
  C:0383H         LINE#         1783
  C:0386H         LINE#         1784
  C:0386H         LINE#         1785
  C:0386H         LINE#         1786
  C:0386H         LINE#         1787
  C:0388H         LINE#         1788
  C:038DH         LINE#         1789
  C:038DH         LINE#         1790
  C:0390H         LINE#         1791
  C:0393H         LINE#         1792
  C:0396H         LINE#         1793
  C:0399H         LINE#         1794
  C:0399H         LINE#         1796
  C:039BH         LINE#         1797
  C:03A0H         LINE#         1798
  C:03A0H         LINE#         1799
  C:03A3H         LINE#         1800
  C:03A3H         LINE#         1801
  C:03B7H         LINE#         1802
  C:03B7H         LINE#         1803
  C:03B7H         LINE#         1804
  C:03BAH         LINE#         1805
  C:03C3H         LINE#         1806
  C:03C3H         LINE#         1807
  C:03C8H         LINE#         1808
  C:03CBH         LINE#         1809
  C:03DFH         LINE#         1810
  C:03E4H         LINE#         1811
  C:03E6H         LINE#         1812
  C:03E9H         LINE#         1813
  C:03EBH         LINE#         1814
  C:03EDH         LINE#         1815
  C:03F3H         LINE#         1816
  C:03F9H         LINE#         1817
  C:03FCH         LINE#         1818
  C:0407H         LINE#         1819
  C:0407H         LINE#         1820
  C:040CH         LINE#         1821
  C:040FH         LINE#         1822
  C:0412H         LINE#         1823
  C:041AH         LINE#         1824
  C:041AH         LINE#         1825
  C:041FH         LINE#         1826
  C:0422H         LINE#         1827
  C:0424H         LINE#         1828
  C:0429H         LINE#         1829
BL51 BANKED LINKER/LOCATER V6.22                                                      12/26/2020  13:12:13  PAGE 39


  C:0429H         LINE#         1830
  C:042EH         LINE#         1831
  C:0452H         LINE#         1837
  C:0452H         LINE#         1838
  C:0457H         LINE#         1839
  C:045AH         LINE#         1840
  C:045CH         LINE#         1842
  C:045CH         LINE#         1843
  C:0461H         LINE#         1844
  C:0463H         LINE#         1845
  C:0463H         LINE#         1847
  C:0465H         LINE#         1848
  C:0470H         LINE#         1849
  C:0470H         LINE#         1850
  C:0475H         LINE#         1851
  C:0478H         LINE#         1852
  C:047BH         LINE#         1853
  C:047DH         LINE#         1854
  C:0489H         LINE#         1855
  C:0489H         LINE#         1856
  C:048EH         LINE#         1857
  C:0491H         LINE#         1858
  C:0494H         LINE#         1859
  C:0496H         LINE#         1860
  C:049AH         LINE#         1861
  C:049AH         LINE#         1862
  C:049DH         LINE#         1863
  C:04A0H         LINE#         1864
  C:04A0H         LINE#         1865
  C:04A6H         LINE#         1866
  C:04A6H         LINE#         1867
  C:04A9H         LINE#         1868
  C:04A9H         LINE#         1870
  C:04ABH         LINE#         1872
  C:04ABH         LINE#         1873
  C:04B2H         LINE#         1874
  C:04B2H         LINE#         1875
  C:04B7H         LINE#         1876
  C:04BAH         LINE#         1877
  C:04BAH         LINE#         1878
  C:04C1H         LINE#         1879
  C:04C1H         LINE#         1880
  C:04C6H         LINE#         1881
  C:04C9H         LINE#         1882
  C:04C9H         LINE#         1883
  C:04D5H         LINE#         1884
  C:04D5H         LINE#         1885
  C:04DAH         LINE#         1886
  C:04DFH         LINE#         1887
  C:04DFH         LINE#         1888
  C:04DFH         LINE#         1890
  C:04DFH         LINE#         1891
  C:04E6H         LINE#         1892
  C:04E6H         LINE#         1893
  C:04EBH         LINE#         1894
  C:04EEH         LINE#         1895
  C:04EEH         LINE#         1897
BL51 BANKED LINKER/LOCATER V6.22                                                      12/26/2020  13:12:13  PAGE 40


  C:04EEH         LINE#         1900
  C:04F0H         LINE#         1902
  C:04F0H         LINE#         1903
  C:04F3H         LINE#         1904
  C:04F3H         LINE#         1907
  C:0501H         LINE#         1908
  C:0501H         LINE#         1910
  C:050FH         LINE#         1911
  C:050FH         LINE#         1912
  C:0517H         LINE#         1913
  C:051DH         LINE#         1914
  C:051DH         LINE#         1915
  C:051DH         LINE#         1916
  C:051FH         LINE#         1917
  C:0527H         LINE#         1918
  C:0527H         LINE#         1919
  C:0527H         LINE#         1920
  C:0527H         LINE#         1921
  C:0529H         LINE#         1922
  C:0533H         LINE#         1923
  C:0533H         LINE#         1924
  C:0533H         LINE#         1925
  C:0535H         LINE#         1926
  C:053FH         LINE#         1927
  C:053FH         LINE#         1928
  C:053FH         LINE#         1929
  C:053FH         LINE#         1930
  C:0541H         LINE#         1931
  C:054BH         LINE#         1932
  C:054BH         LINE#         1933
  C:054BH         LINE#         1934
  C:054DH         LINE#         1935
  C:0557H         LINE#         1936
  C:0557H         LINE#         1937
  C:0557H         LINE#         1938
  C:0557H         LINE#         1939
  C:0559H         LINE#         1940
  C:0563H         LINE#         1941
  C:0563H         LINE#         1942
  C:0566H         LINE#         1943
  C:0568H         LINE#         1944
  C:0572H         LINE#         1945
  C:0572H         LINE#         1946
  C:0572H         LINE#         1947
  C:0572H         LINE#         1948
  C:0574H         LINE#         1949
  C:057EH         LINE#         1950
  C:057EH         LINE#         1951
  C:0581H         LINE#         1952
  C:058BH         LINE#         1953
  C:058BH         LINE#         1954
  C:0590H         LINE#         1955
  C:0596H         LINE#         1956
  C:0596H         LINE#         1957
  C:0598H         LINE#         1958
  C:05A2H         LINE#         1959
  C:05A2H         LINE#         1960
BL51 BANKED LINKER/LOCATER V6.22                                                      12/26/2020  13:12:13  PAGE 41


  C:05A5H         LINE#         1961
  C:05AAH         LINE#         1962
  C:05ACH         LINE#         1963
  C:05B6H         LINE#         1964
  C:05B6H         LINE#         1965
  C:05B9H         LINE#         1966
  C:05BEH         LINE#         1967
  C:05BEH         LINE#         1969
  C:05C4H         LINE#         1970
  C:05C5H         LINE#         1972
  C:05C5H         LINE#         1973
  C:05C8H         LINE#         1974
  C:05CBH         LINE#         1975
  C:05D6H         LINE#         1976
  C:05D6H         LINE#         1977
  C:05DEH         LINE#         1978
  C:05E4H         LINE#         1979
  C:05ECH         LINE#         1980
  C:05F6H         LINE#         1981
  C:05FAH         LINE#         1982
  C:05FFH         LINE#         1983
  C:0601H         LINE#         1985
  C:0601H         LINE#         1986
  C:0604H         LINE#         1987
  C:0607H         LINE#         1988
  C:060AH         LINE#         1990
  C:060AH         LINE#         1993
  C:0615H         LINE#         1994
  C:0615H         LINE#         1995
  C:0617H         LINE#         1996
  C:061AH         LINE#         1997
  C:061BH         LINE#         1999
  C:061BH         LINE#         2000
  C:0629H         LINE#         2001
  C:0629H         LINE#         2003
  C:0638H         LINE#         2004
  C:0638H         LINE#         2005
  C:0648H         LINE#         2006
  C:0648H         LINE#         2007
  C:064AH         LINE#         2008
  C:064DH         LINE#         2009
  C:0662H         LINE#         2010
  C:0662H         LINE#         2011
  C:0664H         LINE#         2013
  C:0664H         LINE#         2014
  C:0666H         LINE#         2015
  C:0669H         LINE#         2016
  C:066CH         LINE#         2017
  C:066CH         LINE#         2019
  C:067EH         LINE#         2020
  C:067EH         LINE#         2022
  C:0687H         LINE#         2023
  C:0687H         LINE#         2024
  C:069CH         LINE#         2025
  C:06A3H         LINE#         2026
  C:06A3H         LINE#         2028
  C:06BBH         LINE#         2029
BL51 BANKED LINKER/LOCATER V6.22                                                      12/26/2020  13:12:13  PAGE 42


  C:06BBH         LINE#         2031
  C:06BBH         LINE#         2032
  C:06D0H         LINE#         2033
  C:06D0H         LINE#         2034
  C:06D2H         LINE#         2035
  C:06D3H         LINE#         2042
  C:06D3H         LINE#         2043
  C:06E8H         LINE#         2044
  C:06E8H         LINE#         2046
  C:06E8H         LINE#         2047
  C:06FDH         LINE#         2048
  C:06FDH         LINE#         2049
  C:06FFH         LINE#         2050
  C:0700H         LINE#         2052
  C:0700H         LINE#         2053
  C:0709H         LINE#         2054
  C:0709H         LINE#         2055
  C:0709H         LINE#         2057
  C:0709H         LINE#         2058
  C:0709H         LINE#         2060
  C:070AH         LINE#         2062
  C:070AH         LINE#         2063
  C:0710H         LINE#         2064
  C:0710H         LINE#         2065
  C:0713H         LINE#         2066
  C:0727H         LINE#         2067
  C:072CH         LINE#         2068
  C:072FH         LINE#         2069
  C:0732H         LINE#         2070
  C:0737H         LINE#         2071
  C:0737H         LINE#         2073
  C:0737H         LINE#         2074
  C:073AH         LINE#         2075
  C:073AH         LINE#         2077
  C:073AH         LINE#         2078
  C:073AH         LINE#         2080
  C:073AH         LINE#         2082
  C:073BH         LINE#         2084
  C:073BH         LINE#         2085
  C:073EH         LINE#         2086
  C:0743H         LINE#         2087
  C:0745H         LINE#         2088
  C:0747H         LINE#         2089
  C:074BH         LINE#         2090
  C:074FH         LINE#         2091
  C:0753H         LINE#         2092
  C:0755H         LINE#         2093
  C:0757H         LINE#         2094
  C:0759H         LINE#         2095
  C:075BH         LINE#         2096
  C:075DH         LINE#         2097
  C:075FH         LINE#         2098
  C:075FH         LINE#         2099
  -------         ENDPROC       KEY_OPERATE
  -------         PROC          MAIN
  -------         DO            
  D:0040H         SYMBOL        tt
BL51 BANKED LINKER/LOCATER V6.22                                                      12/26/2020  13:12:13  PAGE 43


  -------         ENDDO         
  C:1C23H         LINE#         2100
  C:1C23H         LINE#         2101
  C:1C23H         LINE#         2102
  C:1C28H         LINE#         2104
  C:1C2BH         LINE#         2105
  C:1C30H         LINE#         2108
  C:1C33H         LINE#         2109
  C:1C36H         LINE#         2110
  C:1C39H         LINE#         2111
  C:1C3BH         LINE#         2112
  C:1C41H         LINE#         2113
  C:1C47H         LINE#         2115
  C:1C4AH         LINE#         2116
  C:1C4FH         LINE#         2117
  C:1C64H         LINE#         2118
  C:1C64H         LINE#         2119
  C:1C6BH         LINE#         2120
  C:1C70H         LINE#         2121
  C:1C73H         LINE#         2122
  C:1C75H         LINE#         2124
  C:1C75H         LINE#         2125
  C:1C75H         LINE#         2126
  C:1C7CH         LINE#         2127
  C:1C7FH         LINE#         2128
  C:1C82H         LINE#         2129
  C:1C85H         LINE#         2130
  C:1C8AH         LINE#         2131
  C:1C8DH         LINE#         2132
  C:1C9AH         LINE#         2133
  C:1C9AH         LINE#         2134
  C:1C9DH         LINE#         2135
  C:1CA2H         LINE#         2136
  C:1CA2H         LINE#         2137
  C:1CAAH         LINE#         2139
  -------         ENDPROC       MAIN
  -------         PROC          TIMER0_RPT
  -------         DO            
  D:0019H         SYMBOL        i
  -------         ENDDO         
  C:1AEFH         LINE#         2147
  C:1B0CH         LINE#         2150
  C:1B12H         LINE#         2151
  C:1B12H         LINE#         2152
  C:1B2DH         LINE#         2153
  C:1B2DH         LINE#         2154
  C:1B33H         LINE#         2155
  C:1B3DH         LINE#         2156
  C:1B3DH         LINE#         2157
  C:1B45H         LINE#         2158
  C:1B47H         LINE#         2160
  C:1B47H         LINE#         2161
  C:1B52H         LINE#         2162
  C:1B52H         LINE#         2163
  C:1B5DH         LINE#         2164
  C:1B5DH         LINE#         2165
  C:1B62H         LINE#         2166
BL51 BANKED LINKER/LOCATER V6.22                                                      12/26/2020  13:12:13  PAGE 44


  C:1B62H         LINE#         2167
  C:1B6AH         LINE#         2168
  C:1B6AH         LINE#         2169
  C:1B6CH         LINE#         2171
  C:1B6CH         LINE#         2172
  C:1B74H         LINE#         2173
  C:1B74H         LINE#         2175
  C:1B74H         LINE#         2176
  C:1B74H         LINE#         2177
  C:1B74H         LINE#         2178
  C:1B76H         LINE#         2180
  C:1B76H         LINE#         2181
  C:1B7CH         LINE#         2182
  C:1B7CH         LINE#         2183
  -------         ENDPROC       TIMER0_RPT
  -------         PROC          UART1_RPT
  C:0003H         LINE#         2190
  C:0003H         LINE#         2192
  C:0003H         LINE#         2193
  C:0003H         LINE#         2194
  C:0003H         LINE#         2195
  -------         ENDPROC       UART1_RPT
  -------         ENDMOD        MAIN

  -------         MODULE        ?C?UIDIV
  C:1879H         PUBLIC        ?C?UIDIV
  -------         ENDMOD        ?C?UIDIV

  -------         MODULE        ?C?SIDIV
  C:18CEH         PUBLIC        ?C?SIDIV
  -------         ENDMOD        ?C?SIDIV

  -------         MODULE        ?C?SLCMP
  C:1904H         PUBLIC        ?C?SLCMP
  -------         ENDMOD        ?C?SLCMP

  -------         MODULE        ?C?ULCMP
  C:191AH         PUBLIC        ?C?ULCMP
  -------         ENDMOD        ?C?ULCMP

  -------         MODULE        ?C?CCASE
  C:192BH         PUBLIC        ?C?CCASE
  -------         ENDMOD        ?C?CCASE

*** WARNING L16: UNCALLED SEGMENT, IGNORED FOR OVERLAY PROCESS
    SEGMENT: ?PR?INIT_UART1?MAIN

*** WARNING L16: UNCALLED SEGMENT, IGNORED FOR OVERLAY PROCESS
    SEGMENT: ?PR?_PUTCHAR?MAIN

Program Size: data=71.0 xdata=180 code=7993
LINK/LOCATE RUN COMPLETE.  2 WARNING(S),  0 ERROR(S)
